m	n	g	us	path	stddev_pct
1	24576	1	24.20	prefill	0.16
1	24576	2	23.50	decode	0.14
1	24576	4	21.50	decode	0.11
1	24576	8	21.00	decode	0.15
1	24576	16	20.40	decode	0.00
1	24576	32	20.40	decode	0.11
1	24576	64	20.40	decode	0.11
2	24576	1	24.90	prefill	0.07
2	24576	2	23.50	decode	0.10
2	24576	4	21.90	decode	0.13
2	24576	8	21.40	decode	0.35
2	24576	16	20.80	decode	0.18
2	24576	32	20.70	decode	0.08
2	24576	64	20.80	decode	0.14
4	24576	1	25.10	prefill	0.23
4	24576	2	24.20	decode	0.14
4	24576	4	22.40	decode	0.24
4	24576	8	21.60	decode	0.27
4	24576	16	21.00	decode	0.25
4	24576	32	21.00	decode	0.34
4	24576	64	21.00	decode	0.45
8	24576	1	25.60	prefill	0.28
8	24576	2	25.50	decode	1.22
8	24576	4	24.20	decode	0.36
8	24576	8	22.20	decode	0.13
8	24576	16	22.20	decode	0.36
8	24576	32	22.00	decode	0.15
8	24576	64	22.00	decode	0.15
16	24576	1	25.70	prefill	0.28
16	24576	2	27.80	decode	1.05
16	24576	4	27.20	decode	0.25
16	24576	8	23.30	decode	0.21
16	24576	16	23.10	decode	0.27
16	24576	32	23.10	decode	0.21
16	24576	64	23.00	decode	0.10
32	24576	1	26.00	prefill	0.61
32	24576	2	28.20	decode	0.08
32	24576	4	27.60	decode	0.06
32	24576	8	23.80	decode	2.83
32	24576	16	23.30	decode	0.14
32	24576	32	23.40	decode	0.16
32	24576	64	23.40	decode	0.14
64	24576	1	26.10	prefill	0.21
64	24576	2	32.70	decode	0.07
64	24576	4	32.20	decode	0.07
64	24576	8	25.90	decode	0.42
64	24576	16	25.20	decode	0.52
64	24576	32	25.40	decode	0.52
64	24576	64	25.30	decode	0.34
128	24576	1	26.60	prefill	0.23
128	24576	2	33.10	decode	0.16
128	24576	4	34.80	decode	0.16
128	24576	8	28.40	decode	0.10
128	24576	16	28.80	decode	0.23
128	24576	32	28.80	decode	0.40
128	24576	64	28.90	decode	0.18
256	24576	1	29.80	prefill	0.99
256	24576	2	34.60	decode	0.13
256	24576	4	41.00	decode	0.07
256	24576	8	35.40	decode	0.51
256	24576	16	35.60	decode	0.87
256	24576	32	35.60	decode	0.59
256	24576	64	35.60	decode	0.09
512	24576	1	37.20	prefill	0.08
512	24576	2	43.50	prefill	0.11
512	24576	4	57.60	prefill	0.18
512	24576	8	50.00	prefill	0.11
512	24576	16	51.70	prefill	0.11
512	24576	32	51.70	prefill	0.12
512	24576	64	51.70	prefill	0.08
1024	24576	1	51.60	prefill	0.17
1024	24576	2	66.20	prefill	0.09
1024	24576	4	81.50	prefill	0.08
1024	24576	8	76.30	prefill	0.07
1024	24576	16	81.20	prefill	0.04
1024	24576	32	81.30	prefill	0.09
1024	24576	64	81.20	prefill	0.06
2048	24576	1	98.50	prefill	0.06
2048	24576	2	114.40	prefill	0.06
2048	24576	4	140.70	prefill	0.13
2048	24576	8	141.70	prefill	0.07
2048	24576	16	154.40	prefill	0.05
2048	24576	32	154.40	prefill	0.06
2048	24576	64	154.50	prefill	0.09
4096	24576	1	206.00	prefill	0.09
4096	24576	2	207.80	prefill	0.12
4096	24576	4	247.10	prefill	0.16
4096	24576	8	266.40	prefill	0.21
4096	24576	16	291.70	prefill	0.07
4096	24576	32	291.60	prefill	0.06
4096	24576	64	291.60	prefill	0.05
1	32768	1	26.60	prefill	0.15
1	32768	2	24.90	decode	0.35
1	32768	4	22.90	decode	4.71
1	32768	8	21.50	decode	0.33
1	32768	16	21.10	decode	0.13
1	32768	32	21.00	decode	0.11
1	32768	64	21.10	decode	0.19
2	32768	1	27.20	prefill	0.23
2	32768	2	24.80	decode	0.09
2	32768	4	23.00	decode	0.47
2	32768	8	21.60	decode	0.31
2	32768	16	21.20	decode	0.17
2	32768	32	21.20	decode	0.19
2	32768	64	21.20	decode	0.30
4	32768	1	27.20	prefill	2.84
4	32768	2	25.70	decode	0.09
4	32768	4	23.80	decode	0.21
4	32768	8	21.90	decode	0.24
4	32768	16	21.60	decode	0.19
4	32768	32	21.50	decode	0.15
4	32768	64	21.60	decode	0.20
8	32768	1	27.70	prefill	0.71
8	32768	2	26.60	decode	0.92
8	32768	4	25.30	decode	0.31
8	32768	8	22.30	decode	0.22
8	32768	16	22.60	decode	0.60
8	32768	32	22.60	decode	0.19
8	32768	64	22.60	decode	0.16
16	32768	1	27.80	prefill	0.17
16	32768	2	28.60	decode	0.17
16	32768	4	28.20	decode	0.25
16	32768	8	23.00	decode	0.17
16	32768	16	23.90	decode	0.14
16	32768	32	23.90	decode	0.15
16	32768	64	23.90	decode	0.29
32	32768	1	27.90	prefill	0.18
32	32768	2	29.40	decode	0.11
32	32768	4	28.50	decode	0.19
32	32768	8	23.30	decode	0.12
32	32768	16	25.90	decode	0.18
32	32768	32	25.80	decode	0.11
32	32768	64	26.10	decode	0.28
64	32768	1	28.20	prefill	0.10
64	32768	2	33.30	decode	0.09
64	32768	4	33.20	decode	0.12
64	32768	8	24.70	decode	0.20
64	32768	16	27.80	decode	0.22
64	32768	32	28.00	decode	0.23
64	32768	64	27.80	decode	0.18
128	32768	1	31.60	prefill	0.09
128	32768	2	34.40	decode	0.11
128	32768	4	36.90	decode	0.04
128	32768	8	26.50	decode	0.09
128	32768	16	32.90	decode	0.13
128	32768	32	32.90	decode	0.16
128	32768	64	32.90	decode	0.11
256	32768	1	32.20	prefill	0.09
256	32768	2	35.80	decode	0.08
256	32768	4	42.70	decode	0.08
256	32768	8	32.50	decode	0.07
256	32768	16	41.40	decode	0.10
256	32768	32	41.40	decode	0.12
256	32768	64	41.40	decode	0.10
512	32768	1	40.00	prefill	0.04
512	32768	2	45.00	prefill	0.06
512	32768	4	59.40	prefill	0.10
512	32768	8	46.60	prefill	0.05
512	32768	16	60.60	prefill	0.05
512	32768	32	60.50	prefill	0.12
512	32768	64	60.50	prefill	0.06
1024	32768	1	56.90	prefill	0.08
1024	32768	2	69.20	prefill	0.06
1024	32768	4	85.30	prefill	0.04
1024	32768	8	72.00	prefill	0.03
1024	32768	16	97.40	prefill	0.05
1024	32768	32	97.40	prefill	0.05
1024	32768	64	97.40	prefill	0.04
2048	32768	1	109.10	prefill	0.06
2048	32768	2	124.50	prefill	0.07
2048	32768	4	152.50	prefill	0.06
2048	32768	8	140.90	prefill	0.02
2048	32768	16	189.20	prefill	0.10
2048	32768	32	189.10	prefill	0.06
2048	32768	64	189.20	prefill	0.07
4096	32768	1	243.10	prefill	0.07
4096	32768	2	236.10	prefill	0.06
4096	32768	4	269.00	prefill	0.06
4096	32768	8	265.20	prefill	0.06
4096	32768	16	358.10	prefill	0.04
4096	32768	32	358.20	prefill	0.06
4096	32768	64	357.90	prefill	0.04
1	49152	1	29.70	prefill	0.08
1	49152	2	26.90	decode	0.06
1	49152	4	23.30	decode	0.10
1	49152	8	21.30	decode	0.07
1	49152	16	20.80	decode	0.08
1	49152	32	20.40	decode	0.08
1	49152	64	20.50	decode	0.14
2	49152	1	30.40	prefill	0.18
2	49152	2	26.40	decode	0.14
2	49152	4	23.60	decode	0.07
2	49152	8	21.60	decode	0.08
2	49152	16	21.00	decode	0.11
2	49152	32	20.80	decode	0.11
2	49152	64	20.80	decode	0.14
4	49152	1	30.90	prefill	0.17
4	49152	2	27.90	decode	0.00
4	49152	4	24.40	decode	0.07
4	49152	8	22.10	decode	0.07
4	49152	16	21.80	decode	0.13
4	49152	32	21.80	decode	0.20
4	49152	64	21.80	decode	0.11
8	49152	1	31.60	prefill	0.21
8	49152	2	28.60	decode	0.19
8	49152	4	26.10	decode	0.14
8	49152	8	22.70	decode	0.12
8	49152	16	22.90	decode	0.07
8	49152	32	23.30	decode	0.16
8	49152	64	23.30	decode	0.12
16	49152	1	31.40	prefill	0.16
16	49152	2	30.70	decode	0.16
16	49152	4	28.80	decode	0.06
16	49152	8	23.40	decode	0.14
16	49152	16	24.40	decode	0.07
16	49152	32	25.50	decode	0.17
16	49152	64	25.50	decode	0.11
32	49152	1	31.60	prefill	0.12
32	49152	2	31.10	decode	0.09
32	49152	4	29.20	decode	0.11
32	49152	8	23.70	decode	0.14
32	49152	16	25.80	decode	0.15
32	49152	32	27.50	decode	0.10
32	49152	64	27.40	decode	0.08
64	49152	1	32.00	prefill	0.16
64	49152	2	34.40	decode	0.14
64	49152	4	33.90	decode	0.15
64	49152	8	25.20	decode	0.17
64	49152	16	28.30	decode	0.18
64	49152	32	32.00	decode	0.16
64	49152	64	32.00	decode	0.11
128	49152	1	36.80	prefill	0.00
128	49152	2	35.60	decode	0.12
128	49152	4	37.30	decode	0.06
128	49152	8	27.60	decode	0.10
128	49152	16	34.30	decode	0.08
128	49152	32	38.90	decode	0.07
128	49152	64	39.10	decode	0.10
256	49152	1	37.60	prefill	0.00
256	49152	2	38.10	decode	0.04
256	49152	4	43.10	decode	0.07
256	49152	8	34.60	decode	0.07
256	49152	16	43.70	decode	0.05
256	49152	32	51.70	decode	0.06
256	49152	64	51.60	decode	0.06
512	49152	1	45.60	prefill	0.04
512	49152	2	48.20	prefill	0.05
512	49152	4	61.60	prefill	0.06
512	49152	8	50.00	prefill	0.06
512	49152	16	65.00	prefill	0.07
512	49152	32	78.30	prefill	0.09
512	49152	64	78.30	prefill	0.07
1024	49152	1	67.10	prefill	0.04
1024	49152	2	75.90	prefill	0.06
1024	49152	4	92.40	prefill	0.07
1024	49152	8	79.20	prefill	0.04
1024	49152	16	106.20	prefill	0.10
1024	49152	32	130.00	prefill	0.05
1024	49152	64	129.90	prefill	0.05
2048	49152	1	155.80	prefill	0.13
2048	49152	2	150.10	prefill	0.07
2048	49152	4	172.70	prefill	0.14
2048	49152	8	162.10	prefill	0.09
2048	49152	16	216.20	prefill	0.06
2048	49152	32	256.70	prefill	0.07
2048	49152	64	256.40	prefill	0.09
4096	49152	1	305.60	prefill	0.14
4096	49152	2	286.90	prefill	0.06
4096	49152	4	312.70	prefill	0.07
4096	49152	8	307.20	prefill	0.07
4096	49152	16	410.70	prefill	0.06
4096	49152	32	489.50	prefill	0.07
4096	49152	64	489.20	prefill	0.07
1	65536	1	33.50	prefill	0.11
1	65536	2	29.00	decode	0.08
1	65536	4	24.70	decode	0.09
1	65536	8	22.00	decode	0.07
1	65536	16	21.10	decode	0.00
1	65536	32	20.80	decode	0.11
1	65536	64	20.80	decode	0.18
2	65536	1	34.00	prefill	0.10
2	65536	2	28.30	decode	0.06
2	65536	4	24.60	decode	0.09
2	65536	8	22.10	decode	0.07
2	65536	16	21.40	decode	0.17
2	65536	32	21.20	decode	0.24
2	65536	64	21.20	decode	0.28
4	65536	1	34.30	prefill	0.15
4	65536	2	29.50	decode	0.11
4	65536	4	25.00	decode	0.15
4	65536	8	22.40	decode	0.22
4	65536	16	21.70	decode	0.17
4	65536	32	22.00	decode	0.17
4	65536	64	22.10	decode	0.23
8	65536	1	34.90	prefill	0.20
8	65536	2	30.40	decode	0.17
8	65536	4	26.80	decode	0.06
8	65536	8	23.20	decode	0.10
8	65536	16	23.00	decode	0.14
8	65536	32	24.00	decode	0.07
8	65536	64	24.10	decode	0.15
16	65536	1	35.00	prefill	0.10
16	65536	2	32.20	decode	0.16
16	65536	4	29.40	decode	0.14
16	65536	8	24.10	decode	0.14
16	65536	16	24.60	decode	0.15
16	65536	32	27.00	decode	0.10
16	65536	64	27.00	decode	0.06
32	65536	1	35.30	prefill	0.10
32	65536	2	32.90	decode	0.09
32	65536	4	29.80	decode	0.12
32	65536	8	24.30	decode	0.15
32	65536	16	26.40	decode	0.21
32	65536	32	31.60	decode	0.15
32	65536	64	31.60	decode	0.17
64	65536	1	35.60	prefill	0.09
64	65536	2	36.90	decode	0.06
64	65536	4	35.20	decode	0.08
64	65536	8	25.80	decode	0.09
64	65536	16	28.60	decode	0.13
64	65536	32	38.00	decode	0.10
64	65536	64	38.00	decode	0.14
128	65536	1	40.40	prefill	0.04
128	65536	2	38.20	decode	0.04
128	65536	4	38.20	decode	0.11
128	65536	8	29.00	decode	0.31
128	65536	16	34.60	decode	0.07
128	65536	32	47.20	decode	0.06
128	65536	64	47.20	decode	0.06
256	65536	1	42.80	prefill	0.00
256	65536	2	40.30	decode	0.04
256	65536	4	44.90	decode	0.04
256	65536	8	36.80	decode	0.06
256	65536	16	44.60	decode	0.06
256	65536	32	62.90	decode	0.04
256	65536	64	62.80	decode	0.04
512	65536	1	51.20	prefill	0.08
512	65536	2	52.00	prefill	0.03
512	65536	4	65.00	prefill	0.04
512	65536	8	54.20	prefill	0.03
512	65536	16	67.00	prefill	0.04
512	65536	32	96.60	prefill	0.05
512	65536	64	96.60	prefill	0.05
1024	65536	1	77.80	prefill	0.06
1024	65536	2	86.70	prefill	0.08
1024	65536	4	102.80	prefill	0.05
1024	65536	8	94.00	prefill	0.06
1024	65536	16	117.70	prefill	0.06
1024	65536	32	170.40	prefill	0.07
1024	65536	64	170.40	prefill	0.06
2048	65536	1	189.70	prefill	0.16
2048	65536	2	184.10	prefill	0.09
2048	65536	4	195.80	prefill	0.14
2048	65536	8	189.30	prefill	0.12
2048	65536	16	230.30	prefill	0.05
2048	65536	32	327.30	prefill	0.05
2048	65536	64	327.00	prefill	0.10
4096	65536	1	329.50	prefill	0.08
4096	65536	2	319.80	prefill	0.06
4096	65536	4	342.40	prefill	0.09
4096	65536	8	343.10	prefill	0.09
4096	65536	16	425.60	prefill	0.09
4096	65536	32	614.20	prefill	0.08
4096	65536	64	613.70	prefill	0.06
1	98304	1	41.00	prefill	0.08
1	98304	2	33.50	decode	0.08
1	98304	4	27.40	decode	0.08
1	98304	8	23.60	decode	0.07
1	98304	16	22.30	decode	0.10
1	98304	32	21.80	decode	0.11
1	98304	64	21.60	decode	0.11
2	98304	1	41.80	prefill	0.08
2	98304	2	32.60	decode	0.09
2	98304	4	27.20	decode	0.08
2	98304	8	23.80	decode	0.07
2	98304	16	22.60	decode	0.19
2	98304	32	22.30	decode	0.13
2	98304	64	22.30	decode	0.16
4	98304	1	42.10	prefill	0.07
4	98304	2	34.20	decode	0.11
4	98304	4	27.60	decode	0.08
4	98304	8	24.20	decode	0.17
4	98304	16	23.20	decode	0.31
4	98304	32	23.30	decode	0.16
4	98304	64	23.60	decode	0.15
8	98304	1	42.60	prefill	0.12
8	98304	2	34.50	decode	0.10
8	98304	4	28.80	decode	0.11
8	98304	8	24.80	decode	0.21
8	98304	16	24.20	decode	0.22
8	98304	32	25.10	decode	0.09
8	98304	64	26.20	decode	0.14
16	98304	1	42.80	prefill	0.08
16	98304	2	35.80	decode	0.12
16	98304	4	31.80	decode	0.09
16	98304	8	25.50	decode	0.14
16	98304	16	25.90	decode	0.24
16	98304	32	28.00	decode	0.15
16	98304	64	30.60	decode	0.17
32	98304	1	42.90	prefill	0.13
32	98304	2	36.00	decode	0.12
32	98304	4	32.20	decode	0.07
32	98304	8	25.90	decode	0.11
32	98304	16	27.60	decode	0.19
32	98304	32	32.40	decode	0.17
32	98304	64	38.10	decode	0.07
64	98304	1	48.90	prefill	0.07
64	98304	2	40.60	decode	0.07
64	98304	4	37.00	decode	0.06
64	98304	8	27.80	decode	0.06
64	98304	16	30.30	decode	0.07
64	98304	32	39.70	decode	0.09
64	98304	64	49.10	decode	0.09
128	98304	1	52.20	prefill	0.05
128	98304	2	42.30	decode	0.07
128	98304	4	41.20	decode	0.06
128	98304	8	31.90	decode	0.05
128	98304	16	37.70	decode	0.12
128	98304	32	51.00	decode	0.09
128	98304	64	63.60	decode	0.06
256	98304	1	53.50	prefill	0.03
256	98304	2	45.20	decode	0.06
256	98304	4	48.40	decode	0.05
256	98304	8	41.80	decode	0.05
256	98304	16	48.80	decode	0.06
256	98304	32	68.40	decode	0.07
256	98304	64	89.90	decode	0.13
512	98304	1	63.30	prefill	0.04
512	98304	2	61.60	prefill	0.05
512	98304	4	72.60	prefill	0.04
512	98304	8	63.80	prefill	0.06
512	98304	16	74.80	prefill	0.04
512	98304	32	105.70	prefill	0.06
512	98304	64	137.90	prefill	0.09
1024	98304	1	126.00	prefill	0.05
1024	98304	2	121.20	prefill	0.07
1024	98304	4	130.20	prefill	0.05
1024	98304	8	124.00	prefill	0.06
1024	98304	16	143.70	prefill	0.09
1024	98304	32	197.80	prefill	0.08
1024	98304	64	247.00	prefill	0.11
2048	98304	1	260.40	prefill	0.08
2048	98304	2	248.10	prefill	0.10
2048	98304	4	256.00	prefill	0.07
2048	98304	8	251.90	prefill	0.04
2048	98304	16	287.00	prefill	0.05
2048	98304	32	384.60	prefill	0.10
2048	98304	64	472.10	prefill	0.10
4096	98304	1	464.30	prefill	0.06
4096	98304	2	445.20	prefill	0.07
4096	98304	4	454.40	prefill	0.04
4096	98304	8	455.00	prefill	0.08
4096	98304	16	529.70	prefill	0.06
4096	98304	32	730.20	prefill	0.05
4096	98304	64	893.00	prefill	0.05
1	131072	1	48.30	prefill	0.06
1	131072	2	37.00	decode	0.06
1	131072	4	29.60	decode	0.10
1	131072	8	25.20	decode	0.07
1	131072	16	23.40	decode	0.07
1	131072	32	22.70	decode	0.10
1	131072	64	22.60	decode	0.16
2	131072	1	49.10	prefill	0.05
2	131072	2	36.60	decode	0.00
2	131072	4	29.70	decode	0.09
2	131072	8	25.30	decode	0.09
2	131072	16	23.70	decode	0.10
2	131072	32	23.10	decode	0.16
2	131072	64	23.40	decode	0.23
4	131072	1	49.60	prefill	0.13
4	131072	2	38.20	decode	0.14
4	131072	4	30.40	decode	0.25
4	131072	8	26.20	decode	0.14
4	131072	16	24.70	decode	0.21
4	131072	32	24.50	decode	0.12
4	131072	64	25.50	decode	0.17
8	131072	1	50.00	prefill	0.11
8	131072	2	39.00	decode	0.10
8	131072	4	31.10	decode	0.17
8	131072	8	26.50	decode	0.20
8	131072	16	25.60	decode	0.27
8	131072	32	26.10	decode	0.15
8	131072	64	28.60	decode	0.08
16	131072	1	50.10	prefill	0.05
16	131072	2	39.90	decode	0.11
16	131072	4	33.70	decode	0.05
16	131072	8	27.40	decode	0.16
16	131072	16	27.00	decode	0.15
16	131072	32	29.10	decode	0.14
16	131072	64	34.50	decode	0.05
32	131072	1	50.60	prefill	0.11
32	131072	2	40.30	decode	0.07
32	131072	4	35.70	decode	0.08
32	131072	8	28.70	decode	0.08
32	131072	16	28.70	decode	0.08
32	131072	32	32.70	decode	0.08
32	131072	64	45.50	decode	0.08
64	131072	1	57.60	prefill	0.05
64	131072	2	45.80	decode	0.04
64	131072	4	39.80	decode	0.06
64	131072	8	30.40	decode	0.09
64	131072	16	32.00	decode	0.07
64	131072	32	41.20	decode	0.00
64	131072	64	60.00	decode	0.30
128	131072	1	62.60	prefill	0.04
128	131072	2	46.60	decode	0.05
128	131072	4	43.70	decode	0.07
128	131072	8	34.90	decode	0.00
128	131072	16	40.00	decode	0.09
128	131072	32	53.00	decode	0.20
128	131072	64	79.70	decode	0.10
256	131072	1	64.10	prefill	0.04
256	131072	2	50.60	decode	0.06
256	131072	4	52.00	decode	0.03
256	131072	8	46.90	decode	0.06
256	131072	16	52.90	decode	0.05
256	131072	32	70.60	decode	0.09
256	131072	64	111.70	decode	0.21
512	131072	1	88.80	prefill	0.03
512	131072	2	72.80	prefill	0.09
512	131072	4	83.30	prefill	0.05
512	131072	8	76.10	prefill	0.20
512	131072	16	88.00	prefill	0.06
512	131072	32	114.80	prefill	0.06
512	131072	64	181.10	prefill	0.17
1024	131072	1	159.80	prefill	0.11
1024	131072	2	153.30	prefill	0.08
1024	131072	4	161.00	prefill	0.11
1024	131072	8	153.80	prefill	0.14
1024	131072	16	171.60	prefill	0.11
1024	131072	32	212.60	prefill	0.05
1024	131072	64	322.70	prefill	0.10
2048	131072	1	279.70	prefill	0.10
2048	131072	2	274.10	prefill	0.09
2048	131072	4	280.90	prefill	0.14
2048	131072	8	271.70	prefill	0.18
2048	131072	16	309.20	prefill	0.11
2048	131072	32	395.60	prefill	0.08
2048	131072	64	601.10	prefill	0.12
4096	131072	1	609.80	prefill	0.04
4096	131072	2	582.10	prefill	0.05
4096	131072	4	591.40	prefill	0.05
4096	131072	8	581.00	prefill	0.08
4096	131072	16	644.10	prefill	0.07
4096	131072	32	778.90	prefill	0.06
4096	131072	64	1142.50	prefill	0.05
1	196608	1	62.30	prefill	0.05
1	196608	2	45.40	decode	0.05
1	196608	4	34.50	decode	0.05
1	196608	8	28.50	decode	0.10
1	196608	16	25.80	decode	0.09
1	196608	32	24.70	decode	0.11
1	196608	64	24.40	decode	0.07
2	196608	1	63.70	prefill	0.06
2	196608	2	45.30	decode	0.06
2	196608	4	34.90	decode	0.07
2	196608	8	28.90	decode	0.08
2	196608	16	26.40	decode	0.15
2	196608	32	25.20	decode	0.13
2	196608	64	25.40	decode	0.16
4	196608	1	63.80	prefill	0.06
4	196608	2	46.30	decode	0.04
4	196608	4	35.10	decode	0.10
4	196608	8	29.00	decode	0.14
4	196608	16	26.70	decode	0.20
4	196608	32	26.10	decode	0.26
4	196608	64	27.20	decode	0.31
8	196608	1	64.30	prefill	0.10
8	196608	2	46.70	decode	0.04
8	196608	4	35.60	decode	0.08
8	196608	8	29.20	decode	0.06
8	196608	16	27.50	decode	0.06
8	196608	32	28.00	decode	0.23
8	196608	64	30.20	decode	0.22
16	196608	1	64.50	prefill	0.06
16	196608	2	47.30	decode	0.10
16	196608	4	37.80	decode	0.11
16	196608	8	30.30	decode	0.16
16	196608	16	29.50	decode	0.19
16	196608	32	31.00	decode	0.12
16	196608	64	36.40	decode	0.06
32	196608	1	65.00	prefill	0.06
32	196608	2	52.30	decode	0.06
32	196608	4	41.30	decode	0.14
32	196608	8	30.90	decode	0.07
32	196608	16	31.50	decode	0.17
32	196608	32	35.80	decode	0.07
32	196608	64	48.20	decode	0.10
64	196608	1	81.00	prefill	0.04
64	196608	2	55.40	decode	0.04
64	196608	4	45.30	decode	0.04
64	196608	8	35.10	decode	0.11
64	196608	16	36.30	decode	0.08
64	196608	32	44.80	decode	0.13
64	196608	64	62.90	decode	0.07
128	196608	1	82.00	prefill	0.04
128	196608	2	56.40	decode	0.05
128	196608	4	48.40	decode	0.05
128	196608	8	40.80	decode	0.06
128	196608	16	45.60	decode	0.04
128	196608	32	56.20	decode	0.12
128	196608	64	84.20	decode	0.09
256	196608	1	84.00	prefill	0.05
256	196608	2	61.30	decode	0.00
256	196608	4	59.90	decode	0.04
256	196608	8	56.90	decode	0.06
256	196608	16	62.20	decode	0.05
256	196608	32	78.20	decode	0.10
256	196608	64	122.20	decode	0.21
512	196608	1	140.80	prefill	0.05
512	196608	2	112.90	prefill	0.07
512	196608	4	111.20	prefill	0.04
512	196608	8	110.00	prefill	0.13
512	196608	16	121.90	prefill	0.04
512	196608	32	144.20	prefill	0.03
512	196608	64	208.10	prefill	0.12
1024	196608	1	235.90	prefill	0.08
1024	196608	2	227.60	prefill	0.10
1024	196608	4	224.00	prefill	0.09
1024	196608	8	223.60	prefill	0.08
1024	196608	16	239.40	prefill	0.14
1024	196608	32	277.70	prefill	0.07
1024	196608	64	380.60	prefill	0.11
2048	196608	1	412.00	prefill	0.10
2048	196608	2	406.90	prefill	0.07
2048	196608	4	399.60	prefill	0.05
2048	196608	8	392.80	prefill	0.03
2048	196608	16	420.00	prefill	0.11
2048	196608	32	500.50	prefill	0.08
2048	196608	64	705.50	prefill	0.06
4096	196608	1	831.50	prefill	0.03
4096	196608	2	805.20	prefill	0.06
4096	196608	4	788.80	prefill	0.04
4096	196608	8	780.40	prefill	0.08
4096	196608	16	847.10	prefill	0.12
4096	196608	32	992.20	prefill	0.07
4096	196608	64	1349.60	prefill	0.03
1	262144	1	75.90	prefill	0.04
1	262144	2	52.70	decode	0.04
1	262144	4	39.50	decode	0.08
1	262144	8	31.60	decode	0.07
1	262144	16	28.20	decode	0.06
1	262144	32	26.60	decode	0.09
1	262144	64	26.10	decode	0.06
2	262144	1	76.60	prefill	0.03
2	262144	2	53.40	decode	0.05
2	262144	4	39.80	decode	0.10
2	262144	8	31.90	decode	0.00
2	262144	16	28.80	decode	0.13
2	262144	32	27.40	decode	0.12
2	262144	64	27.30	decode	0.15
4	262144	1	76.70	prefill	0.07
4	262144	2	53.60	decode	0.08
4	262144	4	39.70	decode	0.14
4	262144	8	31.90	decode	0.15
4	262144	16	28.80	decode	0.25
4	262144	32	27.90	decode	0.26
4	262144	64	28.50	decode	0.18
8	262144	1	77.80	prefill	0.07
8	262144	2	53.90	decode	0.10
8	262144	4	39.80	decode	0.13
8	262144	8	32.40	decode	0.20
8	262144	16	29.90	decode	0.18
8	262144	32	29.70	decode	0.19
8	262144	64	31.80	decode	0.16
16	262144	1	78.20	prefill	0.04
16	262144	2	54.80	decode	0.07
16	262144	4	42.00	decode	0.07
16	262144	8	36.00	decode	0.09
16	262144	16	33.30	decode	0.05
16	262144	32	33.00	decode	0.12
16	262144	64	38.10	decode	0.04
32	262144	1	90.90	prefill	0.05
32	262144	2	64.40	decode	0.04
32	262144	4	46.60	decode	0.05
32	262144	8	36.60	decode	0.06
32	262144	16	34.90	decode	0.00
32	262144	32	38.40	decode	0.06
32	262144	64	50.70	decode	0.00
64	262144	1	100.00	prefill	0.06
64	262144	2	65.30	decode	0.06
64	262144	4	50.60	decode	0.09
64	262144	8	39.20	decode	0.14
64	262144	16	40.00	decode	0.12
64	262144	32	48.50	decode	0.11
64	262144	64	64.90	decode	0.08
128	262144	1	101.20	prefill	0.04
128	262144	2	66.80	decode	0.02
128	262144	4	54.30	decode	0.05
128	262144	8	46.90	decode	0.05
128	262144	16	51.30	decode	0.04
128	262144	32	61.70	decode	0.12
128	262144	64	87.30	decode	0.10
256	262144	1	123.90	prefill	0.06
256	262144	2	82.50	decode	0.10
256	262144	4	69.60	decode	0.09
256	262144	8	68.50	decode	0.06
256	262144	16	74.00	decode	0.07
256	262144	32	89.60	decode	0.12
256	262144	64	133.30	decode	0.12
512	262144	1	178.60	prefill	0.06
512	262144	2	142.60	prefill	0.07
512	262144	4	138.50	prefill	0.06
512	262144	8	141.40	prefill	0.05
512	262144	16	149.40	prefill	0.07
512	262144	32	171.60	prefill	0.10
512	262144	64	221.30	prefill	0.10
1024	262144	1	253.00	prefill	0.14
1024	262144	2	262.00	prefill	0.08
1024	262144	4	252.10	prefill	0.06
1024	262144	8	247.90	prefill	0.11
1024	262144	16	250.90	prefill	0.10
1024	262144	32	292.00	prefill	0.05
1024	262144	64	394.30	prefill	0.05
2048	262144	1	563.30	prefill	0.07
2048	262144	2	543.90	prefill	0.09
2048	262144	4	533.30	prefill	0.09
2048	262144	8	529.70	prefill	0.11
2048	262144	16	556.80	prefill	0.05
2048	262144	32	628.80	prefill	0.14
2048	262144	64	764.00	prefill	0.07
4096	262144	1	1098.10	prefill	0.05
4096	262144	2	1062.50	prefill	0.06
4096	262144	4	1046.40	prefill	0.05
4096	262144	8	1039.80	prefill	0.08
4096	262144	16	1094.80	prefill	0.07
4096	262144	32	1234.00	prefill	0.09
4096	262144	64	1475.40	prefill	0.05
1	393216	1	98.70	prefill	0.03
1	393216	2	63.80	decode	0.04
1	393216	4	44.80	decode	0.04
1	393216	8	34.60	decode	0.00
1	393216	16	29.80	decode	0.10
1	393216	32	27.50	decode	0.10
1	393216	64	26.50	decode	0.09
2	393216	1	99.40	prefill	0.05
2	393216	2	63.50	decode	0.03
2	393216	4	45.00	decode	0.05
2	393216	8	34.80	decode	0.08
2	393216	16	30.00	decode	0.09
2	393216	32	27.80	decode	0.06
2	393216	64	27.30	decode	0.09
4	393216	1	100.40	prefill	0.04
4	393216	2	65.30	decode	0.05
4	393216	4	45.80	decode	0.11
4	393216	8	35.20	decode	0.12
4	393216	16	30.60	decode	0.05
4	393216	32	29.10	decode	0.10
4	393216	64	29.50	decode	0.11
8	393216	1	101.60	prefill	0.04
8	393216	2	67.80	decode	0.06
8	393216	4	46.60	decode	0.05
8	393216	8	36.10	decode	0.15
8	393216	16	31.80	decode	0.13
8	393216	32	31.00	decode	0.16
8	393216	64	32.80	decode	0.12
16	393216	1	101.80	prefill	0.02
16	393216	2	68.80	decode	0.09
16	393216	4	51.70	decode	0.06
16	393216	8	40.50	decode	0.06
16	393216	16	33.90	decode	0.08
16	393216	32	34.40	decode	0.08
16	393216	64	39.40	decode	0.06
32	393216	1	133.20	prefill	0.03
32	393216	2	82.40	decode	0.06
32	393216	4	55.00	decode	0.06
32	393216	8	41.60	decode	0.10
32	393216	16	37.60	decode	0.14
32	393216	32	41.40	decode	0.04
32	393216	64	52.90	decode	0.06
64	393216	1	134.00	prefill	0.03
64	393216	2	82.80	decode	0.03
64	393216	4	57.60	decode	0.05
64	393216	8	43.70	decode	0.07
64	393216	16	44.10	decode	0.06
64	393216	32	51.80	decode	0.13
64	393216	64	69.00	decode	0.08
128	393216	1	135.70	prefill	0.02
128	393216	2	84.60	decode	0.03
128	393216	4	62.40	decode	0.03
128	393216	8	55.70	decode	0.05
128	393216	16	59.10	decode	0.03
128	393216	32	68.10	decode	0.11
128	393216	64	93.00	decode	0.10
256	393216	1	179.00	prefill	0.11
256	393216	2	132.70	decode	0.06
256	393216	4	103.90	decode	0.07
256	393216	8	99.60	decode	0.05
256	393216	16	106.50	decode	0.09
256	393216	32	121.80	decode	0.06
256	393216	64	153.80	decode	0.15
512	393216	1	253.60	prefill	0.07
512	393216	2	200.40	prefill	0.06
512	393216	4	194.80	prefill	0.16
512	393216	8	187.80	prefill	0.21
512	393216	16	197.20	prefill	0.08
512	393216	32	219.50	prefill	0.14
512	393216	64	268.00	prefill	0.05
1024	393216	1	343.90	prefill	0.12
1024	393216	2	360.50	prefill	0.08
1024	393216	4	355.70	prefill	0.14
1024	393216	8	344.90	prefill	0.10
1024	393216	16	348.50	prefill	0.04
1024	393216	32	381.00	prefill	0.11
1024	393216	64	473.00	prefill	0.08
2048	393216	1	723.60	prefill	0.06
2048	393216	2	721.40	prefill	0.04
2048	393216	4	711.90	prefill	0.10
2048	393216	8	686.70	prefill	0.06
2048	393216	16	697.90	prefill	0.07
2048	393216	32	776.80	prefill	0.03
2048	393216	64	936.60	prefill	0.10
4096	393216	1	1531.60	prefill	0.04
4096	393216	2	1486.30	prefill	0.05
4096	393216	4	1464.00	prefill	0.07
4096	393216	8	1416.00	prefill	0.07
4096	393216	16	1434.80	prefill	0.06
4096	393216	32	1609.10	prefill	0.07
4096	393216	64	1887.20	prefill	0.08
1	524288	1	123.80	prefill	0.03
1	524288	2	77.20	decode	0.04
1	524288	4	51.90	decode	0.06
1	524288	8	39.40	decode	0.07
1	524288	16	32.50	decode	0.05
1	524288	32	29.40	decode	0.08
1	524288	64	27.90	decode	0.00
2	524288	1	124.40	prefill	0.02
2	524288	2	77.10	decode	0.08
2	524288	4	51.80	decode	0.10
2	524288	8	39.50	decode	0.07
2	524288	16	32.60	decode	0.09
2	524288	32	29.50	decode	0.10
2	524288	64	28.80	decode	0.10
4	524288	1	124.20	prefill	0.04
4	524288	2	77.70	decode	0.05
4	524288	4	52.20	decode	0.08
4	524288	8	39.50	decode	0.00
4	524288	16	32.70	decode	0.07
4	524288	32	30.30	decode	0.08
4	524288	64	30.40	decode	0.13
8	524288	1	125.10	prefill	0.03
8	524288	2	79.60	decode	0.04
8	524288	4	52.60	decode	0.07
8	524288	8	39.90	decode	0.06
8	524288	16	36.30	decode	0.08
8	524288	32	33.80	decode	0.08
8	524288	64	33.70	decode	0.08
16	524288	1	145.10	prefill	0.06
16	524288	2	98.20	decode	0.04
16	524288	4	62.60	decode	0.05
16	524288	8	45.60	decode	0.10
16	524288	16	38.20	decode	0.10
16	524288	32	37.00	decode	0.14
16	524288	64	40.80	decode	0.00
32	524288	1	166.20	prefill	0.04
32	524288	2	98.70	decode	0.06
32	524288	4	63.50	decode	0.04
32	524288	8	46.40	decode	0.07
32	524288	16	39.90	decode	0.07
32	524288	32	43.60	decode	0.10
32	524288	64	55.20	decode	0.06
64	524288	1	167.90	prefill	0.05
64	524288	2	100.20	decode	0.03
64	524288	4	65.90	decode	0.03
64	524288	8	49.20	decode	0.05
64	524288	16	48.80	decode	0.05
64	524288	32	56.40	decode	0.07
64	524288	64	73.60	decode	0.08
128	524288	1	198.70	prefill	0.26
128	524288	2	119.30	decode	0.35
128	524288	4	77.80	decode	0.16
128	524288	8	67.90	decode	0.04
128	524288	16	68.60	decode	0.04
128	524288	32	77.80	decode	0.06
128	524288	64	101.20	decode	0.11
256	524288	1	227.10	prefill	0.10
256	524288	2	164.30	decode	0.12
256	524288	4	131.60	decode	0.09
256	524288	8	126.10	decode	0.11
256	524288	16	133.00	decode	0.05
256	524288	32	146.50	decode	0.06
256	524288	64	176.50	decode	0.13
512	524288	1	273.30	prefill	0.10
512	524288	2	243.40	prefill	0.15
512	524288	4	236.90	prefill	0.09
512	524288	8	221.70	prefill	0.11
512	524288	16	224.70	prefill	0.10
512	524288	32	231.80	prefill	0.08
512	524288	64	284.80	prefill	0.12
1024	524288	1	513.90	prefill	0.06
1024	524288	2	494.60	prefill	0.05
1024	524288	4	487.30	prefill	0.10
1024	524288	8	470.20	prefill	0.16
1024	524288	16	482.00	prefill	0.09
1024	524288	32	516.40	prefill	0.09
1024	524288	64	601.00	prefill	0.09
2048	524288	1	1012.70	prefill	0.06
2048	524288	2	970.40	prefill	0.08
2048	524288	4	954.20	prefill	0.09
2048	524288	8	925.40	prefill	0.11
2048	524288	16	947.50	prefill	0.09
2048	524288	32	1014.30	prefill	0.08
2048	524288	64	1164.30	prefill	0.09
4096	524288	1	1990.80	prefill	0.03
4096	524288	2	1912.80	prefill	0.04
4096	524288	4	1885.30	prefill	0.07
4096	524288	8	1847.10	prefill	0.08
4096	524288	16	1879.40	prefill	0.08
4096	524288	32	2003.90	prefill	0.07
4096	524288	64	2283.80	prefill	0.08
1	786432	1	163.30	prefill	0.08
1	786432	2	98.40	decode	0.04
1	786432	4	62.60	decode	0.05
1	786432	8	44.60	decode	0.05
1	786432	16	35.40	decode	0.04
1	786432	32	31.00	decode	0.05
1	786432	64	29.00	decode	0.06
2	786432	1	169.10	prefill	0.05
2	786432	2	103.10	decode	0.05
2	786432	4	64.40	decode	0.03
2	786432	8	46.20	decode	0.06
2	786432	16	36.40	decode	0.10
2	786432	32	32.00	decode	0.10
2	786432	64	30.40	decode	0.00
4	786432	1	169.00	prefill	0.05
4	786432	2	102.40	decode	0.03
4	786432	4	65.20	decode	0.04
4	786432	8	46.40	decode	0.06
4	786432	16	36.40	decode	0.00
4	786432	32	32.60	decode	0.10
4	786432	64	31.90	decode	0.17
8	786432	1	170.10	prefill	0.04
8	786432	2	102.40	decode	0.03
8	786432	4	65.60	decode	0.05
8	786432	8	51.50	decode	0.04
8	786432	16	41.20	decode	0.07
8	786432	32	34.60	decode	0.05
8	786432	64	35.90	decode	0.14
16	786432	1	229.90	prefill	0.06
16	786432	2	130.90	decode	0.05
16	786432	4	80.50	decode	0.03
16	786432	8	54.60	decode	0.03
16	786432	16	42.80	decode	0.05
16	786432	32	40.10	decode	0.07
16	786432	64	44.60	decode	0.04
32	786432	1	230.50	prefill	0.05
32	786432	2	131.60	decode	0.02
32	786432	4	81.00	decode	0.03
32	786432	8	55.60	decode	0.03
32	786432	16	45.10	decode	0.04
32	786432	32	48.10	decode	0.09
32	786432	64	59.60	decode	0.05
64	786432	1	231.80	prefill	0.05
64	786432	2	132.90	decode	0.04
64	786432	4	82.60	decode	0.03
64	786432	8	60.10	decode	0.05
64	786432	16	57.40	decode	0.06
64	786432	32	64.50	decode	0.07
64	786432	64	81.00	decode	0.04
128	786432	1	296.70	prefill	0.06
128	786432	2	174.60	decode	0.11
128	786432	4	126.00	decode	0.08
128	786432	8	101.00	decode	0.06
128	786432	16	100.40	decode	0.06
128	786432	32	109.80	decode	0.09
128	786432	64	130.60	decode	0.08
256	786432	1	320.40	prefill	0.05
256	786432	2	237.40	decode	0.17
256	786432	4	186.20	decode	0.08
256	786432	8	180.40	decode	0.19
256	786432	16	178.40	decode	0.13
256	786432	32	191.20	decode	0.15
256	786432	64	220.60	decode	0.20
512	786432	1	403.00	prefill	0.07
512	786432	2	317.60	prefill	0.16
512	786432	4	332.30	prefill	0.13
512	786432	8	323.60	prefill	0.20
512	786432	16	320.20	prefill	0.21
512	786432	32	327.30	prefill	0.08
512	786432	64	368.40	prefill	0.08
1024	786432	1	647.80	prefill	0.08
1024	786432	2	661.50	prefill	0.10
1024	786432	4	668.10	prefill	0.06
1024	786432	8	658.60	prefill	0.10
1024	786432	16	648.90	prefill	0.08
1024	786432	32	654.80	prefill	0.14
1024	786432	64	740.10	prefill	0.04
2048	786432	1	1421.50	prefill	0.06
2048	786432	2	1390.10	prefill	0.05
2048	786432	4	1363.40	prefill	0.04
2048	786432	8	1336.40	prefill	0.04
2048	786432	16	1320.30	prefill	0.06
2048	786432	32	1349.30	prefill	0.07
2048	786432	64	1526.90	prefill	0.10
4096	786432	1	2794.20	prefill	0.05
4096	786432	2	2729.80	prefill	0.06
4096	786432	4	2677.90	prefill	0.06
4096	786432	8	2648.10	prefill	0.10
4096	786432	16	2627.00	prefill	0.08
4096	786432	32	2676.10	prefill	0.15
4096	786432	64	3011.00	prefill	0.06
1	1048576	1	241.70	prefill	0.10
1	1048576	2	122.90	decode	0.05
1	1048576	4	75.40	decode	0.05
1	1048576	8	51.90	decode	0.06
1	1048576	16	39.40	decode	0.07
1	1048576	32	33.50	decode	0.08
1	1048576	64	30.80	decode	0.09
2	1048576	1	243.40	prefill	0.09
2	1048576	2	123.60	decode	0.03
2	1048576	4	76.50	decode	0.04
2	1048576	8	52.20	decode	0.07
2	1048576	16	39.80	decode	0.07
2	1048576	32	33.90	decode	0.08
2	1048576	64	31.60	decode	0.09
4	1048576	1	244.60	prefill	0.05
4	1048576	2	126.90	decode	0.04
4	1048576	4	77.00	decode	0.04
4	1048576	8	52.30	decode	0.04
4	1048576	16	39.80	decode	0.04
4	1048576	32	36.20	decode	0.06
4	1048576	64	33.70	decode	0.05
8	1048576	1	244.20	prefill	0.08
8	1048576	2	163.20	decode	0.04
8	1048576	4	95.80	decode	0.04
8	1048576	8	62.20	decode	0.05
8	1048576	16	45.40	decode	0.06
8	1048576	32	38.60	decode	0.07
8	1048576	64	37.70	decode	0.04
16	1048576	1	293.00	prefill	0.03
16	1048576	2	163.90	decode	0.03
16	1048576	4	96.40	decode	0.03
16	1048576	8	63.40	decode	0.04
16	1048576	16	47.10	decode	0.06
16	1048576	32	42.60	decode	0.05
16	1048576	64	47.00	decode	0.05
32	1048576	1	300.40	prefill	0.06
32	1048576	2	168.10	decode	0.07
32	1048576	4	100.10	decode	0.02
32	1048576	8	66.60	decode	0.04
32	1048576	16	51.50	decode	0.03
32	1048576	32	53.40	decode	0.06
32	1048576	64	65.10	decode	0.04
64	1048576	1	353.30	prefill	0.15
64	1048576	2	193.10	decode	0.16
64	1048576	4	114.00	decode	0.31
64	1048576	8	79.00	decode	0.04
64	1048576	16	69.40	decode	0.10
64	1048576	32	74.20	decode	0.08
64	1048576	64	91.00	decode	0.08
128	1048576	1	387.30	prefill	0.07
128	1048576	2	223.80	decode	0.10
128	1048576	4	156.80	decode	0.11
128	1048576	8	129.00	decode	0.06
128	1048576	16	124.90	decode	0.08
128	1048576	32	135.40	decode	0.06
128	1048576	64	153.20	decode	0.13
256	1048576	1	409.80	prefill	0.10
256	1048576	2	261.30	decode	0.09
256	1048576	4	237.70	decode	0.12
256	1048576	8	226.80	decode	0.11
256	1048576	16	215.70	decode	0.11
256	1048576	32	220.70	decode	0.10
256	1048576	64	237.80	decode	0.14
512	1048576	1	599.70	prefill	0.09
512	1048576	2	466.30	prefill	0.08
512	1048576	4	452.80	prefill	0.15
512	1048576	8	447.70	prefill	0.15
512	1048576	16	431.00	prefill	0.15
512	1048576	32	445.70	prefill	0.06
512	1048576	64	481.70	prefill	0.16
1024	1048576	1	944.10	prefill	0.05
1024	1048576	2	919.60	prefill	0.08
1024	1048576	4	893.60	prefill	0.11
1024	1048576	8	883.30	prefill	0.14
1024	1048576	16	853.90	prefill	0.05
1024	1048576	32	874.40	prefill	0.10
1024	1048576	64	938.50	prefill	0.10
2048	1048576	1	1846.80	prefill	0.03
2048	1048576	2	1800.70	prefill	0.05
2048	1048576	4	1752.00	prefill	0.05
2048	1048576	8	1736.80	prefill	0.05
2048	1048576	16	1690.90	prefill	0.06
2048	1048576	32	1721.60	prefill	0.08
2048	1048576	64	1842.20	prefill	0.11
4096	1048576	1	3158.90	prefill	1.17
4096	1048576	2	3138.10	prefill	1.00
4096	1048576	4	3129.50	prefill	0.58
4096	1048576	8	3109.90	prefill	0.61
4096	1048576	16	3029.80	prefill	0.99
4096	1048576	32	3030.30	prefill	0.78
4096	1048576	64	3112.30	prefill	1.63

=== per-cell optima ===
  M=1     N=24576    G=16  20.40 us (was 24.20, 1.19x)
  M=1     N=32768    G=32  21.00 us (was 26.60, 1.27x)
  M=1     N=49152    G=32  20.40 us (was 29.70, 1.46x)
  M=1     N=65536    G=32  20.80 us (was 33.50, 1.61x)
  M=1     N=98304    G=64  21.60 us (was 41.00, 1.90x)
  M=1     N=131072   G=64  22.60 us (was 48.30, 2.14x)
  M=1     N=196608   G=64  24.40 us (was 62.30, 2.55x)
  M=1     N=262144   G=64  26.10 us (was 75.90, 2.91x)
  M=1     N=393216   G=64  26.50 us (was 98.70, 3.73x)
  M=1     N=524288   G=64  27.90 us (was 123.80, 4.44x)
  M=1     N=786432   G=64  29.00 us (was 163.30, 5.63x)
  M=1     N=1048576  G=64  30.80 us (was 241.70, 7.85x)
  M=2     N=24576    G=32  20.70 us (was 24.90, 1.20x)
  M=2     N=32768    G=16  21.20 us (was 27.20, 1.28x)
  M=2     N=49152    G=32  20.80 us (was 30.40, 1.46x)
  M=2     N=65536    G=32  21.20 us (was 34.00, 1.60x)
  M=2     N=98304    G=32  22.30 us (was 41.80, 1.87x)
  M=2     N=131072   G=32  23.10 us (was 49.10, 2.13x)
  M=2     N=196608   G=32  25.20 us (was 63.70, 2.53x)
  M=2     N=262144   G=64  27.30 us (was 76.60, 2.81x)
  M=2     N=393216   G=64  27.30 us (was 99.40, 3.64x)
  M=2     N=524288   G=64  28.80 us (was 124.40, 4.32x)
  M=2     N=786432   G=64  30.40 us (was 169.10, 5.56x)
  M=2     N=1048576  G=64  31.60 us (was 243.40, 7.70x)
  M=4     N=24576    G=16  21.00 us (was 25.10, 1.20x)
  M=4     N=32768    G=32  21.50 us (was 27.20, 1.26x)
  M=4     N=49152    G=16  21.80 us (was 30.90, 1.42x)
  M=4     N=65536    G=16  21.70 us (was 34.30, 1.58x)
  M=4     N=98304    G=16  23.20 us (was 42.10, 1.81x)
  M=4     N=131072   G=32  24.50 us (was 49.60, 2.02x)
  M=4     N=196608   G=32  26.10 us (was 63.80, 2.44x)
  M=4     N=262144   G=32  27.90 us (was 76.70, 2.75x)
  M=4     N=393216   G=32  29.10 us (was 100.40, 3.45x)
  M=4     N=524288   G=32  30.30 us (was 124.20, 4.10x)
  M=4     N=786432   G=64  31.90 us (was 169.00, 5.30x)
  M=4     N=1048576  G=64  33.70 us (was 244.60, 7.26x)
  M=8     N=24576    G=32  22.00 us (was 25.60, 1.16x)
  M=8     N=32768    G=8   22.30 us (was 27.70, 1.24x)
  M=8     N=49152    G=8   22.70 us (was 31.60, 1.39x)
  M=8     N=65536    G=16  23.00 us (was 34.90, 1.52x)
  M=8     N=98304    G=16  24.20 us (was 42.60, 1.76x)
  M=8     N=131072   G=16  25.60 us (was 50.00, 1.95x)
  M=8     N=196608   G=16  27.50 us (was 64.30, 2.34x)
  M=8     N=262144   G=32  29.70 us (was 77.80, 2.62x)
  M=8     N=393216   G=32  31.00 us (was 101.60, 3.28x)
  M=8     N=524288   G=64  33.70 us (was 125.10, 3.71x)
  M=8     N=786432   G=32  34.60 us (was 170.10, 4.92x)
  M=8     N=1048576  G=64  37.70 us (was 244.20, 6.48x)
  M=16    N=24576    G=64  23.00 us (was 25.70, 1.12x)
  M=16    N=32768    G=8   23.00 us (was 27.80, 1.21x)
  M=16    N=49152    G=8   23.40 us (was 31.40, 1.34x)
  M=16    N=65536    G=8   24.10 us (was 35.00, 1.45x)
  M=16    N=98304    G=8   25.50 us (was 42.80, 1.68x)
  M=16    N=131072   G=16  27.00 us (was 50.10, 1.86x)
  M=16    N=196608   G=16  29.50 us (was 64.50, 2.19x)
  M=16    N=262144   G=32  33.00 us (was 78.20, 2.37x)
  M=16    N=393216   G=16  33.90 us (was 101.80, 3.00x)
  M=16    N=524288   G=32  37.00 us (was 145.10, 3.92x)
  M=16    N=786432   G=32  40.10 us (was 229.90, 5.73x)
  M=16    N=1048576  G=32  42.60 us (was 293.00, 6.88x)
  M=32    N=24576    G=16  23.30 us (was 26.00, 1.12x)
  M=32    N=32768    G=8   23.30 us (was 27.90, 1.20x)
  M=32    N=49152    G=8   23.70 us (was 31.60, 1.33x)
  M=32    N=65536    G=8   24.30 us (was 35.30, 1.45x)
  M=32    N=98304    G=8   25.90 us (was 42.90, 1.66x)
  M=32    N=131072   G=8   28.70 us (was 50.60, 1.76x)
  M=32    N=196608   G=8   30.90 us (was 65.00, 2.10x)
  M=32    N=262144   G=16  34.90 us (was 90.90, 2.60x)
  M=32    N=393216   G=16  37.60 us (was 133.20, 3.54x)
  M=32    N=524288   G=16  39.90 us (was 166.20, 4.17x)
  M=32    N=786432   G=16  45.10 us (was 230.50, 5.11x)
  M=32    N=1048576  G=16  51.50 us (was 300.40, 5.83x)
  M=64    N=24576    G=16  25.20 us (was 26.10, 1.04x)
  M=64    N=32768    G=8   24.70 us (was 28.20, 1.14x)
  M=64    N=49152    G=8   25.20 us (was 32.00, 1.27x)
  M=64    N=65536    G=8   25.80 us (was 35.60, 1.38x)
  M=64    N=98304    G=8   27.80 us (was 48.90, 1.76x)
  M=64    N=131072   G=8   30.40 us (was 57.60, 1.90x)
  M=64    N=196608   G=8   35.10 us (was 81.00, 2.31x)
  M=64    N=262144   G=8   39.20 us (was 100.00, 2.55x)
  M=64    N=393216   G=8   43.70 us (was 134.00, 3.07x)
  M=64    N=524288   G=16  48.80 us (was 167.90, 3.44x)
  M=64    N=786432   G=16  57.40 us (was 231.80, 4.04x)
  M=64    N=1048576  G=16  69.40 us (was 353.30, 5.09x)
  M=128   N=24576    G=1   26.60 us (was 26.60, 1.00x)
  M=128   N=32768    G=8   26.50 us (was 31.60, 1.19x)
  M=128   N=49152    G=8   27.60 us (was 36.80, 1.33x)
  M=128   N=65536    G=8   29.00 us (was 40.40, 1.39x)
  M=128   N=98304    G=8   31.90 us (was 52.20, 1.64x)
  M=128   N=131072   G=8   34.90 us (was 62.60, 1.79x)
  M=128   N=196608   G=8   40.80 us (was 82.00, 2.01x)
  M=128   N=262144   G=8   46.90 us (was 101.20, 2.16x)
  M=128   N=393216   G=8   55.70 us (was 135.70, 2.44x)
  M=128   N=524288   G=8   67.90 us (was 198.70, 2.93x)
  M=128   N=786432   G=16  100.40 us (was 296.70, 2.96x)
  M=128   N=1048576  G=16  124.90 us (was 387.30, 3.10x)
  M=256   N=24576    G=1   29.80 us (was 29.80, 1.00x)
  M=256   N=32768    G=1   32.20 us (was 32.20, 1.00x)
  M=256   N=49152    G=8   34.60 us (was 37.60, 1.09x)
  M=256   N=65536    G=8   36.80 us (was 42.80, 1.16x)
  M=256   N=98304    G=8   41.80 us (was 53.50, 1.28x)
  M=256   N=131072   G=8   46.90 us (was 64.10, 1.37x)
  M=256   N=196608   G=8   56.90 us (was 84.00, 1.48x)
  M=256   N=262144   G=8   68.50 us (was 123.90, 1.81x)
  M=256   N=393216   G=8   99.60 us (was 179.00, 1.80x)
  M=256   N=524288   G=8   126.10 us (was 227.10, 1.80x)
  M=256   N=786432   G=16  178.40 us (was 320.40, 1.80x)
  M=256   N=1048576  G=16  215.70 us (was 409.80, 1.90x)
  M=512   N=24576    G=1   37.20 us (was 37.20, 1.00x)
  M=512   N=32768    G=1   40.00 us (was 40.00, 1.00x)
  M=512   N=49152    G=1   45.60 us (was 45.60, 1.00x)
  M=512   N=65536    G=1   51.20 us (was 51.20, 1.00x)
  M=512   N=98304    G=2   61.60 us (was 63.30, 1.03x)
  M=512   N=131072   G=2   72.80 us (was 88.80, 1.22x)
  M=512   N=196608   G=8   110.00 us (was 140.80, 1.28x)
  M=512   N=262144   G=4   138.50 us (was 178.60, 1.29x)
  M=512   N=393216   G=8   187.80 us (was 253.60, 1.35x)
  M=512   N=524288   G=8   221.70 us (was 273.30, 1.23x)
  M=512   N=786432   G=2   317.60 us (was 403.00, 1.27x)
  M=512   N=1048576  G=16  431.00 us (was 599.70, 1.39x)
  M=1024  N=24576    G=1   51.60 us (was 51.60, 1.00x)
  M=1024  N=32768    G=1   56.90 us (was 56.90, 1.00x)
  M=1024  N=49152    G=1   67.10 us (was 67.10, 1.00x)
  M=1024  N=65536    G=1   77.80 us (was 77.80, 1.00x)
  M=1024  N=98304    G=2   121.20 us (was 126.00, 1.04x)
  M=1024  N=131072   G=2   153.30 us (was 159.80, 1.04x)
  M=1024  N=196608   G=8   223.60 us (was 235.90, 1.05x)
  M=1024  N=262144   G=8   247.90 us (was 253.00, 1.02x)
  M=1024  N=393216   G=1   343.90 us (was 343.90, 1.00x)
  M=1024  N=524288   G=8   470.20 us (was 513.90, 1.09x)
  M=1024  N=786432   G=1   647.80 us (was 647.80, 1.00x)
  M=1024  N=1048576  G=16  853.90 us (was 944.10, 1.11x)
  M=2048  N=24576    G=1   98.50 us (was 98.50, 1.00x)
  M=2048  N=32768    G=1   109.10 us (was 109.10, 1.00x)
  M=2048  N=49152    G=2   150.10 us (was 155.80, 1.04x)
  M=2048  N=65536    G=2   184.10 us (was 189.70, 1.03x)
  M=2048  N=98304    G=2   248.10 us (was 260.40, 1.05x)
  M=2048  N=131072   G=8   271.70 us (was 279.70, 1.03x)
  M=2048  N=196608   G=8   392.80 us (was 412.00, 1.05x)
  M=2048  N=262144   G=8   529.70 us (was 563.30, 1.06x)
  M=2048  N=393216   G=8   686.70 us (was 723.60, 1.05x)
  M=2048  N=524288   G=8   925.40 us (was 1012.70, 1.09x)
  M=2048  N=786432   G=16  1320.30 us (was 1421.50, 1.08x)
  M=2048  N=1048576  G=16  1690.90 us (was 1846.80, 1.09x)
  M=4096  N=24576    G=1   206.00 us (was 206.00, 1.00x)
  M=4096  N=32768    G=2   236.10 us (was 243.10, 1.03x)
  M=4096  N=49152    G=2   286.90 us (was 305.60, 1.06x)
  M=4096  N=65536    G=2   319.80 us (was 329.50, 1.03x)
  M=4096  N=98304    G=2   445.20 us (was 464.30, 1.04x)
  M=4096  N=131072   G=8   581.00 us (was 609.80, 1.05x)
  M=4096  N=196608   G=8   780.40 us (was 831.50, 1.06x)
  M=4096  N=262144   G=8   1039.80 us (was 1098.10, 1.06x)
  M=4096  N=393216   G=8   1416.00 us (was 1531.60, 1.08x)
  M=4096  N=524288   G=8   1847.10 us (was 1990.80, 1.08x)
  M=4096  N=786432   G=16  2627.00 us (was 2794.20, 1.06x)
  M=4096  N=1048576  G=16  3029.80 us (was 3158.90, 1.04x)

WROTE /home/mh/topk-prefill-avo/log/coop_sweep_half.tsv
WROTE /home/mh/topk-prefill-avo/log/coop_sweep_half.json
