m	n	g	us	path	stddev_pct
256	131072	1	64.40	prefill	0.07
256	131072	2	50.80	decode	0.04
256	131072	4	52.20	decode	0.08
256	131072	8	47.20	decode	0.10
256	131072	16	53.00	decode	0.04
256	131072	32	70.90	decode	0.14
512	131072	1	88.70	prefill	0.04
512	131072	2	73.00	prefill	0.05
512	131072	4	83.40	prefill	0.06
512	131072	8	76.50	prefill	0.17
512	131072	16	88.20	prefill	0.06
512	131072	32	114.90	prefill	0.09
1024	131072	1	159.80	prefill	0.11
1024	131072	2	153.20	prefill	0.06
1024	131072	4	161.00	prefill	0.09
1024	131072	8	153.80	prefill	0.09
1024	131072	16	171.20	prefill	0.09
1024	131072	32	212.00	prefill	0.07
2048	131072	1	278.90	prefill	0.12
2048	131072	2	273.20	prefill	0.10
2048	131072	4	279.60	prefill	0.08
2048	131072	8	271.00	prefill	0.11
2048	131072	16	308.00	prefill	0.05
2048	131072	32	394.00	prefill	0.06
4096	131072	1	607.50	prefill	0.04
4096	131072	2	579.80	prefill	0.06
4096	131072	4	589.00	prefill	0.07
4096	131072	8	578.50	prefill	0.10
4096	131072	16	641.60	prefill	0.07
4096	131072	32	776.70	prefill	0.04
256	262144	1	123.40	prefill	0.04
256	262144	2	82.20	decode	0.09
256	262144	4	69.70	decode	0.06
256	262144	8	68.60	decode	0.05
256	262144	16	74.50	decode	0.00
256	262144	32	89.20	decode	0.11
512	262144	1	178.60	prefill	0.08
512	262144	2	142.70	prefill	0.14
512	262144	4	138.40	prefill	0.06
512	262144	8	141.30	prefill	0.08
512	262144	16	149.60	prefill	0.10
512	262144	32	172.00	prefill	0.07
1024	262144	1	252.60	prefill	0.10
1024	262144	2	261.50	prefill	0.12
1024	262144	4	251.90	prefill	0.14
1024	262144	8	248.20	prefill	0.08
1024	262144	16	252.10	prefill	0.12
1024	262144	32	293.20	prefill	0.04
2048	262144	1	562.50	prefill	0.11
2048	262144	2	543.20	prefill	0.08
2048	262144	4	532.70	prefill	0.09
2048	262144	8	529.00	prefill	0.14
2048	262144	16	555.60	prefill	0.13
2048	262144	32	627.60	prefill	0.13
4096	262144	1	1095.10	prefill	0.07
4096	262144	2	1059.60	prefill	0.03
4096	262144	4	1043.20	prefill	0.05
4096	262144	8	1035.60	prefill	0.07
4096	262144	16	1092.50	prefill	0.08
4096	262144	32	1227.90	prefill	0.10
256	524288	1	226.70	prefill	0.10
256	524288	2	164.10	decode	0.18
256	524288	4	131.60	decode	0.10
256	524288	8	126.20	decode	0.10
256	524288	16	133.20	decode	0.07
256	524288	32	146.60	decode	0.06
512	524288	1	271.80	prefill	0.09
512	524288	2	243.50	prefill	0.17
512	524288	4	237.00	prefill	0.15
512	524288	8	221.80	prefill	0.12
512	524288	16	224.60	prefill	0.10
512	524288	32	231.80	prefill	0.13
1024	524288	1	514.00	prefill	0.09
1024	524288	2	494.30	prefill	0.10
1024	524288	4	487.40	prefill	0.11
1024	524288	8	469.90	prefill	0.13
1024	524288	16	482.10	prefill	0.10
1024	524288	32	517.20	prefill	0.13
2048	524288	1	1010.80	prefill	0.06
2048	524288	2	969.40	prefill	0.06
2048	524288	4	953.20	prefill	0.04
2048	524288	8	925.50	prefill	0.07
2048	524288	16	947.50	prefill	0.10
2048	524288	32	1013.20	prefill	0.04
4096	524288	1	1988.80	prefill	0.04
4096	524288	2	1911.70	prefill	0.04
4096	524288	4	1883.80	prefill	0.07
4096	524288	8	1846.30	prefill	0.07
4096	524288	16	1878.70	prefill	0.10
4096	524288	32	2007.80	prefill	0.07
256	1048576	1	411.60	prefill	0.07
256	1048576	2	261.30	decode	0.09
256	1048576	4	238.10	decode	0.08
256	1048576	8	226.90	decode	0.20
256	1048576	16	215.30	decode	0.13
256	1048576	32	220.30	decode	0.18
512	1048576	1	599.00	prefill	0.06
512	1048576	2	465.60	prefill	0.11
512	1048576	4	451.80	prefill	0.17
512	1048576	8	448.00	prefill	0.11
512	1048576	16	431.00	prefill	0.17
512	1048576	32	445.60	prefill	0.09
1024	1048576	1	944.00	prefill	0.05
1024	1048576	2	919.30	prefill	0.08
1024	1048576	4	896.30	prefill	0.11
1024	1048576	8	884.20	prefill	0.08
1024	1048576	16	852.70	prefill	0.07
1024	1048576	32	872.10	prefill	0.07
2048	1048576	1	1845.20	prefill	0.03
2048	1048576	2	1799.30	prefill	0.05
2048	1048576	4	1751.50	prefill	0.07
2048	1048576	8	1736.60	prefill	0.08
2048	1048576	16	1690.60	prefill	0.05
2048	1048576	32	1720.00	prefill	0.06
4096	1048576	1	3161.90	prefill	1.13
4096	1048576	2	3141.00	prefill	0.95
4096	1048576	4	3130.60	prefill	0.57
4096	1048576	8	3111.80	prefill	0.64
4096	1048576	16	3026.20	prefill	1.02
4096	1048576	32	3026.30	prefill	0.79

=== per-cell optima ===
  M=256   N=131072   G=8   47.20 us (was 64.40, 1.36x)
  M=256   N=262144   G=8   68.60 us (was 123.40, 1.80x)
  M=256   N=524288   G=8   126.20 us (was 226.70, 1.80x)
  M=256   N=1048576  G=16  215.30 us (was 411.60, 1.91x)
  M=512   N=131072   G=2   73.00 us (was 88.70, 1.22x)
  M=512   N=262144   G=4   138.40 us (was 178.60, 1.29x)
  M=512   N=524288   G=8   221.80 us (was 271.80, 1.23x)
  M=512   N=1048576  G=16  431.00 us (was 599.00, 1.39x)
  M=1024  N=131072   G=2   153.20 us (was 159.80, 1.04x)
  M=1024  N=262144   G=8   248.20 us (was 252.60, 1.02x)
  M=1024  N=524288   G=8   469.90 us (was 514.00, 1.09x)
  M=1024  N=1048576  G=16  852.70 us (was 944.00, 1.11x)
  M=2048  N=131072   G=8   271.00 us (was 278.90, 1.03x)
  M=2048  N=262144   G=8   529.00 us (was 562.50, 1.06x)
  M=2048  N=524288   G=8   925.50 us (was 1010.80, 1.09x)
  M=2048  N=1048576  G=16  1690.60 us (was 1845.20, 1.09x)
  M=4096  N=131072   G=8   578.50 us (was 607.50, 1.05x)
  M=4096  N=262144   G=8   1035.60 us (was 1095.10, 1.06x)
  M=4096  N=524288   G=8   1846.30 us (was 1988.80, 1.08x)
  M=4096  N=1048576  G=16  3026.20 us (was 3161.90, 1.04x)

WROTE /home/mh/topk-prefill-avo/log/coop_sweep.tsv
WROTE /home/mh/topk-prefill-avo/log/coop_sweep.json
