m	n	g	us	path	stddev_pct
1	20480	1	23.20	prefill	0.16
1	20480	2	23.00	decode	0.00
1	20480	4	21.50	decode	0.17
1	20480	8	21.10	decode	0.11
1	20480	16	20.40	decode	2.00
1	20480	32	20.40	decode	0.20
1	20480	64	20.50	decode	0.14
2	20480	1	24.10	prefill	0.31
2	20480	2	23.10	decode	0.12
2	20480	4	21.80	decode	2.35
2	20480	8	21.60	decode	0.35
2	20480	16	20.70	decode	0.18
2	20480	32	20.70	decode	0.18
2	20480	64	20.70	decode	0.08
4	20480	1	24.30	prefill	0.28
4	20480	2	23.80	decode	0.23
4	20480	4	22.50	decode	0.33
4	20480	8	21.80	decode	0.31
4	20480	16	20.90	decode	0.57
4	20480	32	21.00	decode	0.59
4	20480	64	21.00	decode	0.43
8	20480	1	24.70	prefill	0.22
8	20480	2	25.20	decode	0.11
8	20480	4	24.20	decode	0.40
8	20480	8	22.70	decode	0.37
8	20480	16	21.80	decode	0.15
8	20480	32	21.70	decode	0.54
8	20480	64	21.80	decode	0.17
16	20480	1	24.80	prefill	0.28
16	20480	2	27.60	decode	0.21
16	20480	4	26.90	decode	0.14
16	20480	8	24.30	decode	0.23
16	20480	16	22.80	decode	0.21
16	20480	32	22.80	decode	0.25
16	20480	64	23.00	decode	0.36
32	20480	1	25.00	prefill	0.22
32	20480	2	28.00	decode	0.17
32	20480	4	27.30	decode	0.13
32	20480	8	24.80	decode	1.25
32	20480	16	23.00	decode	0.38
32	20480	32	23.00	decode	0.32
32	20480	64	23.00	decode	0.16
64	20480	1	25.20	prefill	0.21
64	20480	2	32.10	decode	0.21
64	20480	4	31.40	decode	0.30
64	20480	8	27.70	decode	0.18
64	20480	16	24.70	decode	0.22
64	20480	32	24.70	decode	0.21
64	20480	64	24.70	decode	0.07
128	20480	1	25.60	prefill	0.14
128	20480	2	32.60	decode	0.26
128	20480	4	32.90	decode	0.07
128	20480	8	30.50	decode	0.65
128	20480	16	27.60	decode	0.10
128	20480	32	27.60	decode	0.31
128	20480	64	27.60	decode	0.24
256	20480	1	28.30	prefill	0.10
256	20480	2	34.20	decode	0.10
256	20480	4	40.80	decode	0.22
256	20480	8	38.30	decode	0.15
256	20480	16	33.00	decode	0.38
256	20480	32	33.10	decode	0.47
256	20480	64	33.10	decode	0.17
512	20480	1	35.20	prefill	0.36
512	20480	2	43.00	prefill	0.07
512	20480	4	57.00	prefill	0.58
512	20480	8	53.40	prefill	0.12
512	20480	16	47.30	prefill	0.16
512	20480	32	47.20	prefill	0.06
512	20480	64	47.20	prefill	0.09
1024	20480	1	49.30	prefill	0.11
1024	20480	2	65.40	prefill	0.07
1024	20480	4	81.30	prefill	0.09
1024	20480	8	79.90	prefill	0.09
1024	20480	16	73.20	prefill	0.07
1024	20480	32	73.20	prefill	0.04
1024	20480	64	73.20	prefill	0.03
2048	20480	1	93.40	prefill	0.11
2048	20480	2	108.90	prefill	0.04
2048	20480	4	138.00	prefill	0.07
2048	20480	8	140.40	prefill	0.06
2048	20480	16	132.60	prefill	0.04
2048	20480	32	132.60	prefill	0.03
2048	20480	64	132.60	prefill	0.04
4096	20480	1	182.50	prefill	0.12
4096	20480	2	198.30	prefill	0.09
4096	20480	4	242.90	prefill	0.15
4096	20480	8	270.50	prefill	0.09
4096	20480	16	258.30	prefill	0.10
4096	20480	32	258.30	prefill	0.07
4096	20480	64	258.20	prefill	0.07
1	28672	1	25.00	prefill	0.15
1	28672	2	23.90	decode	0.07
1	28672	4	21.80	decode	0.13
1	28672	8	20.70	decode	0.11
1	28672	16	20.40	decode	0.11
1	28672	32	20.30	decode	0.14
1	28672	64	20.30	decode	0.14
2	28672	1	25.80	prefill	0.09
2	28672	2	23.90	decode	0.10
2	28672	4	22.30	decode	0.15
2	28672	8	21.20	decode	0.11
2	28672	16	20.70	decode	0.08
2	28672	32	20.70	decode	0.16
2	28672	64	20.70	decode	0.08
4	28672	1	26.00	prefill	0.14
4	28672	2	24.90	decode	0.09
4	28672	4	22.90	decode	0.16
4	28672	8	21.70	decode	0.25
4	28672	16	21.10	decode	0.17
4	28672	32	21.20	decode	0.27
4	28672	64	21.10	decode	0.26
8	28672	1	26.50	prefill	0.18
8	28672	2	26.10	decode	0.11
8	28672	4	24.60	decode	0.09
8	28672	8	22.00	decode	0.13
8	28672	16	22.10	decode	0.10
8	28672	32	22.10	decode	0.15
8	28672	64	22.10	decode	0.17
16	28672	1	26.70	prefill	0.19
16	28672	2	28.30	decode	0.10
16	28672	4	27.40	decode	0.15
16	28672	8	22.80	decode	0.19
16	28672	16	23.40	decode	0.14
16	28672	32	23.40	decode	0.12
16	28672	64	23.50	decode	0.14
32	28672	1	26.80	prefill	0.12
32	28672	2	28.80	decode	0.13
32	28672	4	27.70	decode	0.19
32	28672	8	23.00	decode	0.19
32	28672	16	24.20	decode	0.18
32	28672	32	24.20	decode	0.10
32	28672	64	24.30	decode	0.18
64	28672	1	27.20	prefill	0.18
64	28672	2	32.70	decode	0.10
64	28672	4	32.60	decode	0.17
64	28672	8	24.40	decode	0.07
64	28672	16	26.70	decode	0.23
64	28672	32	26.40	decode	0.14
64	28672	64	26.40	decode	0.09
128	28672	1	27.50	prefill	0.13
128	28672	2	33.60	decode	0.05
128	28672	4	36.90	decode	0.06
128	28672	8	26.60	decode	0.10
128	28672	16	30.30	decode	0.13
128	28672	32	30.20	decode	0.09
128	28672	64	30.20	decode	0.13
256	28672	1	31.00	prefill	0.09
256	28672	2	35.60	decode	0.11
256	28672	4	43.20	decode	0.10
256	28672	8	32.50	decode	0.10
256	28672	16	38.10	decode	0.06
256	28672	32	38.10	decode	0.06
256	28672	64	38.20	decode	0.09
512	28672	1	38.70	prefill	0.07
512	28672	2	45.20	prefill	0.05
512	28672	4	59.60	prefill	0.05
512	28672	8	46.70	prefill	0.05
512	28672	16	55.80	prefill	0.05
512	28672	32	55.90	prefill	0.04
512	28672	64	56.00	prefill	0.09
1024	28672	1	54.10	prefill	0.06
1024	28672	2	69.00	prefill	0.03
1024	28672	4	86.20	prefill	0.07
1024	28672	8	72.20	prefill	0.06
1024	28672	16	88.70	prefill	0.04
1024	28672	32	88.70	prefill	0.04
1024	28672	64	88.80	prefill	0.04
2048	28672	1	103.20	prefill	0.08
2048	28672	2	121.90	prefill	0.04
2048	28672	4	153.20	prefill	0.05
2048	28672	8	140.00	prefill	0.06
2048	28672	16	169.80	prefill	0.07
2048	28672	32	169.80	prefill	0.10
2048	28672	64	169.70	prefill	0.08
4096	28672	1	225.10	prefill	0.10
4096	28672	2	224.80	prefill	0.06
4096	28672	4	270.10	prefill	0.08
4096	28672	8	264.60	prefill	0.07
4096	28672	16	324.10	prefill	0.05
4096	28672	32	324.40	prefill	0.08
4096	28672	64	324.20	prefill	0.08
1	114688	1	44.70	prefill	0.06
1	114688	2	34.90	decode	0.00
1	114688	4	28.30	decode	0.08
1	114688	8	24.40	decode	0.07
1	114688	16	23.00	decode	0.12
1	114688	32	22.30	decode	0.07
1	114688	64	22.00	decode	0.00
2	114688	1	45.50	prefill	0.06
2	114688	2	34.60	decode	0.08
2	114688	4	28.60	decode	0.06
2	114688	8	24.70	decode	0.11
2	114688	16	23.30	decode	0.16
2	114688	32	22.80	decode	0.16
2	114688	64	22.90	decode	0.16
4	114688	1	46.00	prefill	0.15
4	114688	2	36.20	decode	0.00
4	114688	4	28.90	decode	0.11
4	114688	8	25.00	decode	0.17
4	114688	16	23.80	decode	0.22
4	114688	32	23.80	decode	0.28
4	114688	64	24.50	decode	0.23
8	114688	1	46.40	prefill	0.08
8	114688	2	36.60	decode	0.08
8	114688	4	30.20	decode	0.17
8	114688	8	25.70	decode	0.20
8	114688	16	25.00	decode	0.22
8	114688	32	25.60	decode	0.15
8	114688	64	27.40	decode	0.20
16	114688	1	46.50	prefill	0.10
16	114688	2	37.80	decode	0.09
16	114688	4	32.80	decode	0.05
16	114688	8	26.40	decode	0.11
16	114688	16	26.40	decode	0.09
16	114688	32	28.60	decode	0.10
16	114688	64	32.60	decode	0.05
32	114688	1	46.80	prefill	0.05
32	114688	2	38.20	decode	0.06
32	114688	4	33.40	decode	0.12
32	114688	8	26.80	decode	0.12
32	114688	16	28.00	decode	0.19
32	114688	32	32.30	decode	0.07
32	114688	64	40.80	decode	0.13
64	114688	1	48.20	prefill	0.07
64	114688	2	43.00	decode	0.07
64	114688	4	38.20	decode	0.06
64	114688	8	29.10	decode	0.10
64	114688	16	31.40	decode	0.09
64	114688	32	40.50	decode	0.06
64	114688	64	54.20	decode	0.09
128	114688	1	57.20	prefill	0.04
128	114688	2	44.70	decode	0.08
128	114688	4	42.20	decode	0.07
128	114688	8	33.60	decode	0.05
128	114688	16	39.30	decode	0.18
128	114688	32	51.80	decode	0.14
128	114688	64	72.80	decode	0.07
256	114688	1	58.90	prefill	0.05
256	114688	2	48.20	decode	0.07
256	114688	4	50.20	decode	0.06
256	114688	8	44.60	decode	0.07
256	114688	16	51.20	decode	0.06
256	114688	32	70.00	decode	0.06
256	114688	64	100.40	decode	0.07
512	114688	1	75.30	prefill	0.07
512	114688	2	66.60	prefill	0.10
512	114688	4	77.00	prefill	0.05
512	114688	8	68.70	prefill	0.05
512	114688	16	79.20	prefill	0.04
512	114688	32	108.80	prefill	0.04
512	114688	64	158.20	prefill	0.14
1024	114688	1	141.30	prefill	0.04
1024	114688	2	136.90	prefill	0.06
1024	114688	4	144.80	prefill	0.05
1024	114688	8	139.10	prefill	0.05
1024	114688	16	159.30	prefill	0.10
1024	114688	32	206.90	prefill	0.05
1024	114688	64	284.00	prefill	0.06
2048	114688	1	284.90	prefill	0.04
2048	114688	2	272.30	prefill	0.11
2048	114688	4	279.80	prefill	0.07
2048	114688	8	276.00	prefill	0.08
2048	114688	16	311.00	prefill	0.07
2048	114688	32	396.70	prefill	0.06
2048	114688	64	534.00	prefill	0.09
4096	114688	1	510.50	prefill	0.05
4096	114688	2	493.70	prefill	0.03
4096	114688	4	501.20	prefill	0.03
4096	114688	8	500.10	prefill	0.10
4096	114688	16	578.30	prefill	0.06
4096	114688	32	754.40	prefill	0.07
4096	114688	64	1014.80	prefill	0.06
1	163840	1	55.60	prefill	0.04
1	163840	2	41.40	decode	0.00
1	163840	4	32.00	decode	0.05
1	163840	8	26.80	decode	0.00
1	163840	16	24.60	decode	0.09
1	163840	32	23.70	decode	0.07
1	163840	64	23.50	decode	0.07
2	163840	1	56.70	prefill	0.04
2	163840	2	41.10	decode	0.04
2	163840	4	32.30	decode	0.07
2	163840	8	27.10	decode	0.09
2	163840	16	25.00	decode	0.09
2	163840	32	24.30	decode	0.12
2	163840	64	24.50	decode	0.11
4	163840	1	56.60	prefill	0.06
4	163840	2	42.20	decode	0.04
4	163840	4	32.40	decode	0.05
4	163840	8	27.20	decode	0.00
4	163840	16	25.30	decode	0.13
4	163840	32	25.10	decode	0.11
4	163840	64	26.10	decode	0.14
8	163840	1	57.00	prefill	0.05
8	163840	2	42.40	decode	0.12
8	163840	4	33.20	decode	0.14
8	163840	8	28.00	decode	0.15
8	163840	16	26.30	decode	0.19
8	163840	32	26.80	decode	0.18
8	163840	64	29.20	decode	0.19
16	163840	1	57.50	prefill	0.04
16	163840	2	43.40	decode	0.05
16	163840	4	35.90	decode	0.04
16	163840	8	28.70	decode	0.11
16	163840	16	28.20	decode	0.14
16	163840	32	30.00	decode	0.13
16	163840	64	35.50	decode	0.14
32	163840	1	57.60	prefill	0.04
32	163840	2	47.20	decode	0.05
32	163840	4	36.50	decode	0.15
32	163840	8	29.20	decode	0.00
32	163840	16	30.10	decode	0.29
32	163840	32	34.30	decode	0.05
32	163840	64	46.90	decode	0.06
64	163840	1	71.40	prefill	0.04
64	163840	2	50.40	decode	0.04
64	163840	4	43.10	decode	0.07
64	163840	8	32.70	decode	0.09
64	163840	16	34.60	decode	0.08
64	163840	32	42.70	decode	0.09
64	163840	64	61.00	decode	0.09
128	163840	1	72.10	prefill	0.04
128	163840	2	51.40	decode	0.03
128	163840	4	46.50	decode	0.08
128	163840	8	37.90	decode	0.06
128	163840	16	43.10	decode	0.04
128	163840	32	54.40	decode	0.06
128	163840	64	82.70	decode	0.16
256	163840	1	74.30	prefill	0.04
256	163840	2	56.00	decode	0.05
256	163840	4	56.20	decode	0.05
256	163840	8	51.80	decode	0.04
256	163840	16	57.60	decode	0.04
256	163840	32	75.10	decode	0.04
256	163840	64	122.30	decode	0.32
512	163840	1	118.80	prefill	0.21
512	163840	2	96.30	prefill	0.18
512	163840	4	98.50	prefill	0.10
512	163840	8	97.00	prefill	0.15
512	163840	16	108.00	prefill	0.10
512	163840	32	133.50	prefill	0.03
512	163840	64	203.40	prefill	0.10
1024	163840	1	199.10	prefill	0.09
1024	163840	2	193.20	prefill	0.09
1024	163840	4	194.20	prefill	0.09
1024	163840	8	193.80	prefill	0.05
1024	163840	16	208.70	prefill	0.07
1024	163840	32	251.00	prefill	0.09
1024	163840	64	369.60	prefill	0.08
2048	163840	1	346.60	prefill	0.08
2048	163840	2	340.40	prefill	0.10
2048	163840	4	339.80	prefill	0.07
2048	163840	8	336.20	prefill	0.08
2048	163840	16	365.50	prefill	0.12
2048	163840	32	457.90	prefill	0.05
2048	163840	64	688.80	prefill	0.10
4096	163840	1	747.10	prefill	0.05
4096	163840	2	716.80	prefill	0.06
4096	163840	4	709.60	prefill	0.06
4096	163840	8	708.80	prefill	0.04
4096	163840	16	774.70	prefill	0.05
4096	163840	32	918.60	prefill	0.05
4096	163840	64	1331.10	prefill	0.09
1	229376	1	69.00	prefill	0.05
1	229376	2	48.80	decode	0.06
1	229376	4	36.50	decode	0.06
1	229376	8	29.80	decode	0.06
1	229376	16	26.90	decode	0.09
1	229376	32	25.50	decode	0.11
1	229376	64	25.00	decode	0.00
2	229376	1	69.90	prefill	0.06
2	229376	2	48.50	decode	0.03
2	229376	4	36.80	decode	0.00
2	229376	8	30.00	decode	0.05
2	229376	16	27.10	decode	0.09
2	229376	32	26.00	decode	0.12
2	229376	64	26.00	decode	0.09
4	229376	1	70.10	prefill	0.08
4	229376	2	49.60	decode	0.06
4	229376	4	37.00	decode	0.10
4	229376	8	30.50	decode	0.12
4	229376	16	27.50	decode	0.20
4	229376	32	27.00	decode	0.17
4	229376	64	27.60	decode	0.18
8	229376	1	70.70	prefill	0.07
8	229376	2	50.00	decode	0.05
8	229376	4	37.60	decode	0.14
8	229376	8	31.00	decode	0.17
8	229376	16	28.80	decode	0.11
8	229376	32	28.80	decode	0.18
8	229376	64	31.20	decode	0.20
16	229376	1	71.30	prefill	0.03
16	229376	2	51.20	decode	0.04
16	229376	4	40.00	decode	0.08
16	229376	8	31.90	decode	0.13
16	229376	16	30.40	decode	0.11
16	229376	32	32.00	decode	0.10
16	229376	64	37.20	decode	0.10
32	229376	1	82.10	prefill	0.03
32	229376	2	55.70	decode	0.04
32	229376	4	43.00	decode	0.07
32	229376	8	33.80	decode	0.13
32	229376	16	33.10	decode	0.26
32	229376	32	37.20	decode	0.06
32	229376	64	49.50	decode	0.07
64	229376	1	90.60	prefill	0.03
64	229376	2	60.20	decode	0.04
64	229376	4	48.40	decode	0.06
64	229376	8	36.70	decode	0.11
64	229376	16	38.20	decode	0.07
64	229376	32	46.30	decode	0.07
64	229376	64	64.10	decode	0.08
128	229376	1	91.50	prefill	0.05
128	229376	2	61.50	decode	0.07
128	229376	4	52.20	decode	0.04
128	229376	8	44.00	decode	0.05
128	229376	16	48.70	decode	0.06
128	229376	32	59.20	decode	0.11
128	229376	64	86.00	decode	0.11
256	229376	1	93.80	prefill	0.06
256	229376	2	66.80	decode	0.04
256	229376	4	64.60	decode	0.04
256	229376	8	61.90	decode	0.05
256	229376	16	67.20	decode	0.03
256	229376	32	82.80	decode	0.05
256	229376	64	128.20	decode	0.10
512	229376	1	158.50	prefill	0.14
512	229376	2	127.20	prefill	0.05
512	229376	4	123.40	prefill	0.06
512	229376	8	124.20	prefill	0.07
512	229376	16	135.60	prefill	0.04
512	229376	32	159.60	prefill	0.13
512	229376	64	215.80	prefill	0.08
1024	229376	1	260.60	prefill	0.07
1024	229376	2	251.90	prefill	0.09
1024	229376	4	245.50	prefill	0.08
1024	229376	8	245.10	prefill	0.11
1024	229376	16	261.80	prefill	0.09
1024	229376	32	303.30	prefill	0.09
1024	229376	64	392.50	prefill	0.07
2048	229376	1	468.90	prefill	0.06
2048	229376	2	462.70	prefill	0.04
2048	229376	4	454.40	prefill	0.12
2048	229376	8	446.10	prefill	0.05
2048	229376	16	469.30	prefill	0.10
2048	229376	32	556.30	prefill	0.06
2048	229376	64	736.60	prefill	0.08
4096	229376	1	936.90	prefill	0.04
4096	229376	2	916.80	prefill	0.04
4096	229376	4	896.60	prefill	0.07
4096	229376	8	883.80	prefill	0.08
4096	229376	16	944.90	prefill	0.07
4096	229376	32	1104.10	prefill	0.06
4096	229376	64	1424.80	prefill	0.03
1	327680	1	88.10	prefill	0.04
1	327680	2	59.20	decode	0.03
1	327680	4	42.20	decode	0.04
1	327680	8	33.10	decode	0.05
1	327680	16	29.00	decode	0.10
1	327680	32	27.10	decode	0.00
1	327680	64	26.50	decode	0.06
2	327680	1	89.20	prefill	0.04
2	327680	2	58.20	decode	0.04
2	327680	4	42.00	decode	0.06
2	327680	8	33.30	decode	0.07
2	327680	16	29.20	decode	0.05
2	327680	32	27.50	decode	0.08
2	327680	64	27.20	decode	0.09
4	327680	1	89.10	prefill	0.08
4	327680	2	59.80	decode	0.09
4	327680	4	42.60	decode	0.16
4	327680	8	33.40	decode	0.09
4	327680	16	29.60	decode	0.10
4	327680	32	28.50	decode	0.08
4	327680	64	29.10	decode	0.11
8	327680	1	89.30	prefill	0.06
8	327680	2	59.90	decode	0.09
8	327680	4	42.80	decode	0.12
8	327680	8	33.70	decode	0.19
8	327680	16	30.60	decode	0.14
8	327680	32	30.00	decode	0.09
8	327680	64	32.00	decode	0.10
16	327680	1	89.70	prefill	0.03
16	327680	2	60.20	decode	0.04
16	327680	4	47.80	decode	0.06
16	327680	8	34.80	decode	0.11
16	327680	16	32.40	decode	0.09
16	327680	32	33.70	decode	0.08
16	327680	64	38.40	decode	0.08
32	327680	1	116.10	prefill	0.04
32	327680	2	73.00	decode	0.02
32	327680	4	50.80	decode	0.06
32	327680	8	39.00	decode	0.06
32	327680	16	36.00	decode	0.08
32	327680	32	40.20	decode	0.07
32	327680	64	52.60	decode	0.08
64	327680	1	117.10	prefill	0.03
64	327680	2	73.60	decode	0.03
64	327680	4	54.30	decode	0.03
64	327680	8	41.00	decode	0.10
64	327680	16	42.00	decode	0.05
64	327680	32	50.70	decode	0.11
64	327680	64	67.50	decode	0.08
128	327680	1	118.00	prefill	0.02
128	327680	2	74.90	decode	0.06
128	327680	4	58.20	decode	0.03
128	327680	8	50.90	decode	0.04
128	327680	16	54.90	decode	0.03
128	327680	32	65.40	decode	0.06
128	327680	64	91.70	decode	0.14
256	327680	1	153.70	prefill	0.11
256	327680	2	112.40	decode	0.17
256	327680	4	87.30	decode	0.22
256	327680	8	86.60	decode	0.21
256	327680	16	94.80	decode	0.15
256	327680	32	109.60	decode	0.09
256	327680	64	146.80	decode	0.10
512	327680	1	218.50	prefill	0.11
512	327680	2	170.60	prefill	0.11
512	327680	4	167.20	prefill	0.14
512	327680	8	164.80	prefill	0.22
512	327680	16	175.30	prefill	0.11
512	327680	32	197.00	prefill	0.15
512	327680	64	248.20	prefill	0.17
1024	327680	1	294.70	prefill	0.06
1024	327680	2	304.50	prefill	0.14
1024	327680	4	301.80	prefill	0.07
1024	327680	8	293.70	prefill	0.09
1024	327680	16	299.30	prefill	0.14
1024	327680	32	334.60	prefill	0.07
1024	327680	64	440.30	prefill	0.08
2048	327680	1	677.80	prefill	0.03
2048	327680	2	651.80	prefill	0.09
2048	327680	4	642.10	prefill	0.06
2048	327680	8	622.20	prefill	0.12
2048	327680	16	647.00	prefill	0.09
2048	327680	32	730.60	prefill	0.08
2048	327680	64	875.40	prefill	0.06
4096	327680	1	1262.40	prefill	0.04
4096	327680	2	1231.40	prefill	0.08
4096	327680	4	1222.00	prefill	0.04
4096	327680	8	1185.80	prefill	0.15
4096	327680	16	1229.90	prefill	0.07
4096	327680	32	1385.10	prefill	0.08
4096	327680	64	1683.50	prefill	0.04
1	458752	1	111.90	prefill	0.05
1	458752	2	71.80	decode	0.02
1	458752	4	48.80	decode	0.07
1	458752	8	37.40	decode	0.09
1	458752	16	31.40	decode	0.05
1	458752	32	28.60	decode	0.08
1	458752	64	27.60	decode	0.06
2	458752	1	112.60	prefill	0.04
2	458752	2	70.80	decode	0.09
2	458752	4	48.40	decode	0.05
2	458752	8	37.40	decode	0.07
2	458752	16	31.50	decode	0.12
2	458752	32	28.90	decode	0.14
2	458752	64	28.30	decode	0.13
4	458752	1	112.80	prefill	0.03
4	458752	2	72.00	decode	0.00
4	458752	4	48.60	decode	0.05
4	458752	8	37.40	decode	0.09
4	458752	16	31.60	decode	0.11
4	458752	32	29.60	decode	0.23
4	458752	64	29.80	decode	0.12
8	458752	1	114.00	prefill	0.02
8	458752	2	73.10	decode	0.04
8	458752	4	49.40	decode	0.08
8	458752	8	37.90	decode	0.13
8	458752	16	32.80	decode	0.16
8	458752	32	31.50	decode	0.09
8	458752	64	33.30	decode	0.15
16	458752	1	114.80	prefill	0.02
16	458752	2	83.10	decode	0.04
16	458752	4	54.80	decode	0.05
16	458752	8	40.80	decode	0.10
16	458752	16	35.30	decode	0.09
16	458752	32	35.40	decode	0.09
16	458752	64	40.10	decode	0.08
32	458752	1	150.10	prefill	0.06
32	458752	2	89.90	decode	0.03
32	458752	4	59.20	decode	0.06
32	458752	8	43.70	decode	0.05
32	458752	16	38.60	decode	0.06
32	458752	32	42.60	decode	0.09
32	458752	64	54.60	decode	0.05
64	458752	1	150.80	prefill	0.05
64	458752	2	90.50	decode	0.06
64	458752	4	61.60	decode	0.04
64	458752	8	46.30	decode	0.05
64	458752	16	46.20	decode	0.06
64	458752	32	54.40	decode	0.10
64	458752	64	71.80	decode	0.07
128	458752	1	435.20	prefill	0.04
128	458752	2	374.50	decode	0.06
128	458752	4	346.10	decode	0.07
128	458752	8	343.00	decode	0.04
128	458752	16	344.60	decode	0.07
128	458752	32	353.60	decode	0.10
128	458752	64	377.20	decode	0.13
256	458752	1	493.90	prefill	0.06
256	458752	2	435.90	decode	0.07
256	458752	4	402.40	decode	0.05
256	458752	8	403.70	decode	0.10
256	458752	16	399.50	decode	0.10
256	458752	32	413.60	decode	0.05
256	458752	64	446.50	decode	0.08
512	458752	1	583.90	prefill	0.06
512	458752	2	518.00	prefill	0.07
512	458752	4	517.10	prefill	0.07
512	458752	8	508.50	prefill	0.08
512	458752	16	517.00	prefill	0.07
512	458752	32	538.90	prefill	0.07
512	458752	64	590.60	prefill	0.09
1024	458752	1	946.20	prefill	0.10
1024	458752	2	966.90	prefill	0.10
1024	458752	4	961.60	prefill	0.09
1024	458752	8	947.60	prefill	0.06
1024	458752	16	951.40	prefill	0.06
1024	458752	32	978.20	prefill	0.06
1024	458752	64	1080.70	prefill	0.04
2048	458752	1	1376.10	prefill	0.05
2048	458752	2	1348.00	prefill	0.06
2048	458752	4	1352.90	prefill	0.05
2048	458752	8	1334.80	prefill	0.07
2048	458752	16	1339.20	prefill	0.08
2048	458752	32	1409.10	prefill	0.06
2048	458752	64	1593.90	prefill	0.04
4096	458752	1	2231.50	prefill	0.05
4096	458752	2	2196.10	prefill	0.05
4096	458752	4	2185.80	prefill	0.05
4096	458752	8	2134.00	prefill	0.05
4096	458752	16	2133.10	prefill	0.06
4096	458752	32	2286.60	prefill	0.08
4096	458752	64	2625.40	prefill	0.03
1	655360	1	146.30	prefill	0.02
1	655360	2	91.50	decode	0.06
1	655360	4	59.70	decode	0.06
1	655360	8	43.20	decode	0.09
1	655360	16	34.70	decode	0.10
1	655360	32	30.90	decode	0.12
1	655360	64	29.20	decode	0.14
2	655360	1	146.90	prefill	0.04
2	655360	2	91.60	decode	0.04
2	655360	4	59.80	decode	0.06
2	655360	8	43.40	decode	0.04
2	655360	16	35.00	decode	0.09
2	655360	32	31.40	decode	0.13
2	655360	64	30.20	decode	0.08
4	655360	1	147.00	prefill	0.04
4	655360	2	91.50	decode	0.06
4	655360	4	59.60	decode	0.05
4	655360	8	43.20	decode	0.08
4	655360	16	35.00	decode	0.15
4	655360	32	32.00	decode	0.14
4	655360	64	31.60	decode	0.09
8	655360	1	148.30	prefill	0.02
8	655360	2	90.60	decode	0.04
8	655360	4	59.40	decode	0.06
8	655360	8	47.80	decode	0.06
8	655360	16	35.90	decode	0.06
8	655360	32	34.20	decode	0.08
8	655360	64	34.90	decode	0.08
16	655360	1	198.90	prefill	0.03
16	655360	2	115.20	decode	0.02
16	655360	4	72.10	decode	0.04
16	655360	8	50.50	decode	0.06
16	655360	16	40.90	decode	0.04
16	655360	32	39.00	decode	0.07
16	655360	64	43.40	decode	0.06
32	655360	1	199.00	prefill	0.07
32	655360	2	115.70	decode	0.03
32	655360	4	72.80	decode	0.04
32	655360	8	51.20	decode	0.06
32	655360	16	42.80	decode	0.04
32	655360	32	46.00	decode	0.09
32	655360	64	57.20	decode	0.03
64	655360	1	199.80	prefill	0.03
64	655360	2	116.80	decode	0.02
64	655360	4	74.40	decode	0.03
64	655360	8	54.60	decode	0.04
64	655360	16	53.20	decode	0.05
64	655360	32	60.30	decode	0.06
64	655360	64	76.90	decode	0.05
128	655360	1	253.90	prefill	0.12
128	655360	2	150.20	decode	0.12
128	655360	4	107.40	decode	0.09
128	655360	8	83.60	decode	0.28
128	655360	16	86.10	decode	0.27
128	655360	32	98.50	decode	0.12
128	655360	64	117.90	decode	0.09
256	655360	1	273.40	prefill	0.07
256	655360	2	202.20	decode	0.10
256	655360	4	157.00	decode	0.17
256	655360	8	153.00	decode	0.22
256	655360	16	154.50	decode	0.18
256	655360	32	169.00	decode	0.10
256	655360	64	199.00	decode	0.10
512	655360	1	342.80	prefill	0.08
512	655360	2	277.90	prefill	0.17
512	655360	4	280.20	prefill	0.17
512	655360	8	270.70	prefill	0.14
512	655360	16	271.80	prefill	0.22
512	655360	32	278.60	prefill	0.12
512	655360	64	323.60	prefill	0.14
1024	655360	1	619.00	prefill	0.05
1024	655360	2	606.60	prefill	0.08
1024	655360	4	591.80	prefill	0.06
1024	655360	8	577.80	prefill	0.06
1024	655360	16	575.20	prefill	0.08
1024	655360	32	605.10	prefill	0.10
1024	655360	64	695.20	prefill	0.07
2048	655360	1	1148.40	prefill	0.07
2048	655360	2	1136.80	prefill	0.06
2048	655360	4	1122.00	prefill	0.04
2048	655360	8	1106.60	prefill	0.10
2048	655360	16	1101.80	prefill	0.09
2048	655360	32	1149.80	prefill	0.07
2048	655360	64	1318.20	prefill	0.05
4096	655360	1	2399.30	prefill	0.04
4096	655360	2	2329.90	prefill	0.07
4096	655360	4	2279.50	prefill	0.06
4096	655360	8	2255.30	prefill	0.06
4096	655360	16	2247.20	prefill	0.06
4096	655360	32	2352.70	prefill	0.08
4096	655360	64	2679.20	prefill	0.06
1	917504	1	186.60	prefill	0.05
1	917504	2	111.40	decode	0.04
1	917504	4	69.60	decode	0.20
1	917504	8	48.40	decode	0.21
1	917504	16	37.40	decode	3.10
1	917504	32	32.40	decode	0.12
1	917504	64	30.00	decode	0.08
2	917504	1	187.00	prefill	0.04
2	917504	2	109.60	decode	0.04
2	917504	4	68.80	decode	0.03
2	917504	8	48.30	decode	0.06
2	917504	16	37.70	decode	0.04
2	917504	32	32.50	decode	0.13
2	917504	64	30.70	decode	0.16
4	917504	1	193.80	prefill	0.10
4	917504	2	113.80	decode	0.03
4	917504	4	72.90	decode	0.07
4	917504	8	49.90	decode	0.07
4	917504	16	38.50	decode	0.16
4	917504	32	33.90	decode	0.11
4	917504	64	32.80	decode	0.12
8	917504	1	194.20	prefill	0.05
8	917504	2	117.60	decode	0.04
8	917504	4	81.20	decode	0.08
8	917504	8	55.40	decode	0.12
8	917504	16	40.80	decode	0.07
8	917504	32	36.30	decode	0.04
8	917504	64	36.80	decode	0.06
16	917504	1	264.00	prefill	0.05
16	917504	2	148.20	decode	0.03
16	917504	4	89.40	decode	0.03
16	917504	8	59.60	decode	0.10
16	917504	16	45.20	decode	0.06
16	917504	32	41.70	decode	0.24
16	917504	64	45.80	decode	0.04
32	917504	1	264.90	prefill	0.05
32	917504	2	150.00	decode	0.15
32	917504	4	90.30	decode	0.04
32	917504	8	60.50	decode	0.07
32	917504	16	47.90	decode	0.11
32	917504	32	50.30	decode	0.11
32	917504	64	62.00	decode	0.07
64	917504	1	265.90	prefill	0.04
64	917504	2	150.00	decode	0.06
64	917504	4	92.00	decode	0.15
64	917504	8	66.40	decode	0.03
64	917504	16	61.90	decode	0.07
64	917504	32	68.60	decode	0.20
64	917504	64	86.00	decode	0.03
128	917504	1	338.40	prefill	0.10
128	917504	2	198.60	decode	0.08
128	917504	4	141.30	decode	0.07
128	917504	8	113.40	decode	0.10
128	917504	16	111.70	decode	0.12
128	917504	32	121.00	decode	0.11
128	917504	64	141.20	decode	0.05
256	917504	1	367.80	prefill	0.12
256	917504	2	270.50	decode	0.11
256	917504	4	210.80	decode	0.17
256	917504	8	205.30	decode	0.25
256	917504	16	201.10	decode	0.17
256	917504	32	213.60	decode	0.15
256	917504	64	241.20	decode	0.10
512	917504	1	461.40	prefill	0.07
512	917504	2	360.10	prefill	0.09
512	917504	4	387.20	prefill	0.08
512	917504	8	375.10	prefill	0.15
512	917504	16	367.90	prefill	0.16
512	917504	32	377.10	prefill	0.07
512	917504	64	412.60	prefill	0.10
1024	917504	1	742.20	prefill	0.08
1024	917504	2	755.80	prefill	0.09
1024	917504	4	755.60	prefill	0.07
1024	917504	8	755.60	prefill	0.09
1024	917504	16	742.80	prefill	0.09
1024	917504	32	748.90	prefill	0.15
1024	917504	64	824.00	prefill	0.04
2048	917504	1	1548.10	prefill	0.04
2048	917504	2	1522.40	prefill	0.05
2048	917504	4	1522.20	prefill	0.04
2048	917504	8	1508.60	prefill	0.05
2048	917504	16	1488.50	prefill	0.05
2048	917504	32	1504.60	prefill	0.12
2048	917504	64	1653.90	prefill	0.11
4096	917504	1	3198.70	prefill	0.59
4096	917504	2	3118.10	prefill	0.77
4096	917504	4	3077.30	prefill	0.77
4096	917504	8	3048.50	prefill	0.73
4096	917504	16	3017.30	prefill	0.84
4096	917504	32	3042.10	prefill	0.61
4096	917504	64	3353.00	prefill	0.19
1	1048572	1	240.20	prefill	0.13
1	1048572	2	122.40	decode	0.04
1	1048572	4	75.00	decode	0.03
1	1048572	8	51.80	decode	0.03
1	1048572	16	39.20	decode	0.07
1	1048572	32	33.40	decode	0.10
1	1048572	64	30.60	decode	0.09
2	1048572	1	240.90	prefill	0.08
2	1048572	2	120.30	decode	0.04
2	1048572	4	74.50	decode	0.04
2	1048572	8	51.40	decode	0.04
2	1048572	16	39.60	decode	0.07
2	1048572	32	33.60	decode	0.08
2	1048572	64	31.30	decode	0.07
4	1048572	1	249.90	prefill	0.10
4	1048572	2	127.70	decode	0.04
4	1048572	4	76.20	decode	0.04
4	1048572	8	52.30	decode	0.07
4	1048572	16	39.90	decode	0.07
4	1048572	32	36.30	decode	0.09
4	1048572	64	34.00	decode	0.13
8	1048572	1	249.50	prefill	0.12
8	1048572	2	165.50	decode	0.07
8	1048572	4	95.60	decode	0.04
8	1048572	8	62.60	decode	0.04
8	1048572	16	45.90	decode	0.00
8	1048572	32	38.90	decode	0.00
8	1048572	64	38.00	decode	0.09
16	1048572	1	299.80	prefill	0.04
16	1048572	2	166.30	decode	0.03
16	1048572	4	97.90	decode	0.02
16	1048572	8	64.40	decode	0.00
16	1048572	16	47.70	decode	0.03
16	1048572	32	42.80	decode	0.05
16	1048572	64	47.20	decode	0.06
32	1048572	1	303.80	prefill	0.03
32	1048572	2	168.60	decode	0.04
32	1048572	4	99.50	decode	0.04
32	1048572	8	66.40	decode	0.06
32	1048572	16	50.70	decode	0.06
32	1048572	32	52.80	decode	0.04
32	1048572	64	64.00	decode	0.06
64	1048572	1	356.90	prefill	0.22
64	1048572	2	191.90	decode	0.18
64	1048572	4	115.50	decode	0.16
64	1048572	8	80.10	decode	0.10
64	1048572	16	68.90	decode	0.05
64	1048572	32	73.70	decode	0.08
64	1048572	64	90.90	decode	0.05
128	1048572	1	396.10	prefill	0.07
128	1048572	2	227.00	decode	0.10
128	1048572	4	157.90	decode	0.17
128	1048572	8	129.40	decode	0.08
128	1048572	16	124.30	decode	0.04
128	1048572	32	135.20	decode	0.09
128	1048572	64	153.00	decode	0.19
256	1048572	1	423.20	prefill	0.09
256	1048572	2	266.30	decode	0.08
256	1048572	4	236.10	decode	0.15
256	1048572	8	224.50	decode	0.08
256	1048572	16	215.60	decode	0.06
256	1048572	32	221.40	decode	0.12
256	1048572	64	239.40	decode	0.14
512	1048572	1	605.20	prefill	0.04
512	1048572	2	473.80	prefill	0.08
512	1048572	4	456.50	prefill	0.15
512	1048572	8	452.80	prefill	0.13
512	1048572	16	435.60	prefill	0.07
512	1048572	32	449.80	prefill	0.09
512	1048572	64	489.30	prefill	0.12
1024	1048572	1	967.40	prefill	0.04
1024	1048572	2	930.80	prefill	0.05
1024	1048572	4	905.90	prefill	0.14
1024	1048572	8	894.40	prefill	0.12
1024	1048572	16	858.00	prefill	0.10
1024	1048572	32	881.20	prefill	0.12
1024	1048572	64	949.50	prefill	0.12
2048	1048572	1	1884.80	prefill	0.05
2048	1048572	2	1820.60	prefill	0.07
2048	1048572	4	1768.20	prefill	0.13
2048	1048572	8	1747.50	prefill	0.10
2048	1048572	16	1702.60	prefill	0.05
2048	1048572	32	1731.40	prefill	0.05
2048	1048572	64	1869.60	prefill	0.07
4096	1048572	1	3190.90	prefill	1.24
4096	1048572	2	3156.40	prefill	0.95
4096	1048572	4	3136.00	prefill	0.59
4096	1048572	8	3114.50	prefill	0.77
4096	1048572	16	3044.90	prefill	0.90
4096	1048572	32	3059.20	prefill	0.80
4096	1048572	64	3174.70	prefill	1.54

=== per-cell optima ===
  M=1     N=20480    G=16  20.40 us (was 23.20, 1.14x)
  M=1     N=28672    G=32  20.30 us (was 25.00, 1.23x)
  M=1     N=114688   G=64  22.00 us (was 44.70, 2.03x)
  M=1     N=163840   G=64  23.50 us (was 55.60, 2.37x)
  M=1     N=229376   G=64  25.00 us (was 69.00, 2.76x)
  M=1     N=327680   G=64  26.50 us (was 88.10, 3.33x)
  M=1     N=458752   G=64  27.60 us (was 111.90, 4.05x)
  M=1     N=655360   G=64  29.20 us (was 146.30, 5.01x)
  M=1     N=917504   G=64  30.00 us (was 186.60, 6.22x)
  M=1     N=1048572  G=64  30.60 us (was 240.20, 7.85x)
  M=2     N=20480    G=16  20.70 us (was 24.10, 1.16x)
  M=2     N=28672    G=16  20.70 us (was 25.80, 1.25x)
  M=2     N=114688   G=32  22.80 us (was 45.50, 2.00x)
  M=2     N=163840   G=32  24.30 us (was 56.70, 2.33x)
  M=2     N=229376   G=32  26.00 us (was 69.90, 2.69x)
  M=2     N=327680   G=64  27.20 us (was 89.20, 3.28x)
  M=2     N=458752   G=64  28.30 us (was 112.60, 3.98x)
  M=2     N=655360   G=64  30.20 us (was 146.90, 4.86x)
  M=2     N=917504   G=64  30.70 us (was 187.00, 6.09x)
  M=2     N=1048572  G=64  31.30 us (was 240.90, 7.70x)
  M=4     N=20480    G=16  20.90 us (was 24.30, 1.16x)
  M=4     N=28672    G=16  21.10 us (was 26.00, 1.23x)
  M=4     N=114688   G=16  23.80 us (was 46.00, 1.93x)
  M=4     N=163840   G=32  25.10 us (was 56.60, 2.25x)
  M=4     N=229376   G=32  27.00 us (was 70.10, 2.60x)
  M=4     N=327680   G=32  28.50 us (was 89.10, 3.13x)
  M=4     N=458752   G=32  29.60 us (was 112.80, 3.81x)
  M=4     N=655360   G=64  31.60 us (was 147.00, 4.65x)
  M=4     N=917504   G=64  32.80 us (was 193.80, 5.91x)
  M=4     N=1048572  G=64  34.00 us (was 249.90, 7.35x)
  M=8     N=20480    G=32  21.70 us (was 24.70, 1.14x)
  M=8     N=28672    G=8   22.00 us (was 26.50, 1.21x)
  M=8     N=114688   G=16  25.00 us (was 46.40, 1.86x)
  M=8     N=163840   G=16  26.30 us (was 57.00, 2.17x)
  M=8     N=229376   G=16  28.80 us (was 70.70, 2.46x)
  M=8     N=327680   G=32  30.00 us (was 89.30, 2.98x)
  M=8     N=458752   G=32  31.50 us (was 114.00, 3.62x)
  M=8     N=655360   G=32  34.20 us (was 148.30, 4.34x)
  M=8     N=917504   G=32  36.30 us (was 194.20, 5.35x)
  M=8     N=1048572  G=64  38.00 us (was 249.50, 6.57x)
  M=16    N=20480    G=16  22.80 us (was 24.80, 1.09x)
  M=16    N=28672    G=8   22.80 us (was 26.70, 1.17x)
  M=16    N=114688   G=8   26.40 us (was 46.50, 1.76x)
  M=16    N=163840   G=16  28.20 us (was 57.50, 2.04x)
  M=16    N=229376   G=16  30.40 us (was 71.30, 2.35x)
  M=16    N=327680   G=16  32.40 us (was 89.70, 2.77x)
  M=16    N=458752   G=16  35.30 us (was 114.80, 3.25x)
  M=16    N=655360   G=32  39.00 us (was 198.90, 5.10x)
  M=16    N=917504   G=32  41.70 us (was 264.00, 6.33x)
  M=16    N=1048572  G=32  42.80 us (was 299.80, 7.00x)
  M=32    N=20480    G=16  23.00 us (was 25.00, 1.09x)
  M=32    N=28672    G=8   23.00 us (was 26.80, 1.17x)
  M=32    N=114688   G=8   26.80 us (was 46.80, 1.75x)
  M=32    N=163840   G=8   29.20 us (was 57.60, 1.97x)
  M=32    N=229376   G=16  33.10 us (was 82.10, 2.48x)
  M=32    N=327680   G=16  36.00 us (was 116.10, 3.23x)
  M=32    N=458752   G=16  38.60 us (was 150.10, 3.89x)
  M=32    N=655360   G=16  42.80 us (was 199.00, 4.65x)
  M=32    N=917504   G=16  47.90 us (was 264.90, 5.53x)
  M=32    N=1048572  G=16  50.70 us (was 303.80, 5.99x)
  M=64    N=20480    G=16  24.70 us (was 25.20, 1.02x)
  M=64    N=28672    G=8   24.40 us (was 27.20, 1.11x)
  M=64    N=114688   G=8   29.10 us (was 48.20, 1.66x)
  M=64    N=163840   G=8   32.70 us (was 71.40, 2.18x)
  M=64    N=229376   G=8   36.70 us (was 90.60, 2.47x)
  M=64    N=327680   G=8   41.00 us (was 117.10, 2.86x)
  M=64    N=458752   G=16  46.20 us (was 150.80, 3.26x)
  M=64    N=655360   G=16  53.20 us (was 199.80, 3.76x)
  M=64    N=917504   G=16  61.90 us (was 265.90, 4.30x)
  M=64    N=1048572  G=16  68.90 us (was 356.90, 5.18x)
  M=128   N=20480    G=1   25.60 us (was 25.60, 1.00x)
  M=128   N=28672    G=8   26.60 us (was 27.50, 1.03x)
  M=128   N=114688   G=8   33.60 us (was 57.20, 1.70x)
  M=128   N=163840   G=8   37.90 us (was 72.10, 1.90x)
  M=128   N=229376   G=8   44.00 us (was 91.50, 2.08x)
  M=128   N=327680   G=8   50.90 us (was 118.00, 2.32x)
  M=128   N=458752   G=8   343.00 us (was 435.20, 1.27x)
  M=128   N=655360   G=8   83.60 us (was 253.90, 3.04x)
  M=128   N=917504   G=16  111.70 us (was 338.40, 3.03x)
  M=128   N=1048572  G=16  124.30 us (was 396.10, 3.19x)
  M=256   N=20480    G=1   28.30 us (was 28.30, 1.00x)
  M=256   N=28672    G=1   31.00 us (was 31.00, 1.00x)
  M=256   N=114688   G=8   44.60 us (was 58.90, 1.32x)
  M=256   N=163840   G=8   51.80 us (was 74.30, 1.43x)
  M=256   N=229376   G=8   61.90 us (was 93.80, 1.51x)
  M=256   N=327680   G=8   86.60 us (was 153.70, 1.77x)
  M=256   N=458752   G=16  399.50 us (was 493.90, 1.24x)
  M=256   N=655360   G=8   153.00 us (was 273.40, 1.79x)
  M=256   N=917504   G=16  201.10 us (was 367.80, 1.83x)
  M=256   N=1048572  G=16  215.60 us (was 423.20, 1.96x)
  M=512   N=20480    G=1   35.20 us (was 35.20, 1.00x)
  M=512   N=28672    G=1   38.70 us (was 38.70, 1.00x)
  M=512   N=114688   G=2   66.60 us (was 75.30, 1.13x)
  M=512   N=163840   G=2   96.30 us (was 118.80, 1.23x)
  M=512   N=229376   G=4   123.40 us (was 158.50, 1.28x)
  M=512   N=327680   G=8   164.80 us (was 218.50, 1.33x)
  M=512   N=458752   G=8   508.50 us (was 583.90, 1.15x)
  M=512   N=655360   G=8   270.70 us (was 342.80, 1.27x)
  M=512   N=917504   G=2   360.10 us (was 461.40, 1.28x)
  M=512   N=1048572  G=16  435.60 us (was 605.20, 1.39x)
  M=1024  N=20480    G=1   49.30 us (was 49.30, 1.00x)
  M=1024  N=28672    G=1   54.10 us (was 54.10, 1.00x)
  M=1024  N=114688   G=2   136.90 us (was 141.30, 1.03x)
  M=1024  N=163840   G=2   193.20 us (was 199.10, 1.03x)
  M=1024  N=229376   G=8   245.10 us (was 260.60, 1.06x)
  M=1024  N=327680   G=8   293.70 us (was 294.70, 1.00x)
  M=1024  N=458752   G=1   946.20 us (was 946.20, 1.00x)
  M=1024  N=655360   G=16  575.20 us (was 619.00, 1.08x)
  M=1024  N=917504   G=1   742.20 us (was 742.20, 1.00x)
  M=1024  N=1048572  G=16  858.00 us (was 967.40, 1.13x)
  M=2048  N=20480    G=1   93.40 us (was 93.40, 1.00x)
  M=2048  N=28672    G=1   103.20 us (was 103.20, 1.00x)
  M=2048  N=114688   G=2   272.30 us (was 284.90, 1.05x)
  M=2048  N=163840   G=8   336.20 us (was 346.60, 1.03x)
  M=2048  N=229376   G=8   446.10 us (was 468.90, 1.05x)
  M=2048  N=327680   G=8   622.20 us (was 677.80, 1.09x)
  M=2048  N=458752   G=8   1334.80 us (was 1376.10, 1.03x)
  M=2048  N=655360   G=16  1101.80 us (was 1148.40, 1.04x)
  M=2048  N=917504   G=16  1488.50 us (was 1548.10, 1.04x)
  M=2048  N=1048572  G=16  1702.60 us (was 1884.80, 1.11x)
  M=4096  N=20480    G=1   182.50 us (was 182.50, 1.00x)
  M=4096  N=28672    G=2   224.80 us (was 225.10, 1.00x)
  M=4096  N=114688   G=2   493.70 us (was 510.50, 1.03x)
  M=4096  N=163840   G=8   708.80 us (was 747.10, 1.05x)
  M=4096  N=229376   G=8   883.80 us (was 936.90, 1.06x)
  M=4096  N=327680   G=8   1185.80 us (was 1262.40, 1.06x)
  M=4096  N=458752   G=16  2133.10 us (was 2231.50, 1.05x)
  M=4096  N=655360   G=16  2247.20 us (was 2399.30, 1.07x)
  M=4096  N=917504   G=16  3017.30 us (was 3198.70, 1.06x)
  M=4096  N=1048572  G=16  3044.90 us (was 3190.90, 1.05x)

WROTE /home/mh/topk-prefill-avo/log/coop_sweep_mid.tsv
WROTE /home/mh/topk-prefill-avo/log/coop_sweep_mid.json
