=== correctness gate: 402 uniform + 13 ragged + 11 values + 2 rowStarts shapes x 5 distribution(s) ===
  FAIL  rowStarts M=256   N=131072   K=2048  prefix=131072  stride=64  uniform      HIP error 700 (an illegal memory access was encountered) at benchmark_topk.hip.cpp:1572
  FAIL  rowStarts M=256   N=131072   K=2048  prefix=131072  stride=64  gaussian     HIP error 700 (an illegal memory access was encountered) at benchmark_topk.hip.cpp:1572
  warn  M=512   N=16384    equal        under_K=0 over_Calloc=512
  warn  M=1024  N=16384    equal        under_K=0 over_Calloc=1024
  warn  M=2048  N=16384    equal        under_K=0 over_Calloc=2048
  warn  M=4096  N=16384    equal        under_K=0 over_Calloc=4096
  warn  M=1     N=32768    equal        under_K=0 over_Calloc=1
  warn  M=2     N=32768    equal        under_K=0 over_Calloc=2
  warn  M=4     N=32768    equal        under_K=0 over_Calloc=4
  warn  M=8     N=32768    equal        under_K=0 over_Calloc=8
  warn  M=16    N=32768    equal        under_K=0 over_Calloc=16
  warn  M=32    N=32768    equal        under_K=0 over_Calloc=32
  warn  M=64    N=32768    equal        under_K=0 over_Calloc=64
  warn  M=128   N=32768    equal        under_K=0 over_Calloc=128
  warn  M=256   N=32768    equal        under_K=0 over_Calloc=256
  warn  M=512   N=32768    equal        under_K=0 over_Calloc=512
  warn  M=1024  N=32768    equal        under_K=0 over_Calloc=1024
  warn  M=2048  N=32768    equal        under_K=0 over_Calloc=2048
  warn  M=4096  N=32768    equal        under_K=0 over_Calloc=4096
  warn  M=1     N=65536    equal        under_K=0 over_Calloc=1
  warn  M=2     N=65536    equal        under_K=0 over_Calloc=2
  warn  M=4     N=65536    equal        under_K=0 over_Calloc=4
  warn  M=8     N=65536    equal        under_K=0 over_Calloc=8
  warn  M=16    N=65536    equal        under_K=0 over_Calloc=16
  warn  M=32    N=65536    equal        under_K=0 over_Calloc=32
  warn  M=64    N=65536    equal        under_K=0 over_Calloc=64
  warn  M=128   N=65536    equal        under_K=0 over_Calloc=128
  warn  M=256   N=65536    equal        under_K=0 over_Calloc=256
  warn  M=512   N=65536    equal        under_K=0 over_Calloc=512
  warn  M=1024  N=65536    equal        under_K=0 over_Calloc=1024
  warn  M=2048  N=65536    equal        under_K=0 over_Calloc=2048
  warn  M=4096  N=65536    equal        under_K=0 over_Calloc=4096
  warn  M=1     N=131072   equal        under_K=0 over_Calloc=1
  warn  M=2     N=131072   equal        under_K=0 over_Calloc=2
  warn  M=4     N=131072   equal        under_K=0 over_Calloc=4
  warn  M=8     N=131072   equal        under_K=0 over_Calloc=8
  warn  M=16    N=131072   equal        under_K=0 over_Calloc=16
  warn  M=32    N=131072   equal        under_K=0 over_Calloc=32
  warn  M=64    N=131072   equal        under_K=0 over_Calloc=64
  warn  M=128   N=131072   equal        under_K=0 over_Calloc=128
  warn  M=256   N=131072   equal        under_K=0 over_Calloc=256
  warn  M=512   N=131072   equal        under_K=0 over_Calloc=512
  warn  M=1024  N=131072   equal        under_K=0 over_Calloc=1024
  warn  M=2048  N=131072   equal        under_K=0 over_Calloc=2048
  warn  M=4096  N=131072   equal        under_K=0 over_Calloc=4096
  warn  M=1     N=262144   equal        under_K=0 over_Calloc=1
  warn  M=2     N=262144   equal        under_K=0 over_Calloc=2
  warn  M=4     N=262144   equal        under_K=0 over_Calloc=4
  warn  M=8     N=262144   equal        under_K=0 over_Calloc=8
  warn  M=16    N=262144   equal        under_K=0 over_Calloc=16
  warn  M=32    N=262144   equal        under_K=0 over_Calloc=32
  warn  M=64    N=262144   equal        under_K=0 over_Calloc=64
  warn  M=128   N=262144   equal        under_K=0 over_Calloc=128
  warn  M=256   N=262144   equal        under_K=0 over_Calloc=256
  warn  M=512   N=262144   equal        under_K=0 over_Calloc=512
  warn  M=1024  N=262144   equal        under_K=0 over_Calloc=1024
  warn  M=2048  N=262144   equal        under_K=0 over_Calloc=2048
  warn  M=4096  N=262144   equal        under_K=0 over_Calloc=4096
  warn  M=1     N=524288   equal        under_K=0 over_Calloc=1
  warn  M=2     N=524288   equal        under_K=0 over_Calloc=2
  warn  M=4     N=524288   equal        under_K=0 over_Calloc=4
  warn  M=8     N=524288   equal        under_K=0 over_Calloc=8
  warn  M=16    N=524288   equal        under_K=0 over_Calloc=16
  warn  M=32    N=524288   equal        under_K=0 over_Calloc=32
  warn  M=64    N=524288   equal        under_K=0 over_Calloc=64
  warn  M=128   N=524288   equal        under_K=0 over_Calloc=128
  warn  M=256   N=524288   equal        under_K=0 over_Calloc=256
  warn  M=512   N=524288   equal        under_K=0 over_Calloc=512
  warn  M=1024  N=524288   equal        under_K=0 over_Calloc=1024
  warn  M=2048  N=524288   equal        under_K=0 over_Calloc=2048
  warn  M=4096  N=524288   equal        under_K=0 over_Calloc=4096
  warn  M=1     N=1048576  equal        under_K=0 over_Calloc=1
  warn  M=2     N=1048576  equal        under_K=0 over_Calloc=2
  warn  M=4     N=1048576  equal        under_K=0 over_Calloc=4
  warn  M=8     N=1048576  equal        under_K=0 over_Calloc=8
  warn  M=16    N=1048576  equal        under_K=0 over_Calloc=16
  warn  M=32    N=1048576  equal        under_K=0 over_Calloc=32
  warn  M=64    N=1048576  equal        under_K=0 over_Calloc=64
  warn  M=128   N=1048576  equal        under_K=0 over_Calloc=128
  warn  M=256   N=1048576  equal        under_K=0 over_Calloc=256
  warn  M=512   N=1048576  equal        under_K=0 over_Calloc=512
  warn  M=1024  N=1048576  equal        under_K=0 over_Calloc=1024
  warn  M=2048  N=1048576  equal        under_K=0 over_Calloc=2048
  warn  M=4096  N=1048576  equal        under_K=0 over_Calloc=4096
  warn  M=512   N=16384    equal        under_K=0 over_Calloc=512
  warn  M=1024  N=16384    equal        under_K=0 over_Calloc=1024
  warn  M=2048  N=16384    equal        under_K=0 over_Calloc=2048
  warn  M=4096  N=16384    equal        under_K=0 over_Calloc=4096
  warn  M=1     N=32768    equal        under_K=0 over_Calloc=1
  warn  M=2     N=32768    equal        under_K=0 over_Calloc=2
  warn  M=4     N=32768    equal        under_K=0 over_Calloc=4
  warn  M=8     N=32768    equal        under_K=0 over_Calloc=8
  warn  M=16    N=32768    equal        under_K=0 over_Calloc=16
  warn  M=32    N=32768    equal        under_K=0 over_Calloc=32
  warn  M=64    N=32768    equal        under_K=0 over_Calloc=64
  warn  M=128   N=32768    equal        under_K=0 over_Calloc=128
  warn  M=256   N=32768    equal        under_K=0 over_Calloc=256
  warn  M=512   N=32768    equal        under_K=0 over_Calloc=512
  warn  M=1024  N=32768    equal        under_K=0 over_Calloc=1024
  warn  M=2048  N=32768    equal        under_K=0 over_Calloc=2048
  warn  M=4096  N=32768    equal        under_K=0 over_Calloc=4096
  warn  M=1     N=65536    equal        under_K=0 over_Calloc=1
  warn  M=2     N=65536    equal        under_K=0 over_Calloc=2
  warn  M=4     N=65536    equal        under_K=0 over_Calloc=4
  warn  M=8     N=65536    equal        under_K=0 over_Calloc=8
  warn  M=16    N=65536    equal        under_K=0 over_Calloc=16
  warn  M=32    N=65536    equal        under_K=0 over_Calloc=32
  warn  M=64    N=65536    equal        under_K=0 over_Calloc=64
  warn  M=128   N=65536    equal        under_K=0 over_Calloc=128
  warn  M=256   N=65536    equal        under_K=0 over_Calloc=256
  warn  M=512   N=65536    equal        under_K=0 over_Calloc=512
  warn  M=1024  N=65536    equal        under_K=0 over_Calloc=1024
  warn  M=2048  N=65536    equal        under_K=0 over_Calloc=2048
  warn  M=4096  N=65536    equal        under_K=0 over_Calloc=4096
  warn  M=1     N=131072   equal        under_K=0 over_Calloc=1
  warn  M=2     N=131072   equal        under_K=0 over_Calloc=2
  warn  M=4     N=131072   equal        under_K=0 over_Calloc=4
  warn  M=8     N=131072   equal        under_K=0 over_Calloc=8
  warn  M=16    N=131072   equal        under_K=0 over_Calloc=16
  warn  M=32    N=131072   equal        under_K=0 over_Calloc=32
  warn  M=64    N=131072   equal        under_K=0 over_Calloc=64
  warn  M=128   N=131072   equal        under_K=0 over_Calloc=128
  warn  M=256   N=131072   equal        under_K=0 over_Calloc=256
  warn  M=512   N=131072   equal        under_K=0 over_Calloc=512
  warn  M=1024  N=131072   equal        under_K=0 over_Calloc=1024
  warn  M=2048  N=131072   equal        under_K=0 over_Calloc=2048
  warn  M=4096  N=131072   equal        under_K=0 over_Calloc=4096
  warn  M=1     N=262144   equal        under_K=0 over_Calloc=1
  warn  M=2     N=262144   equal        under_K=0 over_Calloc=2
  warn  M=4     N=262144   equal        under_K=0 over_Calloc=4
  warn  M=8     N=262144   equal        under_K=0 over_Calloc=8
  warn  M=16    N=262144   equal        under_K=0 over_Calloc=16
  warn  M=32    N=262144   equal        under_K=0 over_Calloc=32
  warn  M=64    N=262144   equal        under_K=0 over_Calloc=64
  warn  M=128   N=262144   equal        under_K=0 over_Calloc=128
  warn  M=256   N=262144   equal        under_K=0 over_Calloc=256
  warn  M=512   N=262144   equal        under_K=0 over_Calloc=512
  warn  M=1024  N=262144   equal        under_K=0 over_Calloc=1024
  warn  M=2048  N=262144   equal        under_K=0 over_Calloc=2048
  warn  M=4096  N=262144   equal        under_K=0 over_Calloc=4096
  warn  M=1     N=524288   equal        under_K=0 over_Calloc=1
  warn  M=2     N=524288   equal        under_K=0 over_Calloc=2
  warn  M=4     N=524288   equal        under_K=0 over_Calloc=4
  warn  M=8     N=524288   equal        under_K=0 over_Calloc=8
  warn  M=16    N=524288   equal        under_K=0 over_Calloc=16
  warn  M=32    N=524288   equal        under_K=0 over_Calloc=32
  warn  M=64    N=524288   equal        under_K=0 over_Calloc=64
  warn  M=128   N=524288   equal        under_K=0 over_Calloc=128
  warn  M=256   N=524288   equal        under_K=0 over_Calloc=256
  warn  M=512   N=524288   equal        under_K=0 over_Calloc=512
  warn  M=1024  N=524288   equal        under_K=0 over_Calloc=1024
  warn  M=2048  N=524288   equal        under_K=0 over_Calloc=2048
  warn  M=4096  N=524288   equal        under_K=0 over_Calloc=4096
  warn  M=1     N=1048576  equal        under_K=0 over_Calloc=1
  warn  M=2     N=1048576  equal        under_K=0 over_Calloc=2
  warn  M=4     N=1048576  equal        under_K=0 over_Calloc=4
  warn  M=8     N=1048576  equal        under_K=0 over_Calloc=8
  warn  M=16    N=1048576  equal        under_K=0 over_Calloc=16
  warn  M=32    N=1048576  equal        under_K=0 over_Calloc=32
  warn  M=64    N=1048576  equal        under_K=0 over_Calloc=64
  warn  M=128   N=1048576  equal        under_K=0 over_Calloc=128
  warn  M=256   N=1048576  equal        under_K=0 over_Calloc=256
  warn  M=512   N=1048576  equal        under_K=0 over_Calloc=512
  warn  M=1024  N=1048576  equal        under_K=0 over_Calloc=1024
  warn  M=2048  N=1048576  equal        under_K=0 over_Calloc=2048
  warn  M=4096  N=1048576  equal        under_K=0 over_Calloc=4096
  warn  M=512   N=16384    equal        under_K=0 over_Calloc=512
  warn  M=1024  N=16384    equal        under_K=0 over_Calloc=1024
  warn  M=2048  N=16384    equal        under_K=0 over_Calloc=2048
  warn  M=4096  N=16384    equal        under_K=0 over_Calloc=4096
  warn  M=1     N=32768    equal        under_K=0 over_Calloc=1
  warn  M=2     N=32768    equal        under_K=0 over_Calloc=2
  warn  M=4     N=32768    equal        under_K=0 over_Calloc=4
  warn  M=8     N=32768    equal        under_K=0 over_Calloc=8
  warn  M=16    N=32768    equal        under_K=0 over_Calloc=16
  warn  M=32    N=32768    equal        under_K=0 over_Calloc=32
  warn  M=64    N=32768    equal        under_K=0 over_Calloc=64
  warn  M=128   N=32768    equal        under_K=0 over_Calloc=128
  warn  M=256   N=32768    equal        under_K=0 over_Calloc=256
  warn  M=512   N=32768    equal        under_K=0 over_Calloc=512
  warn  M=1024  N=32768    equal        under_K=0 over_Calloc=1024
  warn  M=2048  N=32768    equal        under_K=0 over_Calloc=2048
  warn  M=4096  N=32768    equal        under_K=0 over_Calloc=4096
  warn  M=1     N=65536    equal        under_K=0 over_Calloc=1
  warn  M=2     N=65536    equal        under_K=0 over_Calloc=2
  warn  M=4     N=65536    equal        under_K=0 over_Calloc=4
  warn  M=8     N=65536    equal        under_K=0 over_Calloc=8
  warn  M=16    N=65536    equal        under_K=0 over_Calloc=16
  warn  M=32    N=65536    equal        under_K=0 over_Calloc=32
  warn  M=64    N=65536    equal        under_K=0 over_Calloc=64
  warn  M=128   N=65536    equal        under_K=0 over_Calloc=128
  warn  M=256   N=65536    equal        under_K=0 over_Calloc=256
  warn  M=512   N=65536    equal        under_K=0 over_Calloc=512
  warn  M=1024  N=65536    equal        under_K=0 over_Calloc=1024
  warn  M=2048  N=65536    equal        under_K=0 over_Calloc=2048
  warn  M=4096  N=65536    equal        under_K=0 over_Calloc=4096
  warn  M=1     N=131072   equal        under_K=0 over_Calloc=1
  warn  M=2     N=131072   equal        under_K=0 over_Calloc=2
  warn  M=4     N=131072   equal        under_K=0 over_Calloc=4
  warn  M=8     N=131072   equal        under_K=0 over_Calloc=8
  warn  M=16    N=131072   equal        under_K=0 over_Calloc=16
  warn  M=32    N=131072   equal        under_K=0 over_Calloc=32
  warn  M=64    N=131072   equal        under_K=0 over_Calloc=64
  warn  M=128   N=131072   equal        under_K=0 over_Calloc=128
  warn  M=256   N=131072   equal        under_K=0 over_Calloc=256
  warn  M=512   N=131072   equal        under_K=0 over_Calloc=512
  warn  M=1024  N=131072   equal        under_K=0 over_Calloc=1024
  warn  M=2048  N=131072   equal        under_K=0 over_Calloc=2048
  warn  M=4096  N=131072   equal        under_K=0 over_Calloc=4096
  warn  M=1     N=262144   equal        under_K=0 over_Calloc=1
  warn  M=2     N=262144   equal        under_K=0 over_Calloc=2
  warn  M=4     N=262144   equal        under_K=0 over_Calloc=4
  warn  M=8     N=262144   equal        under_K=0 over_Calloc=8
  warn  M=16    N=262144   equal        under_K=0 over_Calloc=16
  warn  M=32    N=262144   equal        under_K=0 over_Calloc=32
  warn  M=64    N=262144   equal        under_K=0 over_Calloc=64
  warn  M=128   N=262144   equal        under_K=0 over_Calloc=128
  warn  M=256   N=262144   equal        under_K=0 over_Calloc=256
  warn  M=512   N=262144   equal        under_K=0 over_Calloc=512
  warn  M=1024  N=262144   equal        under_K=0 over_Calloc=1024
  warn  M=2048  N=262144   equal        under_K=0 over_Calloc=2048
  warn  M=4096  N=262144   equal        under_K=0 over_Calloc=4096
  warn  M=1     N=524288   equal        under_K=0 over_Calloc=1
  warn  M=2     N=524288   equal        under_K=0 over_Calloc=2
  warn  M=4     N=524288   equal        under_K=0 over_Calloc=4
  warn  M=8     N=524288   equal        under_K=0 over_Calloc=8
  warn  M=16    N=524288   equal        under_K=0 over_Calloc=16
  warn  M=32    N=524288   equal        under_K=0 over_Calloc=32
  warn  M=64    N=524288   equal        under_K=0 over_Calloc=64
  warn  M=128   N=524288   equal        under_K=0 over_Calloc=128
  warn  M=256   N=524288   equal        under_K=0 over_Calloc=256
  warn  M=512   N=524288   equal        under_K=0 over_Calloc=512
  warn  M=1024  N=524288   equal        under_K=0 over_Calloc=1024
  warn  M=2048  N=524288   equal        under_K=0 over_Calloc=2048
  warn  M=4096  N=524288   equal        under_K=0 over_Calloc=4096
  warn  M=1     N=1048576  equal        under_K=0 over_Calloc=1
  warn  M=2     N=1048576  equal        under_K=0 over_Calloc=2
  warn  M=4     N=1048576  equal        under_K=0 over_Calloc=4
  warn  M=8     N=1048576  equal        under_K=0 over_Calloc=8
  warn  M=16    N=1048576  equal        under_K=0 over_Calloc=16
  warn  M=32    N=1048576  equal        under_K=0 over_Calloc=32
  warn  M=64    N=1048576  equal        under_K=0 over_Calloc=64
  warn  M=128   N=1048576  equal        under_K=0 over_Calloc=128
  warn  M=256   N=1048576  equal        under_K=0 over_Calloc=256
  warn  M=512   N=1048576  equal        under_K=0 over_Calloc=512
  warn  M=1024  N=1048576  equal        under_K=0 over_Calloc=1024
  warn  M=2048  N=1048576  equal        under_K=0 over_Calloc=2048
  warn  M=4096  N=1048576  equal        under_K=0 over_Calloc=4096
  warn  M=64    N=131136   equal        under_K=0 over_Calloc=64
  warn  M=64    N=131136   equal        under_K=0 over_Calloc=64
  warn  M=64    N=131136   equal        under_K=0 over_Calloc=64
  warn  M=256   N=131328   equal        under_K=0 over_Calloc=256
  warn  M=256   N=131328   equal        under_K=0 over_Calloc=256
  warn  M=256   N=131328   equal        under_K=0 over_Calloc=256
  warn  M=1024  N=132096   equal        under_K=0 over_Calloc=1024
  warn  M=1024  N=132096   equal        under_K=0 over_Calloc=1024
  warn  M=1024  N=132096   equal        under_K=0 over_Calloc=1024
  warn  M=4096  N=135168   equal        under_K=0 over_Calloc=4096
  warn  M=4096  N=135168   equal        under_K=0 over_Calloc=4096
  warn  M=4096  N=135168   equal        under_K=0 over_Calloc=4096
  FAIL  rowStarts M=256   N=131072   K=2048  prefix=131072  stride=64  equal        HIP error 700 (an illegal memory access was encountered) at benchmark_topk.hip.cpp:1572
  warn  M=1     N=262144   inf          under_K=1 over_Calloc=0
  warn  M=2     N=262144   inf          under_K=2 over_Calloc=0
  warn  M=4     N=262144   inf          under_K=4 over_Calloc=0
  warn  M=8     N=262144   inf          under_K=8 over_Calloc=0
  warn  M=16    N=262144   inf          under_K=16 over_Calloc=0
  warn  M=32    N=262144   inf          under_K=32 over_Calloc=0
  warn  M=64    N=262144   inf          under_K=64 over_Calloc=0
  warn  M=128   N=262144   inf          under_K=128 over_Calloc=0
  warn  M=256   N=262144   inf          under_K=256 over_Calloc=0
  warn  M=512   N=262144   inf          under_K=512 over_Calloc=0
  warn  M=1024  N=262144   inf          under_K=1024 over_Calloc=0
  warn  M=2048  N=262144   inf          under_K=2048 over_Calloc=0
  warn  M=4096  N=262144   inf          under_K=4096 over_Calloc=0
  warn  M=1     N=32768    inf          under_K=1 over_Calloc=0
  warn  M=2     N=32768    inf          under_K=2 over_Calloc=0
  warn  M=4     N=32768    inf          under_K=4 over_Calloc=0
  warn  M=8     N=32768    inf          under_K=8 over_Calloc=0
  warn  M=16    N=32768    inf          under_K=16 over_Calloc=0
  warn  M=32    N=32768    inf          under_K=32 over_Calloc=0
  warn  M=64    N=32768    inf          under_K=64 over_Calloc=0
  warn  M=128   N=32768    inf          under_K=128 over_Calloc=0
  warn  M=256   N=32768    inf          under_K=256 over_Calloc=0
  warn  M=512   N=32768    inf          under_K=512 over_Calloc=0
  warn  M=1024  N=32768    inf          under_K=1024 over_Calloc=0
  warn  M=2048  N=32768    inf          under_K=2048 over_Calloc=0
  warn  M=4096  N=32768    inf          under_K=4096 over_Calloc=0
  warn  M=1     N=65536    inf          under_K=1 over_Calloc=0
  warn  M=2     N=65536    inf          under_K=2 over_Calloc=0
  warn  M=4     N=65536    inf          under_K=4 over_Calloc=0
  warn  M=8     N=65536    inf          under_K=8 over_Calloc=0
  warn  M=16    N=65536    inf          under_K=16 over_Calloc=0
  warn  M=32    N=65536    inf          under_K=32 over_Calloc=0
  warn  M=64    N=65536    inf          under_K=64 over_Calloc=0
  warn  M=128   N=65536    inf          under_K=128 over_Calloc=0
  warn  M=256   N=65536    inf          under_K=256 over_Calloc=0
  warn  M=512   N=65536    inf          under_K=512 over_Calloc=0
  warn  M=1024  N=65536    inf          under_K=1024 over_Calloc=0
  warn  M=2048  N=65536    inf          under_K=2048 over_Calloc=0
  warn  M=4096  N=65536    inf          under_K=4096 over_Calloc=0
  warn  M=1     N=65536    inf          under_K=1 over_Calloc=0
  warn  M=2     N=65536    inf          under_K=2 over_Calloc=0
  warn  M=4     N=65536    inf          under_K=4 over_Calloc=0
  warn  M=8     N=65536    inf          under_K=8 over_Calloc=0
  warn  M=16    N=65536    inf          under_K=16 over_Calloc=0
  warn  M=32    N=65536    inf          under_K=32 over_Calloc=0
  warn  M=64    N=65536    inf          under_K=64 over_Calloc=0
  warn  M=128   N=65536    inf          under_K=128 over_Calloc=0
  warn  M=256   N=65536    inf          under_K=256 over_Calloc=0
  warn  M=512   N=65536    inf          under_K=512 over_Calloc=0
  warn  M=1024  N=65536    inf          under_K=1024 over_Calloc=0
  warn  M=2048  N=65536    inf          under_K=2048 over_Calloc=0
  warn  M=4096  N=65536    inf          under_K=4096 over_Calloc=0
  warn  M=1     N=131072   inf          under_K=1 over_Calloc=0
  warn  M=2     N=131072   inf          under_K=2 over_Calloc=0
  warn  M=4     N=131072   inf          under_K=4 over_Calloc=0
  warn  M=8     N=131072   inf          under_K=8 over_Calloc=0
  warn  M=16    N=131072   inf          under_K=16 over_Calloc=0
  warn  M=32    N=131072   inf          under_K=32 over_Calloc=0
  warn  M=64    N=131072   inf          under_K=64 over_Calloc=0
  warn  M=128   N=131072   inf          under_K=128 over_Calloc=0
  warn  M=256   N=131072   inf          under_K=256 over_Calloc=0
  warn  M=512   N=131072   inf          under_K=512 over_Calloc=0
  warn  M=1024  N=131072   inf          under_K=1024 over_Calloc=0
  warn  M=2048  N=131072   inf          under_K=2048 over_Calloc=0
  warn  M=4096  N=131072   inf          under_K=4096 over_Calloc=0
  warn  M=64    N=131136   inf          under_K=16 over_Calloc=0
  warn  M=64    N=131136   inf          under_K=12 over_Calloc=12
  warn  M=256   N=131328   inf          under_K=256 over_Calloc=0
  warn  M=1024  N=132096   inf          under_K=400 over_Calloc=0
  warn  M=4096  N=135168   inf          under_K=1536 over_Calloc=0
  FAIL  rowStarts M=256   N=131072   K=2048  prefix=131072  stride=64  inf          HIP error 700 (an illegal memory access was encountered) at benchmark_topk.hip.cpp:1572
  warn  M=1     N=262144   adversarial  under_K=0 over_Calloc=1
  warn  M=2     N=262144   adversarial  under_K=0 over_Calloc=2
  warn  M=4     N=262144   adversarial  under_K=0 over_Calloc=4
  warn  M=8     N=262144   adversarial  under_K=0 over_Calloc=8
  warn  M=16    N=262144   adversarial  under_K=0 over_Calloc=16
  warn  M=32    N=262144   adversarial  under_K=0 over_Calloc=32
  warn  M=64    N=262144   adversarial  under_K=0 over_Calloc=64
  warn  M=128   N=262144   adversarial  under_K=0 over_Calloc=128
  warn  M=256   N=262144   adversarial  under_K=0 over_Calloc=256
  warn  M=512   N=262144   adversarial  under_K=0 over_Calloc=512
  warn  M=1024  N=262144   adversarial  under_K=0 over_Calloc=1024
  warn  M=2048  N=262144   adversarial  under_K=0 over_Calloc=2048
  warn  M=4096  N=262144   adversarial  under_K=0 over_Calloc=4096
  warn  M=1     N=524288   adversarial  under_K=0 over_Calloc=1
  warn  M=2     N=524288   adversarial  under_K=0 over_Calloc=2
  warn  M=4     N=524288   adversarial  under_K=0 over_Calloc=4
  warn  M=8     N=524288   adversarial  under_K=0 over_Calloc=8
  warn  M=16    N=524288   adversarial  under_K=0 over_Calloc=16
  warn  M=32    N=524288   adversarial  under_K=0 over_Calloc=32
  warn  M=64    N=524288   adversarial  under_K=0 over_Calloc=64
  warn  M=128   N=524288   adversarial  under_K=0 over_Calloc=128
  warn  M=256   N=524288   adversarial  under_K=0 over_Calloc=256
  warn  M=512   N=524288   adversarial  under_K=0 over_Calloc=512
  warn  M=1024  N=524288   adversarial  under_K=0 over_Calloc=1024
  warn  M=2048  N=524288   adversarial  under_K=0 over_Calloc=2048
  warn  M=4096  N=524288   adversarial  under_K=0 over_Calloc=4096
  warn  M=1     N=1048576  adversarial  under_K=0 over_Calloc=1
  warn  M=2     N=1048576  adversarial  under_K=0 over_Calloc=2
  warn  M=4     N=1048576  adversarial  under_K=0 over_Calloc=4
  warn  M=8     N=1048576  adversarial  under_K=0 over_Calloc=8
  warn  M=16    N=1048576  adversarial  under_K=0 over_Calloc=16
  warn  M=32    N=1048576  adversarial  under_K=0 over_Calloc=32
  warn  M=64    N=1048576  adversarial  under_K=0 over_Calloc=64
  warn  M=128   N=1048576  adversarial  under_K=0 over_Calloc=128
  warn  M=256   N=1048576  adversarial  under_K=0 over_Calloc=256
  warn  M=512   N=1048576  adversarial  under_K=0 over_Calloc=512
  warn  M=1024  N=1048576  adversarial  under_K=0 over_Calloc=1024
CORRECTNESS GATE FAILED

  warn  M=2048  N=1048576  adversarial  under_K=0 over_Calloc=2048
  warn  M=4096  N=1048576  adversarial  under_K=0 over_Calloc=4096
  warn  M=1     N=1048576  adversarial  under_K=0 over_Calloc=1
  warn  M=2     N=1048576  adversarial  under_K=0 over_Calloc=2
  warn  M=4     N=1048576  adversarial  under_K=0 over_Calloc=4
  warn  M=8     N=1048576  adversarial  under_K=0 over_Calloc=8
  warn  M=16    N=1048576  adversarial  under_K=0 over_Calloc=16
  warn  M=32    N=1048576  adversarial  under_K=0 over_Calloc=32
  warn  M=64    N=1048576  adversarial  under_K=0 over_Calloc=64
  warn  M=128   N=1048576  adversarial  under_K=0 over_Calloc=128
  warn  M=256   N=1048576  adversarial  under_K=0 over_Calloc=256
  warn  M=512   N=1048576  adversarial  under_K=0 over_Calloc=512
  warn  M=1024  N=1048576  adversarial  under_K=0 over_Calloc=1024
  warn  M=2048  N=1048576  adversarial  under_K=0 over_Calloc=2048
  warn  M=4096  N=1048576  adversarial  under_K=0 over_Calloc=4096
  warn  M=1     N=524288   adversarial  under_K=0 over_Calloc=1
  warn  M=2     N=524288   adversarial  under_K=0 over_Calloc=2
  warn  M=4     N=524288   adversarial  under_K=0 over_Calloc=4
  warn  M=8     N=524288   adversarial  under_K=0 over_Calloc=8
  warn  M=16    N=524288   adversarial  under_K=0 over_Calloc=16
  warn  M=32    N=524288   adversarial  under_K=0 over_Calloc=32
  warn  M=64    N=524288   adversarial  under_K=0 over_Calloc=64
  warn  M=128   N=524288   adversarial  under_K=0 over_Calloc=128
  warn  M=256   N=524288   adversarial  under_K=0 over_Calloc=256
  warn  M=512   N=524288   adversarial  under_K=0 over_Calloc=512
  warn  M=1024  N=524288   adversarial  under_K=0 over_Calloc=1024
  warn  M=2048  N=524288   adversarial  under_K=0 over_Calloc=2048
  warn  M=4096  N=524288   adversarial  under_K=0 over_Calloc=4096
  warn  M=1     N=1048576  adversarial  under_K=0 over_Calloc=1
  warn  M=2     N=1048576  adversarial  under_K=0 over_Calloc=2
  warn  M=4     N=1048576  adversarial  under_K=0 over_Calloc=4
  warn  M=8     N=1048576  adversarial  under_K=0 over_Calloc=8
  warn  M=16    N=1048576  adversarial  under_K=0 over_Calloc=16
  warn  M=32    N=1048576  adversarial  under_K=0 over_Calloc=32
  warn  M=64    N=1048576  adversarial  under_K=0 over_Calloc=64
  warn  M=128   N=1048576  adversarial  under_K=0 over_Calloc=128
  warn  M=256   N=1048576  adversarial  under_K=0 over_Calloc=256
  warn  M=512   N=1048576  adversarial  under_K=0 over_Calloc=512
  warn  M=1024  N=1048576  adversarial  under_K=0 over_Calloc=1024
  warn  M=2048  N=1048576  adversarial  under_K=0 over_Calloc=2048
  warn  M=4096  N=1048576  adversarial  under_K=0 over_Calloc=4096
  warn  M=64    N=131136   adversarial  under_K=0 over_Calloc=7
  warn  M=1024  N=132096   adversarial  under_K=0 over_Calloc=992
  warn  M=4096  N=135168   adversarial  under_K=0 over_Calloc=4096
  FAIL  rowStarts M=256   N=131072   K=2048  prefix=131072  stride=64  adversarial  HIP error 700 (an illegal memory access was encountered) at benchmark_topk.hip.cpp:1572

  passed   2135
  failed   5
  warnings 409 (sampling off, exact fallback covered it)
