=== correctness gate: 587 uniform + 13 ragged + 11 values + 6 rowStarts shapes x 5 distribution(s) ===
  warn  M=256   N=458752   uniform      under_K=0 over_Calloc=1
  warn  M=1024  N=458752   uniform      under_K=0 over_Calloc=2
  warn  M=4096  N=458752   uniform      under_K=0 over_Calloc=5
  warn  M=1024  N=458752   gaussian     under_K=0 over_Calloc=1
  warn  M=4096  N=458752   gaussian     under_K=0 over_Calloc=10
  warn  M=4096  N=65532    gaussian     under_K=1 over_Calloc=0
  warn  M=512   N=16384    equal        under_K=0 over_Calloc=512
  warn  M=1024  N=16384    equal        under_K=0 over_Calloc=1024
  warn  M=2048  N=16384    equal        under_K=0 over_Calloc=2048
  warn  M=4096  N=16384    equal        under_K=0 over_Calloc=4096
  warn  M=1     N=32768    equal        under_K=0 over_Calloc=1
  warn  M=2     N=32768    equal        under_K=0 over_Calloc=2
  warn  M=4     N=32768    equal        under_K=0 over_Calloc=4
  warn  M=8     N=32768    equal        under_K=0 over_Calloc=8
  warn  M=16    N=32768    equal        under_K=0 over_Calloc=16
  warn  M=32    N=32768    equal        under_K=0 over_Calloc=32
  warn  M=64    N=32768    equal        under_K=0 over_Calloc=64
  warn  M=128   N=32768    equal        under_K=0 over_Calloc=128
  warn  M=256   N=32768    equal        under_K=0 over_Calloc=256
  warn  M=512   N=32768    equal        under_K=0 over_Calloc=512
  warn  M=1024  N=32768    equal        under_K=0 over_Calloc=1024
  warn  M=2048  N=32768    equal        under_K=0 over_Calloc=2048
  warn  M=4096  N=32768    equal        under_K=0 over_Calloc=4096
  warn  M=1     N=65536    equal        under_K=0 over_Calloc=1
  warn  M=2     N=65536    equal        under_K=0 over_Calloc=2
  warn  M=4     N=65536    equal        under_K=0 over_Calloc=4
  warn  M=8     N=65536    equal        under_K=0 over_Calloc=8
  warn  M=16    N=65536    equal        under_K=0 over_Calloc=16
  warn  M=32    N=65536    equal        under_K=0 over_Calloc=32
  warn  M=64    N=65536    equal        under_K=0 over_Calloc=64
  warn  M=128   N=65536    equal        under_K=0 over_Calloc=128
  warn  M=256   N=65536    equal        under_K=0 over_Calloc=256
  warn  M=512   N=65536    equal        under_K=0 over_Calloc=512
  warn  M=1024  N=65536    equal        under_K=0 over_Calloc=1024
  warn  M=2048  N=65536    equal        under_K=0 over_Calloc=2048
  warn  M=4096  N=65536    equal        under_K=0 over_Calloc=4096
  warn  M=1     N=131072   equal        under_K=0 over_Calloc=1
  warn  M=2     N=131072   equal        under_K=0 over_Calloc=2
  warn  M=4     N=131072   equal        under_K=0 over_Calloc=4
  warn  M=8     N=131072   equal        under_K=0 over_Calloc=8
  warn  M=16    N=131072   equal        under_K=0 over_Calloc=16
  warn  M=32    N=131072   equal        under_K=0 over_Calloc=32
  warn  M=64    N=131072   equal        under_K=0 over_Calloc=64
  warn  M=128   N=131072   equal        under_K=0 over_Calloc=128
  warn  M=256   N=131072   equal        under_K=0 over_Calloc=256
  warn  M=512   N=131072   equal        under_K=0 over_Calloc=512
  warn  M=1024  N=131072   equal        under_K=0 over_Calloc=1024
  warn  M=2048  N=131072   equal        under_K=0 over_Calloc=2048
  warn  M=4096  N=131072   equal        under_K=0 over_Calloc=4096
  warn  M=1     N=262144   equal        under_K=0 over_Calloc=1
  warn  M=2     N=262144   equal        under_K=0 over_Calloc=2
  warn  M=4     N=262144   equal        under_K=0 over_Calloc=4
  warn  M=8     N=262144   equal        under_K=0 over_Calloc=8
  warn  M=16    N=262144   equal        under_K=0 over_Calloc=16
  warn  M=32    N=262144   equal        under_K=0 over_Calloc=32
  warn  M=64    N=262144   equal        under_K=0 over_Calloc=64
  warn  M=128   N=262144   equal        under_K=0 over_Calloc=128
  warn  M=256   N=262144   equal        under_K=0 over_Calloc=256
  warn  M=512   N=262144   equal        under_K=0 over_Calloc=512
  warn  M=1024  N=262144   equal        under_K=0 over_Calloc=1024
  warn  M=2048  N=262144   equal        under_K=0 over_Calloc=2048
  warn  M=4096  N=262144   equal        under_K=0 over_Calloc=4096
  warn  M=1     N=524288   equal        under_K=0 over_Calloc=1
  warn  M=2     N=524288   equal        under_K=0 over_Calloc=2
  warn  M=4     N=524288   equal        under_K=0 over_Calloc=4
  warn  M=8     N=524288   equal        under_K=0 over_Calloc=8
  warn  M=16    N=524288   equal        under_K=0 over_Calloc=16
  warn  M=32    N=524288   equal        under_K=0 over_Calloc=32
  warn  M=64    N=524288   equal        under_K=0 over_Calloc=64
  warn  M=128   N=524288   equal        under_K=0 over_Calloc=128
  warn  M=256   N=524288   equal        under_K=0 over_Calloc=256
  warn  M=512   N=524288   equal        under_K=0 over_Calloc=512
  warn  M=1024  N=524288   equal        under_K=0 over_Calloc=1024
  warn  M=2048  N=524288   equal        under_K=0 over_Calloc=2048
  warn  M=4096  N=524288   equal        under_K=0 over_Calloc=4096
  warn  M=1     N=1048576  equal        under_K=0 over_Calloc=1
  warn  M=2     N=1048576  equal        under_K=0 over_Calloc=2
  warn  M=4     N=1048576  equal        under_K=0 over_Calloc=4
  warn  M=8     N=1048576  equal        under_K=0 over_Calloc=8
  warn  M=16    N=1048576  equal        under_K=0 over_Calloc=16
  warn  M=32    N=1048576  equal        under_K=0 over_Calloc=32
  warn  M=64    N=1048576  equal        under_K=0 over_Calloc=64
  warn  M=128   N=1048576  equal        under_K=0 over_Calloc=128
  warn  M=256   N=1048576  equal        under_K=0 over_Calloc=256
  warn  M=512   N=1048576  equal        under_K=0 over_Calloc=512
  warn  M=1024  N=1048576  equal        under_K=0 over_Calloc=1024
  warn  M=2048  N=1048576  equal        under_K=0 over_Calloc=2048
  warn  M=4096  N=1048576  equal        under_K=0 over_Calloc=4096
  warn  M=512   N=16384    equal        under_K=0 over_Calloc=512
  warn  M=1024  N=16384    equal        under_K=0 over_Calloc=1024
  warn  M=2048  N=16384    equal        under_K=0 over_Calloc=2048
  warn  M=4096  N=16384    equal        under_K=0 over_Calloc=4096
  warn  M=1     N=32768    equal        under_K=0 over_Calloc=1
  warn  M=2     N=32768    equal        under_K=0 over_Calloc=2
  warn  M=4     N=32768    equal        under_K=0 over_Calloc=4
  warn  M=8     N=32768    equal        under_K=0 over_Calloc=8
  warn  M=16    N=32768    equal        under_K=0 over_Calloc=16
  warn  M=32    N=32768    equal        under_K=0 over_Calloc=32
  warn  M=64    N=32768    equal        under_K=0 over_Calloc=64
  warn  M=128   N=32768    equal        under_K=0 over_Calloc=128
  warn  M=256   N=32768    equal        under_K=0 over_Calloc=256
  warn  M=512   N=32768    equal        under_K=0 over_Calloc=512
  warn  M=1024  N=32768    equal        under_K=0 over_Calloc=1024
  warn  M=2048  N=32768    equal        under_K=0 over_Calloc=2048
  warn  M=4096  N=32768    equal        under_K=0 over_Calloc=4096
  warn  M=1     N=65536    equal        under_K=0 over_Calloc=1
  warn  M=2     N=65536    equal        under_K=0 over_Calloc=2
  warn  M=4     N=65536    equal        under_K=0 over_Calloc=4
  warn  M=8     N=65536    equal        under_K=0 over_Calloc=8
  warn  M=16    N=65536    equal        under_K=0 over_Calloc=16
  warn  M=32    N=65536    equal        under_K=0 over_Calloc=32
  warn  M=64    N=65536    equal        under_K=0 over_Calloc=64
  warn  M=128   N=65536    equal        under_K=0 over_Calloc=128
  warn  M=256   N=65536    equal        under_K=0 over_Calloc=256
  warn  M=512   N=65536    equal        under_K=0 over_Calloc=512
  warn  M=1024  N=65536    equal        under_K=0 over_Calloc=1024
  warn  M=2048  N=65536    equal        under_K=0 over_Calloc=2048
  warn  M=4096  N=65536    equal        under_K=0 over_Calloc=4096
  warn  M=1     N=131072   equal        under_K=0 over_Calloc=1
  warn  M=2     N=131072   equal        under_K=0 over_Calloc=2
  warn  M=4     N=131072   equal        under_K=0 over_Calloc=4
  warn  M=8     N=131072   equal        under_K=0 over_Calloc=8
  warn  M=16    N=131072   equal        under_K=0 over_Calloc=16
  warn  M=32    N=131072   equal        under_K=0 over_Calloc=32
  warn  M=64    N=131072   equal        under_K=0 over_Calloc=64
  warn  M=128   N=131072   equal        under_K=0 over_Calloc=128
  warn  M=256   N=131072   equal        under_K=0 over_Calloc=256
  warn  M=512   N=131072   equal        under_K=0 over_Calloc=512
  warn  M=1024  N=131072   equal        under_K=0 over_Calloc=1024
  warn  M=2048  N=131072   equal        under_K=0 over_Calloc=2048
  warn  M=4096  N=131072   equal        under_K=0 over_Calloc=4096
  warn  M=1     N=262144   equal        under_K=0 over_Calloc=1
  warn  M=2     N=262144   equal        under_K=0 over_Calloc=2
  warn  M=4     N=262144   equal        under_K=0 over_Calloc=4
  warn  M=8     N=262144   equal        under_K=0 over_Calloc=8
  warn  M=16    N=262144   equal        under_K=0 over_Calloc=16
  warn  M=32    N=262144   equal        under_K=0 over_Calloc=32
  warn  M=64    N=262144   equal        under_K=0 over_Calloc=64
  warn  M=128   N=262144   equal        under_K=0 over_Calloc=128
  warn  M=256   N=262144   equal        under_K=0 over_Calloc=256
  warn  M=512   N=262144   equal        under_K=0 over_Calloc=512
  warn  M=1024  N=262144   equal        under_K=0 over_Calloc=1024
  warn  M=2048  N=262144   equal        under_K=0 over_Calloc=2048
  warn  M=4096  N=262144   equal        under_K=0 over_Calloc=4096
  warn  M=1     N=524288   equal        under_K=0 over_Calloc=1
  warn  M=2     N=524288   equal        under_K=0 over_Calloc=2
  warn  M=4     N=524288   equal        under_K=0 over_Calloc=4
  warn  M=8     N=524288   equal        under_K=0 over_Calloc=8
  warn  M=16    N=524288   equal        under_K=0 over_Calloc=16
  warn  M=32    N=524288   equal        under_K=0 over_Calloc=32
  warn  M=64    N=524288   equal        under_K=0 over_Calloc=64
  warn  M=128   N=524288   equal        under_K=0 over_Calloc=128
  warn  M=256   N=524288   equal        under_K=0 over_Calloc=256
  warn  M=512   N=524288   equal        under_K=0 over_Calloc=512
  warn  M=1024  N=524288   equal        under_K=0 over_Calloc=1024
  warn  M=2048  N=524288   equal        under_K=0 over_Calloc=2048
  warn  M=4096  N=524288   equal        under_K=0 over_Calloc=4096
  warn  M=1     N=1048576  equal        under_K=0 over_Calloc=1
  warn  M=2     N=1048576  equal        under_K=0 over_Calloc=2
  warn  M=4     N=1048576  equal        under_K=0 over_Calloc=4
  warn  M=8     N=1048576  equal        under_K=0 over_Calloc=8
  warn  M=16    N=1048576  equal        under_K=0 over_Calloc=16
  warn  M=32    N=1048576  equal        under_K=0 over_Calloc=32
  warn  M=64    N=1048576  equal        under_K=0 over_Calloc=64
  warn  M=128   N=1048576  equal        under_K=0 over_Calloc=128
  warn  M=256   N=1048576  equal        under_K=0 over_Calloc=256
  warn  M=512   N=1048576  equal        under_K=0 over_Calloc=512
  warn  M=1024  N=1048576  equal        under_K=0 over_Calloc=1024
  warn  M=2048  N=1048576  equal        under_K=0 over_Calloc=2048
  warn  M=4096  N=1048576  equal        under_K=0 over_Calloc=4096
  warn  M=512   N=16384    equal        under_K=0 over_Calloc=512
  warn  M=1024  N=16384    equal        under_K=0 over_Calloc=1024
  warn  M=2048  N=16384    equal        under_K=0 over_Calloc=2048
  warn  M=4096  N=16384    equal        under_K=0 over_Calloc=4096
  warn  M=1     N=32768    equal        under_K=0 over_Calloc=1
  warn  M=2     N=32768    equal        under_K=0 over_Calloc=2
  warn  M=4     N=32768    equal        under_K=0 over_Calloc=4
  warn  M=8     N=32768    equal        under_K=0 over_Calloc=8
  warn  M=16    N=32768    equal        under_K=0 over_Calloc=16
  warn  M=32    N=32768    equal        under_K=0 over_Calloc=32
  warn  M=64    N=32768    equal        under_K=0 over_Calloc=64
  warn  M=128   N=32768    equal        under_K=0 over_Calloc=128
  warn  M=256   N=32768    equal        under_K=0 over_Calloc=256
  warn  M=512   N=32768    equal        under_K=0 over_Calloc=512
  warn  M=1024  N=32768    equal        under_K=0 over_Calloc=1024
  warn  M=2048  N=32768    equal        under_K=0 over_Calloc=2048
  warn  M=4096  N=32768    equal        under_K=0 over_Calloc=4096
  warn  M=1     N=65536    equal        under_K=0 over_Calloc=1
  warn  M=2     N=65536    equal        under_K=0 over_Calloc=2
  warn  M=4     N=65536    equal        under_K=0 over_Calloc=4
  warn  M=8     N=65536    equal        under_K=0 over_Calloc=8
  warn  M=16    N=65536    equal        under_K=0 over_Calloc=16
  warn  M=32    N=65536    equal        under_K=0 over_Calloc=32
  warn  M=64    N=65536    equal        under_K=0 over_Calloc=64
  warn  M=128   N=65536    equal        under_K=0 over_Calloc=128
  warn  M=256   N=65536    equal        under_K=0 over_Calloc=256
  warn  M=512   N=65536    equal        under_K=0 over_Calloc=512
  warn  M=1024  N=65536    equal        under_K=0 over_Calloc=1024
  warn  M=2048  N=65536    equal        under_K=0 over_Calloc=2048
  warn  M=4096  N=65536    equal        under_K=0 over_Calloc=4096
  warn  M=1     N=131072   equal        under_K=0 over_Calloc=1
  warn  M=2     N=131072   equal        under_K=0 over_Calloc=2
  warn  M=4     N=131072   equal        under_K=0 over_Calloc=4
  warn  M=8     N=131072   equal        under_K=0 over_Calloc=8
  warn  M=16    N=131072   equal        under_K=0 over_Calloc=16
  warn  M=32    N=131072   equal        under_K=0 over_Calloc=32
  warn  M=64    N=131072   equal        under_K=0 over_Calloc=64
  warn  M=128   N=131072   equal        under_K=0 over_Calloc=128
  warn  M=256   N=131072   equal        under_K=0 over_Calloc=256
  warn  M=512   N=131072   equal        under_K=0 over_Calloc=512
  warn  M=1024  N=131072   equal        under_K=0 over_Calloc=1024
  warn  M=2048  N=131072   equal        under_K=0 over_Calloc=2048
  warn  M=4096  N=131072   equal        under_K=0 over_Calloc=4096
  warn  M=1     N=262144   equal        under_K=0 over_Calloc=1
  warn  M=2     N=262144   equal        under_K=0 over_Calloc=2
  warn  M=4     N=262144   equal        under_K=0 over_Calloc=4
  warn  M=8     N=262144   equal        under_K=0 over_Calloc=8
  warn  M=16    N=262144   equal        under_K=0 over_Calloc=16
  warn  M=32    N=262144   equal        under_K=0 over_Calloc=32
  warn  M=64    N=262144   equal        under_K=0 over_Calloc=64
  warn  M=128   N=262144   equal        under_K=0 over_Calloc=128
  warn  M=256   N=262144   equal        under_K=0 over_Calloc=256
  warn  M=512   N=262144   equal        under_K=0 over_Calloc=512
  warn  M=1024  N=262144   equal        under_K=0 over_Calloc=1024
  warn  M=2048  N=262144   equal        under_K=0 over_Calloc=2048
  warn  M=4096  N=262144   equal        under_K=0 over_Calloc=4096
  warn  M=1     N=524288   equal        under_K=0 over_Calloc=1
  warn  M=2     N=524288   equal        under_K=0 over_Calloc=2
  warn  M=4     N=524288   equal        under_K=0 over_Calloc=4
  warn  M=8     N=524288   equal        under_K=0 over_Calloc=8
  warn  M=16    N=524288   equal        under_K=0 over_Calloc=16
  warn  M=32    N=524288   equal        under_K=0 over_Calloc=32
  warn  M=64    N=524288   equal        under_K=0 over_Calloc=64
  warn  M=128   N=524288   equal        under_K=0 over_Calloc=128
  warn  M=256   N=524288   equal        under_K=0 over_Calloc=256
  warn  M=512   N=524288   equal        under_K=0 over_Calloc=512
  warn  M=1024  N=524288   equal        under_K=0 over_Calloc=1024
  warn  M=2048  N=524288   equal        under_K=0 over_Calloc=2048
  warn  M=4096  N=524288   equal        under_K=0 over_Calloc=4096
  warn  M=1     N=1048576  equal        under_K=0 over_Calloc=1
  warn  M=2     N=1048576  equal        under_K=0 over_Calloc=2
  warn  M=4     N=1048576  equal        under_K=0 over_Calloc=4
  warn  M=8     N=1048576  equal        under_K=0 over_Calloc=8
  warn  M=16    N=1048576  equal        under_K=0 over_Calloc=16
  warn  M=32    N=1048576  equal        under_K=0 over_Calloc=32
  warn  M=64    N=1048576  equal        under_K=0 over_Calloc=64
  warn  M=128   N=1048576  equal        under_K=0 over_Calloc=128
  warn  M=256   N=1048576  equal        under_K=0 over_Calloc=256
  warn  M=512   N=1048576  equal        under_K=0 over_Calloc=512
  warn  M=1024  N=1048576  equal        under_K=0 over_Calloc=1024
  warn  M=2048  N=1048576  equal        under_K=0 over_Calloc=2048
  warn  M=4096  N=1048576  equal        under_K=0 over_Calloc=4096
  warn  M=64    N=131136   equal        under_K=0 over_Calloc=64
  warn  M=64    N=131136   equal        under_K=0 over_Calloc=64
  warn  M=64    N=131136   equal        under_K=0 over_Calloc=64
  warn  M=256   N=131328   equal        under_K=0 over_Calloc=256
  warn  M=256   N=131328   equal        under_K=0 over_Calloc=256
  warn  M=256   N=131328   equal        under_K=0 over_Calloc=256
  warn  M=1024  N=132096   equal        under_K=0 over_Calloc=1024
  warn  M=1024  N=132096   equal        under_K=0 over_Calloc=1024
  warn  M=1024  N=132096   equal        under_K=0 over_Calloc=1024
  warn  M=4096  N=135168   equal        under_K=0 over_Calloc=4096
  warn  M=4096  N=135168   equal        under_K=0 over_Calloc=4096
  warn  M=4096  N=135168   equal        under_K=0 over_Calloc=4096
  warn  M=1     N=49152    equal        under_K=0 over_Calloc=1
  warn  M=64    N=49152    equal        under_K=0 over_Calloc=64
  warn  M=256   N=49152    equal        under_K=0 over_Calloc=256
  warn  M=1024  N=49152    equal        under_K=0 over_Calloc=1024
  warn  M=4096  N=49152    equal        under_K=0 over_Calloc=4096
  warn  M=1     N=98304    equal        under_K=0 over_Calloc=1
  warn  M=64    N=98304    equal        under_K=0 over_Calloc=64
  warn  M=256   N=98304    equal        under_K=0 over_Calloc=256
  warn  M=1024  N=98304    equal        under_K=0 over_Calloc=1024
  warn  M=4096  N=98304    equal        under_K=0 over_Calloc=4096
  warn  M=1     N=196608   equal        under_K=0 over_Calloc=1
  warn  M=64    N=196608   equal        under_K=0 over_Calloc=64
  warn  M=256   N=196608   equal        under_K=0 over_Calloc=256
  warn  M=1024  N=196608   equal        under_K=0 over_Calloc=1024
  warn  M=4096  N=196608   equal        under_K=0 over_Calloc=4096
  warn  M=1     N=393216   equal        under_K=0 over_Calloc=1
  warn  M=64    N=393216   equal        under_K=0 over_Calloc=64
  warn  M=256   N=393216   equal        under_K=0 over_Calloc=256
  warn  M=1024  N=393216   equal        under_K=0 over_Calloc=1024
  warn  M=4096  N=393216   equal        under_K=0 over_Calloc=4096
  warn  M=1     N=786432   equal        under_K=0 over_Calloc=1
  warn  M=64    N=786432   equal        under_K=0 over_Calloc=64
  warn  M=256   N=786432   equal        under_K=0 over_Calloc=256
  warn  M=1024  N=786432   equal        under_K=0 over_Calloc=1024
  warn  M=4096  N=786432   equal        under_K=0 over_Calloc=4096
  warn  M=1     N=163840   equal        under_K=0 over_Calloc=1
  warn  M=64    N=163840   equal        under_K=0 over_Calloc=64
  warn  M=256   N=163840   equal        under_K=0 over_Calloc=256
  warn  M=1024  N=163840   equal        under_K=0 over_Calloc=1024
  warn  M=4096  N=163840   equal        under_K=0 over_Calloc=4096
  warn  M=1     N=229376   equal        under_K=0 over_Calloc=1
  warn  M=64    N=229376   equal        under_K=0 over_Calloc=64
  warn  M=256   N=229376   equal        under_K=0 over_Calloc=256
  warn  M=1024  N=229376   equal        under_K=0 over_Calloc=1024
  warn  M=4096  N=229376   equal        under_K=0 over_Calloc=4096
  warn  M=1     N=327680   equal        under_K=0 over_Calloc=1
  warn  M=64    N=327680   equal        under_K=0 over_Calloc=64
  warn  M=256   N=327680   equal        under_K=0 over_Calloc=256
  warn  M=1024  N=327680   equal        under_K=0 over_Calloc=1024
  warn  M=4096  N=327680   equal        under_K=0 over_Calloc=4096
  warn  M=1     N=458752   equal        under_K=0 over_Calloc=1
  warn  M=64    N=458752   equal        under_K=0 over_Calloc=64
  warn  M=256   N=458752   equal        under_K=0 over_Calloc=256
  warn  M=1024  N=458752   equal        under_K=0 over_Calloc=1024
  warn  M=4096  N=458752   equal        under_K=0 over_Calloc=4096
  warn  M=1     N=655360   equal        under_K=0 over_Calloc=1
  warn  M=64    N=655360   equal        under_K=0 over_Calloc=64
  warn  M=256   N=655360   equal        under_K=0 over_Calloc=256
  warn  M=1024  N=655360   equal        under_K=0 over_Calloc=1024
  warn  M=4096  N=655360   equal        under_K=0 over_Calloc=4096
  warn  M=1     N=917504   equal        under_K=0 over_Calloc=1
  warn  M=64    N=917504   equal        under_K=0 over_Calloc=64
  warn  M=256   N=917504   equal        under_K=0 over_Calloc=256
  warn  M=1024  N=917504   equal        under_K=0 over_Calloc=1024
  warn  M=4096  N=917504   equal        under_K=0 over_Calloc=4096
  warn  M=1     N=73728    equal        under_K=0 over_Calloc=1
  warn  M=64    N=73728    equal        under_K=0 over_Calloc=64
  warn  M=256   N=73728    equal        under_K=0 over_Calloc=256
  warn  M=1024  N=73728    equal        under_K=0 over_Calloc=1024
  warn  M=4096  N=73728    equal        under_K=0 over_Calloc=4096
  warn  M=1     N=81920    equal        under_K=0 over_Calloc=1
  warn  M=64    N=81920    equal        under_K=0 over_Calloc=64
  warn  M=256   N=81920    equal        under_K=0 over_Calloc=256
  warn  M=1024  N=81920    equal        under_K=0 over_Calloc=1024
  warn  M=4096  N=81920    equal        under_K=0 over_Calloc=4096
  warn  M=1     N=65532    equal        under_K=0 over_Calloc=1
  warn  M=64    N=65532    equal        under_K=0 over_Calloc=64
  warn  M=256   N=65532    equal        under_K=0 over_Calloc=256
  warn  M=1024  N=65532    equal        under_K=0 over_Calloc=1024
  warn  M=4096  N=65532    equal        under_K=0 over_Calloc=4096
  warn  M=1     N=131068   equal        under_K=0 over_Calloc=1
  warn  M=64    N=131068   equal        under_K=0 over_Calloc=64
  warn  M=256   N=131068   equal        under_K=0 over_Calloc=256
  warn  M=1024  N=131068   equal        under_K=0 over_Calloc=1024
  warn  M=4096  N=131068   equal        under_K=0 over_Calloc=4096
  warn  M=1     N=262140   equal        under_K=0 over_Calloc=1
  warn  M=64    N=262140   equal        under_K=0 over_Calloc=64
  warn  M=256   N=262140   equal        under_K=0 over_Calloc=256
  warn  M=1024  N=262140   equal        under_K=0 over_Calloc=1024
  warn  M=4096  N=262140   equal        under_K=0 over_Calloc=4096
  warn  M=1     N=524284   equal        under_K=0 over_Calloc=1
  warn  M=64    N=524284   equal        under_K=0 over_Calloc=64
  warn  M=256   N=524284   equal        under_K=0 over_Calloc=256
  warn  M=1024  N=524284   equal        under_K=0 over_Calloc=1024
  warn  M=4096  N=524284   equal        under_K=0 over_Calloc=4096
  warn  M=1     N=1048572  equal        under_K=0 over_Calloc=1
  warn  M=64    N=1048572  equal        under_K=0 over_Calloc=64
  warn  M=256   N=1048572  equal        under_K=0 over_Calloc=256
  warn  M=1024  N=1048572  equal        under_K=0 over_Calloc=1024
  warn  M=4096  N=1048572  equal        under_K=0 over_Calloc=4096
  warn  M=1     N=32832    equal        under_K=0 over_Calloc=1
  warn  M=64    N=32832    equal        under_K=0 over_Calloc=64
  warn  M=256   N=32832    equal        under_K=0 over_Calloc=256
  warn  M=1024  N=32832    equal        under_K=0 over_Calloc=1024
  warn  M=4096  N=32832    equal        under_K=0 over_Calloc=4096
  warn  M=1     N=65792    equal        under_K=0 over_Calloc=1
  warn  M=64    N=65792    equal        under_K=0 over_Calloc=64
  warn  M=256   N=65792    equal        under_K=0 over_Calloc=256
  warn  M=1024  N=65792    equal        under_K=0 over_Calloc=1024
  warn  M=4096  N=65792    equal        under_K=0 over_Calloc=4096
  warn  M=1     N=262400   equal        under_K=0 over_Calloc=1
  warn  M=64    N=262400   equal        under_K=0 over_Calloc=64
  warn  M=256   N=262400   equal        under_K=0 over_Calloc=256
  warn  M=1024  N=262400   equal        under_K=0 over_Calloc=1024
  warn  M=4096  N=262400   equal        under_K=0 over_Calloc=4096
  warn  M=1     N=524544   equal        under_K=0 over_Calloc=1
  warn  M=64    N=524544   equal        under_K=0 over_Calloc=64
  warn  M=256   N=524544   equal        under_K=0 over_Calloc=256
  warn  M=1024  N=524544   equal        under_K=0 over_Calloc=1024
  warn  M=4096  N=524544   equal        under_K=0 over_Calloc=4096
  warn  M=1     N=1052672  equal        under_K=0 over_Calloc=1
  warn  M=64    N=1052672  equal        under_K=0 over_Calloc=64
  warn  M=256   N=1052672  equal        under_K=0 over_Calloc=256
  warn  M=1024  N=1052672  equal        under_K=0 over_Calloc=1024
  warn  M=4096  N=1052672  equal        under_K=0 over_Calloc=4096
  warn  M=1024  N=10240    equal        under_K=0 over_Calloc=1024
  warn  M=4096  N=10240    equal        under_K=0 over_Calloc=4096
  warn  M=1024  N=12288    equal        under_K=0 over_Calloc=1024
  warn  M=4096  N=12288    equal        under_K=0 over_Calloc=4096
  warn  M=1     N=20480    equal        under_K=0 over_Calloc=1
  warn  M=64    N=20480    equal        under_K=0 over_Calloc=64
  warn  M=256   N=20480    equal        under_K=0 over_Calloc=256
  warn  M=1024  N=20480    equal        under_K=0 over_Calloc=1024
  warn  M=4096  N=20480    equal        under_K=0 over_Calloc=4096
  warn  M=1     N=24576    equal        under_K=0 over_Calloc=1
  warn  M=64    N=24576    equal        under_K=0 over_Calloc=64
  warn  M=256   N=24576    equal        under_K=0 over_Calloc=256
  warn  M=1024  N=24576    equal        under_K=0 over_Calloc=1024
  warn  M=4096  N=24576    equal        under_K=0 over_Calloc=4096
  warn  M=1     N=294912   equal        under_K=0 over_Calloc=1
  warn  M=64    N=294912   equal        under_K=0 over_Calloc=64
  warn  M=256   N=294912   equal        under_K=0 over_Calloc=256
  warn  M=1024  N=294912   equal        under_K=0 over_Calloc=1024
  warn  M=4096  N=294912   equal        under_K=0 over_Calloc=4096
  warn  M=1     N=491520   equal        under_K=0 over_Calloc=1
  warn  M=64    N=491520   equal        under_K=0 over_Calloc=64
  warn  M=256   N=491520   equal        under_K=0 over_Calloc=256
  warn  M=1024  N=491520   equal        under_K=0 over_Calloc=1024
  warn  M=4096  N=491520   equal        under_K=0 over_Calloc=4096
  warn  M=1024  N=12289    equal        under_K=0 over_Calloc=1024
  warn  M=4096  N=12289    equal        under_K=0 over_Calloc=4096
  warn  M=1     N=32833    equal        under_K=0 over_Calloc=1
  warn  M=64    N=32833    equal        under_K=0 over_Calloc=64
  warn  M=256   N=32833    equal        under_K=0 over_Calloc=256
  warn  M=1024  N=32833    equal        under_K=0 over_Calloc=1024
  warn  M=4096  N=32833    equal        under_K=0 over_Calloc=4096
  warn  M=1     N=65537    equal        under_K=0 over_Calloc=1
  warn  M=64    N=65537    equal        under_K=0 over_Calloc=64
  warn  M=256   N=65537    equal        under_K=0 over_Calloc=256
  warn  M=1024  N=65537    equal        under_K=0 over_Calloc=1024
  warn  M=4096  N=65537    equal        under_K=0 over_Calloc=4096
  warn  M=1     N=131073   equal        under_K=0 over_Calloc=1
  warn  M=64    N=131073   equal        under_K=0 over_Calloc=64
  warn  M=256   N=131073   equal        under_K=0 over_Calloc=256
  warn  M=1024  N=131073   equal        under_K=0 over_Calloc=1024
  warn  M=4096  N=131073   equal        under_K=0 over_Calloc=4096
  warn  M=1     N=131074   equal        under_K=0 over_Calloc=1
  warn  M=64    N=131074   equal        under_K=0 over_Calloc=64
  warn  M=256   N=131074   equal        under_K=0 over_Calloc=256
  warn  M=1024  N=131074   equal        under_K=0 over_Calloc=1024
  warn  M=4096  N=131074   equal        under_K=0 over_Calloc=4096
  warn  M=1     N=131075   equal        under_K=0 over_Calloc=1
  warn  M=64    N=131075   equal        under_K=0 over_Calloc=64
  warn  M=256   N=131075   equal        under_K=0 over_Calloc=256
  warn  M=1024  N=131075   equal        under_K=0 over_Calloc=1024
  warn  M=4096  N=131075   equal        under_K=0 over_Calloc=4096
  warn  M=1     N=196609   equal        under_K=0 over_Calloc=1
  warn  M=64    N=196609   equal        under_K=0 over_Calloc=64
  warn  M=256   N=196609   equal        under_K=0 over_Calloc=256
  warn  M=1024  N=196609   equal        under_K=0 over_Calloc=1024
  warn  M=4096  N=196609   equal        under_K=0 over_Calloc=4096
  warn  M=1     N=1048573  equal        under_K=0 over_Calloc=1
  warn  M=64    N=1048573  equal        under_K=0 over_Calloc=64
  warn  M=256   N=1048573  equal        under_K=0 over_Calloc=256
  warn  M=1024  N=1048573  equal        under_K=0 over_Calloc=1024
  warn  M=4096  N=1048573  equal        under_K=0 over_Calloc=4096
  warn  M=1     N=262144   inf          under_K=0 over_Calloc=1
  warn  M=2     N=262144   inf          under_K=0 over_Calloc=2
  warn  M=4     N=262144   inf          under_K=0 over_Calloc=4
  warn  M=8     N=262144   inf          under_K=0 over_Calloc=8
  warn  M=16    N=262144   inf          under_K=0 over_Calloc=16
  warn  M=32    N=262144   inf          under_K=0 over_Calloc=32
  warn  M=64    N=262144   inf          under_K=64 over_Calloc=0
  warn  M=128   N=262144   inf          under_K=128 over_Calloc=0
  warn  M=256   N=262144   inf          under_K=256 over_Calloc=0
  warn  M=512   N=262144   inf          under_K=512 over_Calloc=0
  warn  M=1024  N=262144   inf          under_K=1024 over_Calloc=0
  warn  M=2048  N=262144   inf          under_K=2048 over_Calloc=0
  warn  M=4096  N=262144   inf          under_K=4096 over_Calloc=0
  warn  M=1     N=1048576  inf          under_K=0 over_Calloc=1
  warn  M=2     N=1048576  inf          under_K=0 over_Calloc=2
  warn  M=4     N=1048576  inf          under_K=0 over_Calloc=4
  warn  M=8     N=1048576  inf          under_K=0 over_Calloc=8
  warn  M=16    N=1048576  inf          under_K=0 over_Calloc=16
  warn  M=32    N=1048576  inf          under_K=0 over_Calloc=32
  warn  M=64    N=32768    inf          under_K=64 over_Calloc=0
  warn  M=128   N=32768    inf          under_K=128 over_Calloc=0
  warn  M=256   N=32768    inf          under_K=256 over_Calloc=0
  warn  M=512   N=32768    inf          under_K=512 over_Calloc=0
  warn  M=1024  N=32768    inf          under_K=1024 over_Calloc=0
  warn  M=2048  N=32768    inf          under_K=2048 over_Calloc=0
  warn  M=4096  N=32768    inf          under_K=4096 over_Calloc=0
  warn  M=64    N=65536    inf          under_K=64 over_Calloc=0
  warn  M=128   N=65536    inf          under_K=128 over_Calloc=0
  warn  M=256   N=65536    inf          under_K=256 over_Calloc=0
  warn  M=512   N=65536    inf          under_K=512 over_Calloc=0
  warn  M=1024  N=65536    inf          under_K=1024 over_Calloc=0
  warn  M=2048  N=65536    inf          under_K=2048 over_Calloc=0
  warn  M=4096  N=65536    inf          under_K=4096 over_Calloc=0
  warn  M=64    N=65536    inf          under_K=64 over_Calloc=0
  warn  M=128   N=65536    inf          under_K=128 over_Calloc=0
  warn  M=256   N=65536    inf          under_K=256 over_Calloc=0
  warn  M=512   N=65536    inf          under_K=512 over_Calloc=0
  warn  M=1024  N=65536    inf          under_K=1024 over_Calloc=0
  warn  M=2048  N=65536    inf          under_K=2048 over_Calloc=0
  warn  M=4096  N=65536    inf          under_K=4096 over_Calloc=0
  warn  M=1     N=131072   inf          under_K=0 over_Calloc=1
  warn  M=2     N=131072   inf          under_K=0 over_Calloc=2
  warn  M=4     N=131072   inf          under_K=0 over_Calloc=4
  warn  M=8     N=131072   inf          under_K=0 over_Calloc=8
  warn  M=16    N=131072   inf          under_K=0 over_Calloc=16
  warn  M=32    N=131072   inf          under_K=0 over_Calloc=32
  warn  M=64    N=131072   inf          under_K=64 over_Calloc=0
  warn  M=128   N=131072   inf          under_K=128 over_Calloc=0
  warn  M=256   N=131072   inf          under_K=256 over_Calloc=0
  warn  M=512   N=131072   inf          under_K=512 over_Calloc=0
  warn  M=1024  N=131072   inf          under_K=1024 over_Calloc=0
  warn  M=2048  N=131072   inf          under_K=2048 over_Calloc=0
  warn  M=4096  N=131072   inf          under_K=4096 over_Calloc=0
  warn  M=64    N=131136   inf          under_K=16 over_Calloc=0
  warn  M=64    N=131136   inf          under_K=12 over_Calloc=12
  warn  M=256   N=131328   inf          under_K=256 over_Calloc=0
  warn  M=1024  N=132096   inf          under_K=400 over_Calloc=0
  warn  M=4096  N=135168   inf          under_K=1536 over_Calloc=0
  warn  M=64    N=49152    inf          under_K=16 over_Calloc=0
  warn  M=256   N=49152    inf          under_K=64 over_Calloc=0
  warn  M=1024  N=49152    inf          under_K=256 over_Calloc=0
  warn  M=4096  N=49152    inf          under_K=1024 over_Calloc=0
  warn  M=1     N=98304    inf          under_K=1 over_Calloc=0
  warn  M=64    N=196608   inf          under_K=64 over_Calloc=0
  warn  M=256   N=196608   inf          under_K=256 over_Calloc=0
  warn  M=1024  N=196608   inf          under_K=1024 over_Calloc=0
  warn  M=4096  N=196608   inf          under_K=4096 over_Calloc=0
  warn  M=1     N=393216   inf          under_K=1 over_Calloc=0
  warn  M=64    N=393216   inf          under_K=64 over_Calloc=0
  warn  M=256   N=393216   inf          under_K=256 over_Calloc=0
  warn  M=1024  N=393216   inf          under_K=1024 over_Calloc=0
  warn  M=4096  N=393216   inf          under_K=4096 over_Calloc=0
  warn  M=1     N=786432   inf          under_K=0 over_Calloc=1
  warn  M=1     N=163840   inf          under_K=1 over_Calloc=0
  warn  M=64    N=229376   inf          under_K=64 over_Calloc=0
  warn  M=256   N=229376   inf          under_K=256 over_Calloc=0
  warn  M=1024  N=229376   inf          under_K=1024 over_Calloc=0
  warn  M=4096  N=229376   inf          under_K=4096 over_Calloc=0
  warn  M=1     N=327680   inf          under_K=1 over_Calloc=0
  warn  M=64    N=327680   inf          under_K=64 over_Calloc=0
  warn  M=256   N=327680   inf          under_K=256 over_Calloc=0
  warn  M=1024  N=327680   inf          under_K=1024 over_Calloc=0
  warn  M=4096  N=327680   inf          under_K=4096 over_Calloc=0
  warn  M=64    N=458752   inf          under_K=64 over_Calloc=0
  warn  M=256   N=458752   inf          under_K=256 over_Calloc=0
  warn  M=1024  N=458752   inf          under_K=1024 over_Calloc=0
  warn  M=4096  N=458752   inf          under_K=4096 over_Calloc=0
  warn  M=1     N=655360   inf          under_K=0 over_Calloc=1
  warn  M=1     N=81920    inf          under_K=1 over_Calloc=0
  warn  M=256   N=524284   inf          under_K=0 over_Calloc=56
  warn  M=1024  N=524284   inf          under_K=0 over_Calloc=194
  warn  M=4096  N=524284   inf          under_K=0 over_Calloc=776
  warn  M=1     N=1048572  inf          under_K=0 over_Calloc=1
  warn  M=256   N=1048572  inf          under_K=0 over_Calloc=177
  warn  M=1024  N=1048572  inf          under_K=0 over_Calloc=705
  warn  M=4096  N=1048572  inf          under_K=0 over_Calloc=2820
  warn  M=1     N=262400   inf          under_K=0 over_Calloc=1
  warn  M=64    N=262400   inf          under_K=64 over_Calloc=0
  warn  M=256   N=262400   inf          under_K=256 over_Calloc=0
  warn  M=1024  N=262400   inf          under_K=1024 over_Calloc=0
  warn  M=4096  N=262400   inf          under_K=4096 over_Calloc=0
  warn  M=1     N=524544   inf          under_K=0 over_Calloc=1
  warn  M=64    N=294912   inf          under_K=32 over_Calloc=0
  warn  M=256   N=294912   inf          under_K=128 over_Calloc=0
  warn  M=1024  N=294912   inf          under_K=512 over_Calloc=0
  warn  M=4096  N=294912   inf          under_K=2048 over_Calloc=0
  warn  M=1     N=491520   inf          under_K=1 over_Calloc=0
  warn  M=64    N=491520   inf          under_K=64 over_Calloc=0
  warn  M=256   N=491520   inf          under_K=256 over_Calloc=0
  warn  M=1024  N=491520   inf          under_K=1024 over_Calloc=0
  warn  M=4096  N=491520   inf          under_K=4096 over_Calloc=0
  warn  M=256   N=65537    inf          under_K=17 over_Calloc=0
  warn  M=1024  N=65537    inf          under_K=158 over_Calloc=0
  warn  M=4096  N=65537    inf          under_K=632 over_Calloc=0
  warn  M=64    N=131073   inf          under_K=0 over_Calloc=63
  warn  M=256   N=131073   inf          under_K=39 over_Calloc=192
  warn  M=1024  N=131073   inf          under_K=206 over_Calloc=192
  warn  M=4096  N=131073   inf          under_K=824 over_Calloc=768
  warn  M=64    N=131074   inf          under_K=0 over_Calloc=63
  warn  M=256   N=131074   inf          under_K=51 over_Calloc=96
  warn  M=1024  N=131074   inf          under_K=206 over_Calloc=192
  warn  M=4096  N=131074   inf          under_K=824 over_Calloc=768
  warn  M=64    N=131075   inf          under_K=0 over_Calloc=63
  warn  M=256   N=131075   inf          under_K=55 over_Calloc=64
  warn  M=1024  N=131075   inf          under_K=206 over_Calloc=192
  warn  M=4096  N=131075   inf          under_K=824 over_Calloc=768
  warn  M=64    N=196609   inf          under_K=1 over_Calloc=0
  warn  M=256   N=196609   inf          under_K=64 over_Calloc=0
  warn  M=1024  N=196609   inf          under_K=559 over_Calloc=0
  warn  M=4096  N=196609   inf          under_K=2236 over_Calloc=0
  warn  M=1     N=1048573  inf          under_K=0 over_Calloc=1
  warn  M=256   N=1048573  inf          under_K=0 over_Calloc=150
  warn  M=1024  N=1048573  inf          under_K=0 over_Calloc=918
  warn  M=4096  N=1048573  inf          under_K=0 over_Calloc=2820
  warn  M=1     N=262144   adversarial  under_K=0 over_Calloc=1
  warn  M=2     N=262144   adversarial  under_K=0 over_Calloc=2
  warn  M=4     N=262144   adversarial  under_K=0 over_Calloc=4
  warn  M=8     N=262144   adversarial  under_K=0 over_Calloc=8
  warn  M=16    N=262144   adversarial  under_K=0 over_Calloc=16
  warn  M=32    N=262144   adversarial  under_K=0 over_Calloc=32
  warn  M=64    N=262144   adversarial  under_K=0 over_Calloc=64
  warn  M=128   N=262144   adversarial  under_K=0 over_Calloc=128
  warn  M=256   N=262144   adversarial  under_K=0 over_Calloc=256
  warn  M=512   N=262144   adversarial  under_K=0 over_Calloc=512
  warn  M=1024  N=262144   adversarial  under_K=0 over_Calloc=1024
  warn  M=2048  N=262144   adversarial  under_K=0 over_Calloc=2048
  warn  M=4096  N=262144   adversarial  under_K=0 over_Calloc=4096
  warn  M=1     N=524288   adversarial  under_K=0 over_Calloc=1
  warn  M=2     N=524288   adversarial  under_K=0 over_Calloc=2
  warn  M=4     N=524288   adversarial  under_K=0 over_Calloc=4
  warn  M=8     N=524288   adversarial  under_K=0 over_Calloc=8
  warn  M=16    N=524288   adversarial  under_K=0 over_Calloc=16
  warn  M=32    N=524288   adversarial  under_K=0 over_Calloc=32
  warn  M=64    N=524288   adversarial  under_K=0 over_Calloc=64
  warn  M=128   N=524288   adversarial  under_K=0 over_Calloc=128
  warn  M=256   N=524288   adversarial  under_K=0 over_Calloc=256
  warn  M=512   N=524288   adversarial  under_K=0 over_Calloc=512
  warn  M=1024  N=524288   adversarial  under_K=0 over_Calloc=1024
  warn  M=2048  N=524288   adversarial  under_K=0 over_Calloc=2048
  warn  M=4096  N=524288   adversarial  under_K=0 over_Calloc=4096
  warn  M=1     N=1048576  adversarial  under_K=0 over_Calloc=1
  warn  M=2     N=1048576  adversarial  under_K=0 over_Calloc=2
  warn  M=4     N=1048576  adversarial  under_K=0 over_Calloc=4
  warn  M=8     N=1048576  adversarial  under_K=0 over_Calloc=8
  warn  M=16    N=1048576  adversarial  under_K=0 over_Calloc=16
  warn  M=32    N=1048576  adversarial  under_K=0 over_Calloc=32
  warn  M=64    N=1048576  adversarial  under_K=0 over_Calloc=64
  warn  M=128   N=1048576  adversarial  under_K=0 over_Calloc=128
  warn  M=256   N=1048576  adversarial  under_K=0 over_Calloc=256
  warn  M=512   N=1048576  adversarial  under_K=0 over_Calloc=512
  warn  M=1024  N=1048576  adversarial  under_K=0 over_Calloc=1024
  warn  M=2048  N=1048576  adversarial  under_K=0 over_Calloc=2048
  warn  M=4096  N=1048576  adversarial  under_K=0 over_Calloc=4096
  warn  M=1     N=262144   adversarial  under_K=0 over_Calloc=1
  warn  M=2     N=262144   adversarial  under_K=0 over_Calloc=2
  warn  M=4     N=262144   adversarial  under_K=0 over_Calloc=4
  warn  M=8     N=262144   adversarial  under_K=0 over_Calloc=8
  warn  M=16    N=262144   adversarial  under_K=0 over_Calloc=16
  warn  M=32    N=262144   adversarial  under_K=0 over_Calloc=32
  warn  M=1     N=524288   adversarial  under_K=0 over_Calloc=1
  warn  M=2     N=524288   adversarial  under_K=0 over_Calloc=2
  warn  M=4     N=524288   adversarial  under_K=0 over_Calloc=4
  warn  M=8     N=524288   adversarial  under_K=0 over_Calloc=8
  warn  M=16    N=524288   adversarial  under_K=0 over_Calloc=16
  warn  M=32    N=524288   adversarial  under_K=0 over_Calloc=32
  warn  M=1     N=1048576  adversarial  under_K=0 over_Calloc=1
  warn  M=2     N=1048576  adversarial  under_K=0 over_Calloc=2
  warn  M=4     N=1048576  adversarial  under_K=0 over_Calloc=4
  warn  M=8     N=1048576  adversarial  under_K=0 over_Calloc=8
  warn  M=16    N=1048576  adversarial  under_K=0 over_Calloc=16
  warn  M=32    N=1048576  adversarial  under_K=0 over_Calloc=32
  warn  M=64    N=1048576  adversarial  under_K=0 over_Calloc=64
  warn  M=128   N=1048576  adversarial  under_K=0 over_Calloc=128
  warn  M=256   N=1048576  adversarial  under_K=0 over_Calloc=256
  warn  M=512   N=1048576  adversarial  under_K=0 over_Calloc=512
  warn  M=1024  N=1048576  adversarial  under_K=0 over_Calloc=1024
  warn  M=2048  N=1048576  adversarial  under_K=0 over_Calloc=2048
  warn  M=4096  N=1048576  adversarial  under_K=0 over_Calloc=4096
  warn  M=1     N=131072   adversarial  under_K=0 over_Calloc=1
  warn  M=2     N=131072   adversarial  under_K=0 over_Calloc=2
  warn  M=4     N=131072   adversarial  under_K=0 over_Calloc=4
  warn  M=8     N=131072   adversarial  under_K=0 over_Calloc=8
  warn  M=16    N=131072   adversarial  under_K=0 over_Calloc=16
  warn  M=32    N=131072   adversarial  under_K=0 over_Calloc=32
  warn  M=1     N=262144   adversarial  under_K=0 over_Calloc=1
  warn  M=2     N=262144   adversarial  under_K=0 over_Calloc=2
  warn  M=4     N=262144   adversarial  under_K=0 over_Calloc=4
  warn  M=8     N=262144   adversarial  under_K=0 over_Calloc=8
  warn  M=16    N=262144   adversarial  under_K=0 over_Calloc=16
  warn  M=32    N=262144   adversarial  under_K=0 over_Calloc=32
  warn  M=1     N=524288   adversarial  under_K=0 over_Calloc=1
  warn  M=2     N=524288   adversarial  under_K=0 over_Calloc=2
  warn  M=4     N=524288   adversarial  under_K=0 over_Calloc=4
  warn  M=8     N=524288   adversarial  under_K=0 over_Calloc=8
  warn  M=16    N=524288   adversarial  under_K=0 over_Calloc=16
  warn  M=32    N=524288   adversarial  under_K=0 over_Calloc=32
  warn  M=64    N=524288   adversarial  under_K=0 over_Calloc=64
  warn  M=128   N=524288   adversarial  under_K=0 over_Calloc=128
  warn  M=256   N=524288   adversarial  under_K=0 over_Calloc=256
  warn  M=512   N=524288   adversarial  under_K=0 over_Calloc=512
  warn  M=1024  N=524288   adversarial  under_K=0 over_Calloc=1024
  warn  M=2048  N=524288   adversarial  under_K=0 over_Calloc=2048
  warn  M=4096  N=524288   adversarial  under_K=0 over_Calloc=4096
  warn  M=1     N=1048576  adversarial  under_K=0 over_Calloc=1
  warn  M=2     N=1048576  adversarial  under_K=0 over_Calloc=2
  warn  M=4     N=1048576  adversarial  under_K=0 over_Calloc=4
  warn  M=8     N=1048576  adversarial  under_K=0 over_Calloc=8
  warn  M=16    N=1048576  adversarial  under_K=0 over_Calloc=16
  warn  M=32    N=1048576  adversarial  under_K=0 over_Calloc=32
  warn  M=64    N=1048576  adversarial  under_K=0 over_Calloc=64
  warn  M=128   N=1048576  adversarial  under_K=0 over_Calloc=128
  warn  M=256   N=1048576  adversarial  under_K=0 over_Calloc=256
  warn  M=512   N=1048576  adversarial  under_K=0 over_Calloc=512
  warn  M=1024  N=1048576  adversarial  under_K=0 over_Calloc=1024
  warn  M=2048  N=1048576  adversarial  under_K=0 over_Calloc=2048
  warn  M=4096  N=1048576  adversarial  under_K=0 over_Calloc=4096
  warn  M=64    N=131136   adversarial  under_K=0 over_Calloc=7
  warn  M=1024  N=132096   adversarial  under_K=0 over_Calloc=992
  warn  M=4096  N=135168   adversarial  under_K=0 over_Calloc=4096
  warn  M=64    N=196608   adversarial  under_K=0 over_Calloc=64
  warn  M=256   N=196608   adversarial  under_K=0 over_Calloc=256
  warn  M=1024  N=196608   adversarial  under_K=0 over_Calloc=1024
  warn  M=4096  N=196608   adversarial  under_K=0 over_Calloc=4096
  warn  M=1     N=393216   adversarial  under_K=0 over_Calloc=1
  warn  M=64    N=393216   adversarial  under_K=0 over_Calloc=64
  warn  M=256   N=393216   adversarial  under_K=0 over_Calloc=256
  warn  M=1024  N=393216   adversarial  under_K=0 over_Calloc=1024
  warn  M=4096  N=393216   adversarial  under_K=0 over_Calloc=4096
  warn  M=1     N=786432   adversarial  under_K=0 over_Calloc=1
  warn  M=64    N=786432   adversarial  under_K=0 over_Calloc=64
  warn  M=256   N=786432   adversarial  under_K=0 over_Calloc=256
  warn  M=1024  N=786432   adversarial  under_K=0 over_Calloc=1024
  warn  M=4096  N=786432   adversarial  under_K=0 over_Calloc=4096
  warn  M=64    N=163840   adversarial  under_K=0 over_Calloc=64
  warn  M=256   N=163840   adversarial  under_K=0 over_Calloc=256
  warn  M=1024  N=163840   adversarial  under_K=0 over_Calloc=1024
  warn  M=4096  N=163840   adversarial  under_K=0 over_Calloc=4096
  warn  M=1     N=229376   adversarial  under_K=0 over_Calloc=1
  warn  M=64    N=229376   adversarial  under_K=0 over_Calloc=64
  warn  M=256   N=229376   adversarial  under_K=0 over_Calloc=256
  warn  M=1024  N=229376   adversarial  under_K=0 over_Calloc=1024
  warn  M=4096  N=229376   adversarial  under_K=0 over_Calloc=4096
  warn  M=1     N=458752   adversarial  under_K=0 over_Calloc=1
  warn  M=64    N=458752   adversarial  under_K=0 over_Calloc=64
  warn  M=256   N=458752   adversarial  under_K=0 over_Calloc=256
  warn  M=1024  N=458752   adversarial  under_K=0 over_Calloc=1024
  warn  M=4096  N=458752   adversarial  under_K=0 over_Calloc=4096
  warn  M=1     N=655360   adversarial  under_K=0 over_Calloc=1
  warn  M=1     N=917504   adversarial  under_K=0 over_Calloc=1
  warn  M=64    N=917504   adversarial  under_K=0 over_Calloc=64
  warn  M=256   N=917504   adversarial  under_K=0 over_Calloc=256
  warn  M=1024  N=917504   adversarial  under_K=0 over_Calloc=1024
  warn  M=4096  N=917504   adversarial  under_K=0 over_Calloc=4096
  warn  M=1     N=262140   adversarial  under_K=0 over_Calloc=1
  warn  M=64    N=262140   adversarial  under_K=0 over_Calloc=52
  warn  M=256   N=262140   adversarial  under_K=0 over_Calloc=244
  warn  M=1024  N=262140   adversarial  under_K=0 over_Calloc=1012
  warn  M=4096  N=262140   adversarial  under_K=0 over_Calloc=4084
  warn  M=1     N=524284   adversarial  under_K=0 over_Calloc=1
  warn  M=256   N=524284   adversarial  under_K=0 over_Calloc=116
  warn  M=1024  N=524284   adversarial  under_K=0 over_Calloc=381
  warn  M=4096  N=524284   adversarial  under_K=0 over_Calloc=1533
  warn  M=1     N=1048572  adversarial  under_K=0 over_Calloc=1
  warn  M=256   N=1048572  adversarial  under_K=0 over_Calloc=176
  warn  M=1024  N=1048572  adversarial  under_K=0 over_Calloc=720
  warn  M=4096  N=1048572  adversarial  under_K=0 over_Calloc=2880
  warn  M=1     N=262400   adversarial  under_K=0 over_Calloc=1
  warn  M=64    N=262400   adversarial  under_K=0 over_Calloc=48
  warn  M=256   N=262400   adversarial  under_K=0 over_Calloc=192
  warn  M=1024  N=262400   adversarial  under_K=0 over_Calloc=768
  warn  M=4096  N=262400   adversarial  under_K=0 over_Calloc=3072
  warn  M=1     N=524544   adversarial  under_K=0 over_Calloc=1
  warn  M=64    N=524544   adversarial  under_K=0 over_Calloc=47
  warn  M=256   N=524544   adversarial  under_K=0 over_Calloc=191
  warn  M=1024  N=524544   adversarial  under_K=0 over_Calloc=764
  warn  M=4096  N=524544   adversarial  under_K=0 over_Calloc=3056
  warn  M=1     N=1052672  adversarial  under_K=0 over_Calloc=1
  warn  M=64    N=1052672  adversarial  under_K=0 over_Calloc=36
  warn  M=256   N=1052672  adversarial  under_K=0 over_Calloc=144
  warn  M=1024  N=1052672  adversarial  under_K=0 over_Calloc=576
  warn  M=4096  N=1052672  adversarial  under_K=0 over_Calloc=2304
  warn  M=1     N=294912   adversarial  under_K=0 over_Calloc=1
  warn  M=64    N=294912   adversarial  under_K=0 over_Calloc=32
  warn  M=256   N=294912   adversarial  under_K=0 over_Calloc=128
  warn  M=1024  N=294912   adversarial  under_K=0 over_Calloc=512
  warn  M=4096  N=294912   adversarial  under_K=0 over_Calloc=2048
  warn  M=1     N=491520   adversarial  under_K=0 over_Calloc=1
  warn  M=4096  N=131073   adversarial  under_K=0 over_Calloc=488
  warn  M=4096  N=131074   adversarial  under_K=0 over_Calloc=1167
  warn  M=1024  N=131075   adversarial  under_K=0 over_Calloc=8
  warn  M=4096  N=131075   adversarial  under_K=0 over_Calloc=1397
  warn  M=64    N=196609   adversarial  under_K=0 over_Calloc=64
  warn  M=256   N=196609   adversarial  under_K=0 over_Calloc=256
  warn  M=1024  N=196609   adversarial  under_K=0 over_Calloc=463
  warn  M=4096  N=196609   adversarial  under_K=0 over_Calloc=2013
  warn  M=1     N=1048573  adversarial  under_K=0 over_Calloc=1
  warn  M=256   N=1048573  adversarial  under_K=0 over_Calloc=149
  warn  M=1024  N=1048573  adversarial  under_K=0 over_Calloc=917
  warn  M=4096  N=1048573  adversarial  under_K=0 over_Calloc=2880

  passed   3085
  failed   0
  warnings 759 (sampling off, exact fallback covered it)

CORRECTNESS GATE PASS
